D/edu.ucla.nesl.sigma.base.SigmaEngine(21932): AGUAcwAuAHAAaQBuAGcAcABvAG4AZwAuAEkAUABpAG4AZwBQAG8AbgBnAFMAZQByAHYAZQByAAAA
D/edu.ucla.nesl.sigma.base.SigmaEngine(21932): AACFKmhzfwEAAAgAAAAIB4dyBQAAAA==
D/edu.ucla.nesl.sigma.base.SigmaEngine(21932): , objects=[URI{_interface=edu.ucla.nesl.sigma.samples.pingpong.IPingPongServer, className=edu.ucla.nesl.sigma.base.SigmaServiceB, offset=116, protocol=LOCAL, type=BINDER, uuid=04de5561-a782-48b1-ae89-1883d9c5a8d1}]}, flags=16}}
D/edu.ucla.nesl.sigma.base.SigmaEngine(21932): binder.transact() -- ping:true, interface:edu.ucla.nesl.sigma.samples.pingpong.IPingPongServer
D/edu.ucla.nesl.sigma.samples.pingpong.PingPongServer(22002): PONG Count = 5[10043,21932]
D/Parcel  (21932): Parcel
D/edu.ucla.nesl.sigma.base.SigmaEngine(21932): serveBinder uri: URI{_interface=edu.ucla.nesl.sigma.samples.pingpong.IPingPongServer, className=edu.ucla.nesl.sigma.base.SigmaServiceA, protocol=LOCAL, type=BINDER, uuid=ff078831-d0b2-4ee9-a7df-477397fefb02}
D/edu.ucla.nesl.sigma.base.SigmaEngine(21972): SRequest{action=BINDER_TRANSACTION, self=URI{className=edu.ucla.nesl.sigma.base.SigmaServiceA, protocol=LOCAL, type=BASE}, target=URI{_interface=edu.ucla.nesl.sigma.samples.pingpong.IPingPongServer, className=edu.ucla.nesl.sigma.base.SigmaServiceB, protocol=LOCAL, type=BINDER, uuid=04de5561-a782-48b1-ae89-1883d9c5a8d1}, transaction_request=STransactionRequest{code=1, data=SParcel{bytes=BAMAADQAAABlAGQAdQAuAHUAYwBsAGEALgBuAGUAcwBsAC4AcwBpAGcAbQBhAC4AcwBhAG0AcABs
D/edu.ucla.nesl.sigma.base.SigmaEngine(21972): AGUAcwAuAHAAaQBuAGcAcABvAG4AZwAuAEkAUABpAG4AZwBQAG8AbgBnAFMAZQByAHYAZQByAAAA
D/edu.ucla.nesl.sigma.base.SigmaEngine(21972): AACFKmhzfwEAAAkAAAAIB4dyBAAAAA==
D/edu.ucla.nesl.sigma.base.SigmaEngine(21972): , objects=[URI{_interface=edu.ucla.nesl.sigma.samples.pingpong.IPingPongServer, className=edu.ucla.nesl.sigma.base.SigmaServiceA, offset=116, protocol=LOCAL, type=BINDER, uuid=ff078831-d0b2-4ee9-a7df-477397fefb02}]}, flags=16}}
D/edu.ucla.nesl.sigma.base.SigmaEngine(21972): binder.transact() -- ping:true, interface:edu.ucla.nesl.sigma.samples.pingpong.IPingPongServer
D/edu.ucla.nesl.sigma.samples.pingpong.PingPongServer(22002): PING Count = 4[10043,21972]
D/Parcel  (21972): Parcel
D/edu.ucla.nesl.sigma.base.SigmaEngine(21972): serveBinder uri: URI{_interface=edu.ucla.nesl.sigma.samples.pingpong.IPingPongServer, className=edu.ucla.nesl.sigma.base.SigmaServiceB, protocol=LOCAL, type=BINDER, uuid=04de5561-a782-48b1-ae89-1883d9c5a8d1}
D/edu.ucla.nesl.sigma.base.SigmaEngine(21932): SRequest{action=BINDER_TRANSACTION, self=URI{className=edu.ucla.nesl.sigma.base.SigmaServiceB, protocol=LOCAL, type=BASE}, target=URI{_interface=edu.ucla.nesl.sigma.samples.pingpong.IPingPongServer, className=edu.ucla.nesl.sigma.base.SigmaServiceA, protocol=LOCAL, type=BINDER, uuid=ff078831-d0b2-4ee9-a7df-477397fefb02}, transaction_request=STransactionRequest{code=2, data=SParcel{bytes=BAMAADQAAABlAGQAdQAuAHUAYwBsAGEALgBuAGUAcwBsAC4AcwBpAGcAbQBhAC4AcwBhAG0AcABs
D/edu.ucla.nesl.sigma.base.SigmaEngine(21932): AGUAcwAuAHAAaQBuAGcAcABvAG4AZwAuAEkAUABpAG4AZwBQAG8AbgBnAFMAZQByAHYAZQByAAAA
D/edu.ucla.nesl.sigma.base.SigmaEngine(21932): AACFKmhzfwEAAAgAAAAIB4dyAwAAAA==
D/edu.ucla.nesl.sigma.base.SigmaEngine(21932): , objects=[URI{_interface=edu.ucla.nesl.sigma.samples.pingpong.IPingPongServer, className=edu.ucla.nesl.sigma.base.SigmaServiceB, offset=116, protocol=LOCAL, type=BINDER, uuid=04de5561-a782-48b1-ae89-1883d9c5a8d1}]}, flags=16}}
D/edu.ucla.nesl.sigma.base.SigmaEngine(21932): binder.transact() -- ping:true, interface:edu.ucla.nesl.sigma.samples.pingpong.IPingPongServer
D/edu.ucla.nesl.sigma.samples.pingpong.PingPongServer(22002): PONG Count = 3[10043,21932]
D/Parcel  (21932): Parcel
D/edu.ucla.nesl.sigma.base.SigmaEngine(21932): serveBinder uri: URI{_interface=edu.ucla.nesl.sigma.samples.pingpong.IPingPongServer, className=edu.ucla.nesl.sigma.base.SigmaServiceA, protocol=LOCAL, type=BINDER, uuid=ff078831-d0b2-4ee9-a7df-477397fefb02}
D/edu.ucla.nesl.sigma.base.SigmaEngine(21972): SRequest{action=BINDER_TRANSACTION, self=URI{className=edu.ucla.nesl.sigma.base.SigmaServiceA, protocol=LOCAL, type=BASE}, target=URI{_interface=edu.ucla.nesl.sigma.samples.pingpong.IPingPongServer, className=edu.ucla.nesl.sigma.base.SigmaServiceB, protocol=LOCAL, type=BINDER, uuid=04de5561-a782-48b1-ae89-1883d9c5a8d1}, transaction_request=STransactionRequest{code=1, data=SParcel{bytes=BAMAADQAAABlAGQAdQAuAHUAYwBsAGEALgBuAGUAcwBsAC4AcwBpAGcAbQBhAC4AcwBhAG0AcABs
D/edu.ucla.nesl.sigma.base.SigmaEngine(21972): AGUAcwAuAHAAaQBuAGcAcABvAG4AZwAuAEkAUABpAG4AZwBQAG8AbgBnAFMAZQByAHYAZQByAAAA
D/edu.ucla.nesl.sigma.base.SigmaEngine(21972): AACFKmhzfwEAAAkAAAAIB4dyAgAAAA==
D/edu.ucla.nesl.sigma.base.SigmaEngine(21972): , objects=[URI{_interface=edu.ucla.nesl.sigma.samples.pingpong.IPingPongServer, className=edu.ucla.nesl.sigma.base.SigmaServiceA, offset=116, protocol=LOCAL, type=BINDER, uuid=ff078831-d0b2-4ee9-a7df-477397fefb02}]}, flags=16}}
D/edu.ucla.nesl.sigma.base.SigmaEngine(21972): binder.transact() -- ping:true, interface:edu.ucla.nesl.sigma.samples.pingpong.IPingPongServer
D/edu.ucla.nesl.sigma.samples.pingpong.PingPongServer(22002): PING Count = 2[10043,21972]
D/Parcel  (21972): Parcel
D/edu.ucla.nesl.sigma.base.SigmaEngine(21972): serveBinder uri: URI{_interface=edu.ucla.nesl.sigma.samples.pingpong.IPingPongServer, className=edu.ucla.nesl.sigma.base.SigmaServiceB, protocol=LOCAL, type=BINDER, uuid=04de5561-a782-48b1-ae89-1883d9c5a8d1}
D/edu.ucla.nesl.sigma.base.SigmaEngine(21932): SRequest{action=BINDER_TRANSACTION, self=URI{className=edu.ucla.nesl.sigma.base.SigmaServiceB, protocol=LOCAL, type=BASE}, target=URI{_interface=edu.ucla.nesl.sigma.samples.pingpong.IPingPongServer, className=edu.ucla.nesl.sigma.base.SigmaServiceA, protocol=LOCAL, type=BINDER, uuid=ff078831-d0b2-4ee9-a7df-477397fefb02}, transaction_request=STransactionRequest{code=2, data=SParcel{bytes=BAMAADQAAABlAGQAdQAuAHUAYwBsAGEALgBuAGUAcwBsAC4AcwBpAGcAbQBhAC4AcwBhAG0AcABs
D/edu.ucla.nesl.sigma.base.SigmaEngine(21932): AGUAcwAuAHAAaQBuAGcAcABvAG4AZwAuAEkAUABpAG4AZwBQAG8AbgBnAFMAZQByAHYAZQByAAAA
D/edu.ucla.nesl.sigma.base.SigmaEngine(21932): AACFKmhzfwEAAAgAAAAIB4dyAQAAAA==
D/edu.ucla.nesl.sigma.base.SigmaEngine(21932): , objects=[URI{_interface=edu.ucla.nesl.sigma.samples.pingpong.IPingPongServer, className=edu.ucla.nesl.sigma.base.SigmaServiceB, offset=116, protocol=LOCAL, type=BINDER, uuid=04de5561-a782-48b1-ae89-1883d9c5a8d1}]}, flags=16}}
D/edu.ucla.nesl.sigma.base.SigmaEngine(21932): binder.transact() -- ping:true, interface:edu.ucla.nesl.sigma.samples.pingpong.IPingPongServer
D/edu.ucla.nesl.sigma.samples.pingpong.PingPongServer(22002): PONG Count = 1[10043,21932]
D/Parcel  (21932): Parcel
D/edu.ucla.nesl.sigma.base.SigmaEngine(21932): serveBinder uri: URI{_interface=edu.ucla.nesl.sigma.samples.pingpong.IPingPongServer, className=edu.ucla.nesl.sigma.base.SigmaServiceA, protocol=LOCAL, type=BINDER, uuid=ff078831-d0b2-4ee9-a7df-477397fefb02}
D/edu.ucla.nesl.sigma.base.SigmaEngine(21972): SRequest{action=BINDER_TRANSACTION, self=URI{className=edu.ucla.nesl.sigma.base.SigmaServiceA, protocol=LOCAL, type=BASE}, target=URI{_interface=edu.ucla.nesl.sigma.samples.pingpong.IPingPongServer, className=edu.ucla.nesl.sigma.base.SigmaServiceB, protocol=LOCAL, type=BINDER, uuid=04de5561-a782-48b1-ae89-1883d9c5a8d1}, transaction_request=STransactionRequest{code=1, data=SParcel{bytes=BAMAADQAAABlAGQAdQAuAHUAYwBsAGEALgBuAGUAcwBsAC4AcwBpAGcAbQBhAC4AcwBhAG0AcABs
D/edu.ucla.nesl.sigma.base.SigmaEngine(21972): AGUAcwAuAHAAaQBuAGcAcABvAG4AZwAuAEkAUABpAG4AZwBQAG8AbgBnAFMAZQByAHYAZQByAAAA
D/edu.ucla.nesl.sigma.base.SigmaEngine(21972): AACFKmhzfwEAAAkAAAAIB4dyAAAAAA==
D/edu.ucla.nesl.sigma.base.SigmaEngine(21972): , objects=[URI{_interface=edu.ucla.nesl.sigma.samples.pingpong.IPingPongServer, className=edu.ucla.nesl.sigma.base.SigmaServiceA, offset=116, protocol=LOCAL, type=BINDER, uuid=ff078831-d0b2-4ee9-a7df-477397fefb02}]}, flags=16}}
D/edu.ucla.nesl.sigma.base.SigmaEngine(21972): binder.transact() -- ping:true, interface:edu.ucla.nesl.sigma.samples.pingpong.IPingPongServer
D/edu.ucla.nesl.sigma.base.SigmaEngine(21972): SResponse{self=URI{className=edu.ucla.nesl.sigma.base.SigmaServiceB, protocol=LOCAL, type=BASE}, transaction_response=STransactionResponse{_return=true, reply=SParcel{bytes=AAAAAA==
D/edu.ucla.nesl.sigma.base.SigmaEngine(21972): , objects=[]}}, type=BINDER_TRANSACTION_RESPONSE}
D/edu.ucla.nesl.sigma.base.SigmaEngine(21932): SResponse{self=URI{className=edu.ucla.nesl.sigma.base.SigmaServiceA, protocol=LOCAL, type=BASE}, transaction_response=STransactionResponse{_return=true, reply=SParcel{bytes=AAAAAA==
D/edu.ucla.nesl.sigma.base.SigmaEngine(21932): , objects=[]}}, type=BINDER_TRANSACTION_RESPONSE}
D/edu.ucla.nesl.sigma.base.SigmaEngine(21972): SResponse{self=URI{className=edu.ucla.nesl.sigma.base.SigmaServiceB, protocol=LOCAL, type=BASE}, transaction_response=STransactionResponse{_return=true, reply=SParcel{bytes=AAAAAA==
D/edu.ucla.nesl.sigma.base.SigmaEngine(21972): , objects=[]}}, type=BINDER_TRANSACTION_RESPONSE}
D/edu.ucla.nesl.sigma.base.SigmaEngine(21932): SResponse{self=URI{className=edu.ucla.nesl.sigma.base.SigmaServiceA, protocol=LOCAL, type=BASE}, transaction_response=STransactionResponse{_return=true, reply=SParcel{bytes=AAAAAA==
D/edu.ucla.nesl.sigma.base.SigmaEngine(21932): , objects=[]}}, type=BINDER_TRANSACTION_RESPONSE}
D/edu.ucla.nesl.sigma.base.SigmaEngine(21972): SResponse{self=URI{className=edu.ucla.nesl.sigma.base.SigmaServiceB, protocol=LOCAL, type=BASE}, transaction_response=STransactionResponse{_return=true, reply=SParcel{bytes=AAAAAA==
D/edu.ucla.nesl.sigma.base.SigmaEngine(21972): , objects=[]}}, type=BINDER_TRANSACTION_RESPONSE}
D/edu.ucla.nesl.sigma.base.SigmaEngine(21932): SResponse{self=URI{className=edu.ucla.nesl.sigma.base.SigmaServiceA, protocol=LOCAL, type=BASE}, transaction_response=STransactionResponse{_return=true, reply=SParcel{bytes=AAAAAA==
D/edu.ucla.nesl.sigma.base.SigmaEngine(21932): , objects=[]}}, type=BINDER_TRANSACTION_RESPONSE}
D/edu.ucla.nesl.sigma.base.SigmaEngine(21972): SResponse{self=URI{className=edu.ucla.nesl.sigma.base.SigmaServiceB, protocol=LOCAL, type=BASE}, transaction_response=STransactionResponse{_return=true, reply=SParcel{bytes=AAAAAA==
D/edu.ucla.nesl.sigma.base.SigmaEngine(21972): , objects=[]}}, type=BINDER_TRANSACTION_RESPONSE}
D/edu.ucla.nesl.sigma.base.SigmaEngine(21932): SResponse{self=URI{className=edu.ucla.nesl.sigma.base.SigmaServiceA, protocol=LOCAL, type=BASE}, transaction_response=STransactionResponse{_return=true, reply=SParcel{bytes=AAAAAA==
D/edu.ucla.nesl.sigma.base.SigmaEngine(21932): , objects=[]}}, type=BINDER_TRANSACTION_RESPONSE}
D/dalvikvm(21972): GC_CONCURRENT freed 446K, 6% free 8759K/9260K, paused 3ms+3ms, total 28ms
D/edu.ucla.nesl.sigma.base.SigmaEngine(21972): SResponse{self=URI{className=edu.ucla.nesl.sigma.base.SigmaServiceB, protocol=LOCAL, type=BASE}, transaction_response=STransactionResponse{_return=true, reply=SParcel{bytes=AAAAAA==
D/edu.ucla.nesl.sigma.base.SigmaEngine(21972): , objects=[]}}, type=BINDER_TRANSACTION_RESPONSE}
D/edu.ucla.nesl.sigma.base.SigmaEngine(21932): SResponse{self=URI{className=edu.ucla.nesl.sigma.base.SigmaServiceA, protocol=LOCAL, type=BASE}, transaction_response=STransactionResponse{_return=true, reply=SParcel{bytes=AAAAAA==
D/edu.ucla.nesl.sigma.base.SigmaEngine(21932): , objects=[]}}, type=BINDER_TRANSACTION_RESPONSE}
D/edu.ucla.nesl.sigma.base.SigmaEngine(21972): SResponse{self=URI{className=edu.ucla.nesl.sigma.base.SigmaServiceB, protocol=LOCAL, type=BASE}, transaction_response=STransactionResponse{_return=true, reply=SParcel{bytes=AAAAAA==
D/edu.ucla.nesl.sigma.base.SigmaEngine(21972): , objects=[]}}, type=BINDER_TRANSACTION_RESPONSE}
D/edu.ucla.nesl.sigma.samples.TimeStats(21914): TIMERS:
D/edu.ucla.nesl.sigma.samples.TimeStats(21914):       local.connect		time=0.052		calls=3		avg_time=0.017
D/edu.ucla.nesl.sigma.samples.TimeStats(21914):       local.getRandom		time=0.156		calls=30		avg_time=0.005
D/edu.ucla.nesl.sigma.samples.TimeStats(21914):       local.pingPong		time=0.221		calls=3		avg_time=0.074
D/edu.ucla.nesl.sigma.samples.TimeStats(21914):       local.putObject		time=0.199		calls=30		avg_time=0.007
D/edu.ucla.nesl.sigma.base.SigmaEngine(21972): SRequest{action=BINDER_DISCONNECTED, self=URI{className=edu.ucla.nesl.sigma.base.SigmaServiceA, protocol=LOCAL, type=BASE}, target=URI{_interface=edu.ucla.nesl.sigma.samples.pingpong.IPingPongServer, className=edu.ucla.nesl.sigma.base.SigmaServiceB, protocol=LOCAL, type=BINDER, uuid=04de5561-a782-48b1-ae89-1883d9c5a8d1}}
D/edu.ucla.nesl.sigma.base.SigmaEngine(21972): record.activeConnections.isEmpty() -- Discarding BinderRecordedu.ucla.nesl.sigma.samples.pingpong.IPingPongServer
D/edu.ucla.nesl.sigma.base.SigmaEngine(21972): SResponse{self=URI{className=edu.ucla.nesl.sigma.base.SigmaServiceB, protocol=LOCAL, type=BASE}, type=OK}
D/edu.ucla.nesl.sigma.base.SigmaEngine(21972): SRequest{action=BINDER_DISCONNECTED, self=URI{className=edu.ucla.nesl.sigma.base.SigmaServiceA, protocol=LOCAL, type=BASE}, target=URI{_interface=edu.ucla.nesl.sigma.api.ISigmaManager, className=edu.ucla.nesl.sigma.base.SigmaServiceB, protocol=LOCAL, type=BINDER, uuid=f32badb5-71d4-412b-be99-3e1184883483}}
D/edu.ucla.nesl.sigma.base.SigmaEngine(21972): record.activeConnections.isEmpty() -- Discarding BinderRecordedu.ucla.nesl.sigma.api.ISigmaManager
D/edu.ucla.nesl.sigma.base.SigmaEngine(21972): SResponse{self=URI{className=edu.ucla.nesl.sigma.base.SigmaServiceB, protocol=LOCAL, type=BASE}, type=OK}
D/edu.ucla.nesl.sigma.base.SigmaEngine(21932): SRequest{action=BINDER_DISCONNECTED, self=URI{className=edu.ucla.nesl.sigma.base.SigmaServiceB, protocol=LOCAL, type=BASE}, target=URI{_interface=edu.ucla.nesl.sigma.samples.pingpong.IPingPongServer, className=edu.ucla.nesl.sigma.base.SigmaServiceA, protocol=LOCAL, type=BINDER, uuid=ff078831-d0b2-4ee9-a7df-477397fefb02}}
D/edu.ucla.nesl.sigma.base.SigmaEngine(21932): record.activeConnections.isEmpty() -- Discarding BinderRecordedu.ucla.nesl.sigma.samples.pingpong.IPingPongServer
D/edu.ucla.nesl.sigma.base.SigmaEngine(21932): SResponse{self=URI{className=edu.ucla.nesl.sigma.base.SigmaServiceA, protocol=LOCAL, type=BASE}, type=OK}
D/dalvikvm(21914): GC_EXPLICIT freed 9K, 5% free 8900K/9280K, paused 2ms+2ms, total 20ms
D/edu.ucla.nesl.sigma.base.SigmaEngine(21932): onServiceConnected. interface:edu.ucla.nesl.sigma.samples.pingpong.IPingPongServer
D/edu.ucla.nesl.sigma.base.SigmaEngine(21972): SRequest{action=GET_SIGMA_MANAGER, self=URI{className=edu.ucla.nesl.sigma.base.SigmaServiceA, protocol=LOCAL, type=BASE}, target=URI{className=edu.ucla.nesl.sigma.base.SigmaServiceB, protocol=LOCAL, type=BASE}}
D/edu.ucla.nesl.sigma.base.SigmaEngine(21972): serveBinder uri: URI{_interface=edu.ucla.nesl.sigma.api.ISigmaManager, className=edu.ucla.nesl.sigma.base.SigmaServiceB, protocol=LOCAL, type=BINDER, uuid=4dbedbfa-aca9-4e00-9fb8-046b28616f0f}
D/edu.ucla.nesl.sigma.base.SigmaEngine(21972): SResponse{self=URI{className=edu.ucla.nesl.sigma.base.SigmaServiceB, protocol=LOCAL, type=BASE}, type=URI, uri=URI{_interface=edu.ucla.nesl.sigma.api.ISigmaManager, className=edu.ucla.nesl.sigma.base.SigmaServiceB, protocol=LOCAL, type=BINDER, uuid=4dbedbfa-aca9-4e00-9fb8-046b28616f0f}}
D/edu.ucla.nesl.sigma.base.SigmaEngine(21972): SRequest{action=BINDER_CONNECTED, self=URI{className=edu.ucla.nesl.sigma.base.SigmaServiceA, protocol=LOCAL, type=BASE}, target=URI{_interface=edu.ucla.nesl.sigma.api.ISigmaManager, className=edu.ucla.nesl.sigma.base.SigmaServiceB, protocol=LOCAL, type=BINDER, uuid=4dbedbfa-aca9-4e00-9fb8-046b28616f0f}}
D/edu.ucla.nesl.sigma.base.SigmaEngine(21972): SResponse{self=URI{className=edu.ucla.nesl.sigma.base.SigmaServiceB, protocol=LOCAL, type=BASE}, type=OK}
D/edu.ucla.nesl.sigma.base.SigmaEngine(21972): SRequest{action=BINDER_TRANSACTION, self=URI{className=edu.ucla.nesl.sigma.base.SigmaServiceA, protocol=LOCAL, type=BASE}, target=URI{_interface=edu.ucla.nesl.sigma.api.ISigmaManager, className=edu.ucla.nesl.sigma.base.SigmaServiceB, protocol=LOCAL, type=BINDER, uuid=4dbedbfa-aca9-4e00-9fb8-046b28616f0f}, transaction_request=STransactionRequest{code=4, data=SParcel{bytes=BAMAACUAAABlAGQAdQAuAHUAYwBsAGEALgBuAGUAcwBsAC4AcwBpAGcAbQBhAC4AYQBwAGkALgBJ
D/edu.ucla.nesl.sigma.base.SigmaEngine(21972): AFMAaQBnAG0AYQBNAGEAbgBhAGcAZQByAAAAAQAAADMAAABlAGQAdQAuAHUAYwBsAGEALgBuAGUA
D/edu.ucla.nesl.sigma.base.SigmaEngine(21972): cwBsAC4AcwBpAGcAbQBhAC4AcwBhAG0AcABsAGUAcwAuAHAAaQBuAGcAcABvAG4AZwAuAFAAaQBu
D/edu.ucla.nesl.sigma.base.SigmaEngine(21972): AGcAUABvAG4AZwBTAGUAcgB2AGUAcgAAAAAAAAD/////AAAAAP//////////AAAAAAAAAAAAAAAA
D/edu.ucla.nesl.sigma.base.SigmaEngine(21972): AAAAAP////8=
D/edu.ucla.nesl.sigma.base.SigmaEngine(21972): }, flags=16}}
D/edu.ucla.nesl.sigma.base.SigmaEngine(21972): binder.transact() -- ping:true, interface:edu.ucla.nesl.sigma.api.ISigmaManager
D/edu.ucla.nesl.sigma.base.SigmaEngine(21972): onServiceConnected. interface:edu.ucla.nesl.sigma.samples.pingpong.IPingPongServer
D/Parcel  (21972): Parcel
D/edu.ucla.nesl.sigma.base.SigmaEngine(21972): serveBinder uri: URI{_interface=edu.ucla.nesl.sigma.samples.pingpong.IPingPongServer, className=edu.ucla.nesl.sigma.base.SigmaServiceB, protocol=LOCAL, type=BINDER, uuid=a9e74451-1ef2-4b5d-bd90-5716a5907f04}
D/edu.ucla.nesl.sigma.base.SigmaEngine(21972): SResponse{self=URI{className=edu.ucla.nesl.sigma.base.SigmaServiceB, protocol=LOCAL, type=BASE}, transaction_response=STransactionResponse{_return=true, reply=SParcel{bytes=AAAAAIUqaHN/AQAACAAAAAAAAAA=
D/edu.ucla.nesl.sigma.base.SigmaEngine(21972): , objects=[URI{_interface=edu.ucla.nesl.sigma.samples.pingpong.IPingPongServer, className=edu.ucla.nesl.sigma.base.SigmaServiceB, offset=4, protocol=LOCAL, type=BINDER, uuid=a9e74451-1ef2-4b5d-bd90-5716a5907f04}]}}, type=BINDER_TRANSACTION_RESPONSE}
D/edu.ucla.nesl.sigma.base.SigmaEngine(21972): SRequest{action=BINDER_CONNECTED, self=URI{className=edu.ucla.nesl.sigma.base.SigmaServiceA, protocol=LOCAL, type=BASE}, target=URI{_interface=edu.ucla.nesl.sigma.samples.pingpong.IPingPongServer, className=edu.ucla.nesl.sigma.base.SigmaServiceB, protocol=LOCAL, type=BINDER, uuid=a9e74451-1ef2-4b5d-bd90-5716a5907f04}}
D/edu.ucla.nesl.sigma.base.SigmaEngine(21972): SResponse{self=URI{className=edu.ucla.nesl.sigma.base.SigmaServiceB, protocol=LOCAL, type=BASE}, type=OK}
D/edu.ucla.nesl.sigma.base.SigmaEngine(21972): SRequest{action=BINDER_TRANSACTION, self=URI{className=edu.ucla.nesl.sigma.base.SigmaServiceA, protocol=LOCAL, type=BASE}, target=URI{_interface=edu.ucla.nesl.sigma.samples.pingpong.IPingPongServer, className=edu.ucla.nesl.sigma.base.SigmaServiceB, protocol=LOCAL, type=BINDER, uuid=a9e74451-1ef2-4b5d-bd90-5716a5907f04}, transaction_request=STransactionRequest{code=4, data=SParcel{bytes=BAMAADQAAABlAGQAdQAuAHUAYwBsAGEALgBuAGUAcwBsAC4AcwBpAGcAbQBhAC4AcwBhAG0AcABs
D/edu.ucla.nesl.sigma.base.SigmaEngine(21972): AGUAcwAuAHAAaQBuAGcAcABvAG4AZwAuAEkAUABpAG4AZwBQAG8AbgBnAFMAZQByAHYAZQByAAAA
D/edu.ucla.nesl.sigma.base.SigmaEngine(21972): AAA=
D/edu.ucla.nesl.sigma.base.SigmaEngine(21972): }, flags=16}}
D/edu.ucla.nesl.sigma.base.SigmaEngine(21972): binder.transact() -- ping:true, interface:edu.ucla.nesl.sigma.samples.pingpong.IPingPongServer
D/edu.ucla.nesl.sigma.samples.pingpong.PingPongServer(22002): GET_RANDOM = -92022521
D/edu.ucla.nesl.sigma.base.SigmaEngine(21972): SResponse{self=URI{className=edu.ucla.nesl.sigma.base.SigmaServiceB, protocol=LOCAL, type=BASE}, transaction_response=STransactionResponse{_return=true, reply=SParcel{bytes=AAAAAAfZg/o=
D/edu.ucla.nesl.sigma.base.SigmaEngine(21972): , objects=[]}}, type=BINDER_TRANSACTION_RESPONSE}
D/edu.ucla.nesl.sigma.samples.pingpong.PingPongActivity(21914): GOT_RANDOM = -92022521
D/edu.ucla.nesl.sigma.base.SigmaEngine(21972): SRequest{action=BINDER_TRANSACTION, self=URI{className=edu.ucla.nesl.sigma.base.SigmaServiceA, protocol=LOCAL, type=BASE}, target=URI{_interface=edu.ucla.nesl.sigma.samples.pingpong.IPingPongServer, className=edu.ucla.nesl.sigma.base.SigmaServiceB, protocol=LOCAL, type=BINDER, uuid=a9e74451-1ef2-4b5d-bd90-5716a5907f04}, transaction_request=STransactionRequest{code=4, data=SParcel{bytes=BAMAADQAAABlAGQAdQAuAHUAYwBsAGEALgBuAGUAcwBsAC4AcwBpAGcAbQBhAC4AcwBhAG0AcABs
D/edu.ucla.nesl.sigma.base.SigmaEngine(21972): AGUAcwAuAHAAaQBuAGcAcABvAG4AZwAuAEkAUABpAG4AZwBQAG8AbgBnAFMAZQByAHYAZQByAAAA
D/edu.ucla.nesl.sigma.base.SigmaEngine(21972): AAA=
D/edu.ucla.nesl.sigma.base.SigmaEngine(21972): }, flags=16}}
D/edu.ucla.nesl.sigma.base.SigmaEngine(21972): binder.transact() -- ping:true, interface:edu.ucla.nesl.sigma.samples.pingpong.IPingPongServer
D/edu.ucla.nesl.sigma.samples.pingpong.PingPongServer(22002): GET_RANDOM = 1318001577
D/edu.ucla.nesl.sigma.base.SigmaEngine(21972): SResponse{self=URI{className=edu.ucla.nesl.sigma.base.SigmaServiceB, protocol=LOCAL, type=BASE}, transaction_response=STransactionResponse{_return=true, reply=SParcel{bytes=AAAAAKkbj04=
D/edu.ucla.nesl.sigma.base.SigmaEngine(21972): , objects=[]}}, type=BINDER_TRANSACTION_RESPONSE}
D/edu.ucla.nesl.sigma.samples.pingpong.PingPongActivity(21914): GOT_RANDOM = 1318001577
D/edu.ucla.nesl.sigma.base.SigmaEngine(21972): SRequest{action=BINDER_TRANSACTION, self=URI{className=edu.ucla.nesl.sigma.base.SigmaServiceA, protocol=LOCAL, type=BASE}, target=URI{_interface=edu.ucla.nesl.sigma.samples.pingpong.IPingPongServer, className=edu.ucla.nesl.sigma.base.SigmaServiceB, protocol=LOCAL, type=BINDER, uuid=a9e74451-1ef2-4b5d-bd90-5716a5907f04}, transaction_request=STransactionRequest{code=4, data=SParcel{bytes=BAMAADQAAABlAGQAdQAuAHUAYwBsAGEALgBuAGUAcwBsAC4AcwBpAGcAbQBhAC4AcwBhAG0AcABs
D/edu.ucla.nesl.sigma.base.SigmaEngine(21972): AGUAcwAuAHAAaQBuAGcAcABvAG4AZwAuAEkAUABpAG4AZwBQAG8AbgBnAFMAZQByAHYAZQByAAAA
D/edu.ucla.nesl.sigma.base.SigmaEngine(21972): AAA=
D/edu.ucla.nesl.sigma.base.SigmaEngine(21972): }, flags=16}}
D/edu.ucla.nesl.sigma.base.SigmaEngine(21972): binder.transact() -- ping:true, interface:edu.ucla.nesl.sigma.samples.pingpong.IPingPongServer
D/edu.ucla.nesl.sigma.samples.pingpong.PingPongServer(22002): GET_RANDOM = -1192467086
D/edu.ucla.nesl.sigma.base.SigmaEngine(21972): SResponse{self=URI{className=edu.ucla.nesl.sigma.base.SigmaServiceB, protocol=LOCAL, type=BASE}, transaction_response=STransactionResponse{_return=true, reply=SParcel{bytes=AAAAAHJl7Lg=
D/edu.ucla.nesl.sigma.base.SigmaEngine(21972): , objects=[]}}, type=BINDER_TRANSACTION_RESPONSE}
D/edu.ucla.nesl.sigma.samples.pingpong.PingPongActivity(21914): GOT_RANDOM = -1192467086
D/edu.ucla.nesl.sigma.base.SigmaEngine(21972): SRequest{action=BINDER_TRANSACTION, self=URI{className=edu.ucla.nesl.sigma.base.SigmaServiceA, protocol=LOCAL, type=BASE}, target=URI{_interface=edu.ucla.nesl.sigma.samples.pingpong.IPingPongServer, className=edu.ucla.nesl.sigma.base.SigmaServiceB, protocol=LOCAL, type=BINDER, uuid=a9e74451-1ef2-4b5d-bd90-5716a5907f04}, transaction_request=STransactionRequest{code=4, data=SParcel{bytes=BAMAADQAAABlAGQAdQAuAHUAYwBsAGEALgBuAGUAcwBsAC4AcwBpAGcAbQBhAC4AcwBhAG0AcABs
D/edu.ucla.nesl.sigma.base.SigmaEngine(21972): AGUAcwAuAHAAaQBuAGcAcABvAG4AZwAuAEkAUABpAG4AZwBQAG8AbgBnAFMAZQByAHYAZQByAAAA
D/edu.ucla.nesl.sigma.base.SigmaEngine(21972): AAA=
D/edu.ucla.nesl.sigma.base.SigmaEngine(21972): }, flags=16}}
D/edu.ucla.nesl.sigma.base.SigmaEngine(21972): binder.transact() -- ping:true, interface:edu.ucla.nesl.sigma.samples.pingpong.IPingPongServer
D/edu.ucla.nesl.sigma.samples.pingpong.PingPongServer(22002): GET_RANDOM = -1412716779
D/edu.ucla.nesl.sigma.base.SigmaEngine(21972): SResponse{self=URI{className=edu.ucla.nesl.sigma.base.SigmaServiceB, protocol=LOCAL, type=BASE}, transaction_response=STransactionResponse{_return=true, reply=SParcel{bytes=AAAAABWny6s=
D/edu.ucla.nesl.sigma.base.SigmaEngine(21972): , objects=[]}}, type=BINDER_TRANSACTION_RESPONSE}
D/edu.ucla.nesl.sigma.samples.pingpong.PingPongActivity(21914): GOT_RANDOM = -1412716779
D/edu.ucla.nesl.sigma.base.SigmaEngine(21972): SRequest{action=BINDER_TRANSACTION, self=URI{className=edu.ucla.nesl.sigma.base.SigmaServiceA, protocol=LOCAL, type=BASE}, target=URI{_interface=edu.ucla.nesl.sigma.samples.pingpong.IPingPongServer, className=edu.ucla.nesl.sigma.base.SigmaServiceB, protocol=LOCAL, type=BINDER, uuid=a9e74451-1ef2-4b5d-bd90-5716a5907f04}, transaction_request=STransactionRequest{code=4, data=SParcel{bytes=BAMAADQAAABlAGQAdQAuAHUAYwBsAGEALgBuAGUAcwBsAC4AcwBpAGcAbQBhAC4AcwBhAG0AcABs
D/edu.ucla.nesl.sigma.base.SigmaEngine(21972): AGUAcwAuAHAAaQBuAGcAcABvAG4AZwAuAEkAUABpAG4AZwBQAG8AbgBnAFMAZQByAHYAZQByAAAA
D/edu.ucla.nesl.sigma.base.SigmaEngine(21972): AAA=
D/edu.ucla.nesl.sigma.base.SigmaEngine(21972): }, flags=16}}
D/edu.ucla.nesl.sigma.base.SigmaEngine(21972): binder.transact() -- ping:true, interface:edu.ucla.nesl.sigma.samples.pingpong.IPingPongServer
D/edu.ucla.nesl.sigma.samples.pingpong.PingPongServer(22002): GET_RANDOM = -1223932479
D/edu.ucla.nesl.sigma.base.SigmaEngine(21972): SResponse{self=URI{className=edu.ucla.nesl.sigma.base.SigmaServiceB, protocol=LOCAL, type=BASE}, transaction_response=STransactionResponse{_return=true, reply=SParcel{bytes=AAAAAMFFDLc=
D/edu.ucla.nesl.sigma.base.SigmaEngine(21972): , objects=[]}}, type=BINDER_TRANSACTION_RESPONSE}
D/edu.ucla.nesl.sigma.samples.pingpong.PingPongActivity(21914): GOT_RANDOM = -1223932479
D/edu.ucla.nesl.sigma.base.SigmaEngine(21972): SRequest{action=BINDER_TRANSACTION, self=URI{className=edu.ucla.nesl.sigma.base.SigmaServiceA, protocol=LOCAL, type=BASE}, target=URI{_interface=edu.ucla.nesl.sigma.samples.pingpong.IPingPongServer, className=edu.ucla.nesl.sigma.base.SigmaServiceB, protocol=LOCAL, type=BINDER, uuid=a9e74451-1ef2-4b5d-bd90-5716a5907f04}, transaction_request=STransactionRequest{code=4, data=SParcel{bytes=BAMAADQAAABlAGQAdQAuAHUAYwBsAGEALgBuAGUAcwBsAC4AcwBpAGcAbQBhAC4AcwBhAG0AcABs
D/edu.ucla.nesl.sigma.base.SigmaEngine(21972): AGUAcwAuAHAAaQBuAGcAcABvAG4AZwAuAEkAUABpAG4AZwBQAG8AbgBnAFMAZQByAHYAZQByAAAA
D/edu.ucla.nesl.sigma.base.SigmaEngine(21972): AAA=
D/edu.ucla.nesl.sigma.base.SigmaEngine(21972): }, flags=16}}
D/edu.ucla.nesl.sigma.base.SigmaEngine(21972): binder.transact() -- ping:true, interface:edu.ucla.nesl.sigma.samples.pingpong.IPingPongServer
D/edu.ucla.nesl.sigma.samples.pingpong.PingPongServer(22002): GET_RANDOM = 276053035
D/edu.ucla.nesl.sigma.base.SigmaEngine(21972): SResponse{self=URI{className=edu.ucla.nesl.sigma.base.SigmaServiceB, protocol=LOCAL, type=BASE}, transaction_response=STransactionResponse{_return=true, reply=SParcel{bytes=AAAAACs8dBA=
D/edu.ucla.nesl.sigma.base.SigmaEngine(21972): , objects=[]}}, type=BINDER_TRANSACTION_RESPONSE}
D/edu.ucla.nesl.sigma.samples.pingpong.PingPongActivity(21914): GOT_RANDOM = 276053035
D/edu.ucla.nesl.sigma.base.SigmaEngine(21972): SRequest{action=BINDER_TRANSACTION, self=URI{className=edu.ucla.nesl.sigma.base.SigmaServiceA, protocol=LOCAL, type=BASE}, target=URI{_interface=edu.ucla.nesl.sigma.samples.pingpong.IPingPongServer, className=edu.ucla.nesl.sigma.base.SigmaServiceB, protocol=LOCAL, type=BINDER, uuid=a9e74451-1ef2-4b5d-bd90-5716a5907f04}, transaction_request=STransactionRequest{code=4, data=SParcel{bytes=BAMAADQAAABlAGQAdQAuAHUAYwBsAGEALgBuAGUAcwBsAC4AcwBpAGcAbQBhAC4AcwBhAG0AcABs
D/edu.ucla.nesl.sigma.base.SigmaEngine(21972): AGUAcwAuAHAAaQBuAGcAcABvAG4AZwAuAEkAUABpAG4AZwBQAG8AbgBnAFMAZQByAHYAZQByAAAA
D/edu.ucla.nesl.sigma.base.SigmaEngine(21972): AAA=
D/edu.ucla.nesl.sigma.base.SigmaEngine(21972): }, flags=16}}
D/edu.ucla.nesl.sigma.base.SigmaEngine(21972): binder.transact() -- ping:true, interface:edu.ucla.nesl.sigma.samples.pingpong.IPingPongServer
D/edu.ucla.nesl.sigma.samples.pingpong.PingPongServer(22002): GET_RANDOM = 615126903
D/edu.ucla.nesl.sigma.base.SigmaEngine(21972): SResponse{self=URI{className=edu.ucla.nesl.sigma.base.SigmaServiceB, protocol=LOCAL, type=BASE}, transaction_response=STransactionResponse{_return=true, reply=SParcel{bytes=AAAAAHcXqiQ=
D/edu.ucla.nesl.sigma.base.SigmaEngine(21972): , objects=[]}}, type=BINDER_TRANSACTION_RESPONSE}
D/edu.ucla.nesl.sigma.samples.pingpong.PingPongActivity(21914): GOT_RANDOM = 615126903
D/edu.ucla.nesl.sigma.base.SigmaEngine(21972): SRequest{action=BINDER_TRANSACTION, self=URI{className=edu.ucla.nesl.sigma.base.SigmaServiceA, protocol=LOCAL, type=BASE}, target=URI{_interface=edu.ucla.nesl.sigma.samples.pingpong.IPingPongServer, className=edu.ucla.nesl.sigma.base.SigmaServiceB, protocol=LOCAL, type=BINDER, uuid=a9e74451-1ef2-4b5d-bd90-5716a5907f04}, transaction_request=STransactionRequest{code=4, data=SParcel{bytes=BAMAADQAAABlAGQAdQAuAHUAYwBsAGEALgBuAGUAcwBsAC4AcwBpAGcAbQBhAC4AcwBhAG0AcABs
D/edu.ucla.nesl.sigma.base.SigmaEngine(21972): AGUAcwAuAHAAaQBuAGcAcABvAG4AZwAuAEkAUABpAG4AZwBQAG8AbgBnAFMAZQByAHYAZQByAAAA
D/edu.ucla.nesl.sigma.base.SigmaEngine(21972): AAA=
D/edu.ucla.nesl.sigma.base.SigmaEngine(21972): }, flags=16}}
D/edu.ucla.nesl.sigma.base.SigmaEngine(21972): binder.transact() -- ping:true, interface:edu.ucla.nesl.sigma.samples.pingpong.IPingPongServer
D/edu.ucla.nesl.sigma.samples.pingpong.PingPongServer(22002): GET_RANDOM = 1542603436
D/edu.ucla.nesl.sigma.base.SigmaEngine(21972): SResponse{self=URI{className=edu.ucla.nesl.sigma.base.SigmaServiceB, protocol=LOCAL, type=BASE}, transaction_response=STransactionResponse{_return=true, reply=SParcel{bytes=AAAAAKxC8ls=
D/edu.ucla.nesl.sigma.base.SigmaEngine(21972): , objects=[]}}, type=BINDER_TRANSACTION_RESPONSE}
D/edu.ucla.nesl.sigma.samples.pingpong.PingPongActivity(21914): GOT_RANDOM = 1542603436
D/edu.ucla.nesl.sigma.base.SigmaEngine(21972): SRequest{action=BINDER_TRANSACTION, self=URI{className=edu.ucla.nesl.sigma.base.SigmaServiceA, protocol=LOCAL, type=BASE}, target=URI{_interface=edu.ucla.nesl.sigma.samples.pingpong.IPingPongServer, className=edu.ucla.nesl.sigma.base.SigmaServiceB, protocol=LOCAL, type=BINDER, uuid=a9e74451-1ef2-4b5d-bd90-5716a5907f04}, transaction_request=STransactionRequest{code=4, data=SParcel{bytes=BAMAADQAAABlAGQAdQAuAHUAYwBsAGEALgBuAGUAcwBsAC4AcwBpAGcAbQBhAC4AcwBhAG0AcABs
D/edu.ucla.nesl.sigma.base.SigmaEngine(21972): AGUAcwAuAHAAaQBuAGcAcABvAG4AZwAuAEkAUABpAG4AZwBQAG8AbgBnAFMAZQByAHYAZQByAAAA
D/edu.ucla.nesl.sigma.base.SigmaEngine(21972): AAA=
D/edu.ucla.nesl.sigma.base.SigmaEngine(21972): }, flags=16}}
D/edu.ucla.nesl.sigma.base.SigmaEngine(21972): binder.transact() -- ping:true, interface:edu.ucla.nesl.sigma.samples.pingpong.IPingPongServer
D/edu.ucla.nesl.sigma.samples.pingpong.PingPongServer(22002): GET_RANDOM = 1988388716
D/edu.ucla.nesl.sigma.base.SigmaEngine(21972): SResponse{self=URI{className=edu.ucla.nesl.sigma.base.SigmaServiceB, protocol=LOCAL, type=BASE}, transaction_response=STransactionResponse{_return=true, reply=SParcel{bytes=AAAAAGxnhHY=
D/edu.ucla.nesl.sigma.base.SigmaEngine(21972): , objects=[]}}, type=BINDER_TRANSACTION_RESPONSE}
D/edu.ucla.nesl.sigma.samples.pingpong.PingPongActivity(21914): GOT_RANDOM = 1988388716
D/edu.ucla.nesl.sigma.base.SigmaEngine(21972): SRequest{action=BINDER_TRANSACTION, self=URI{className=edu.ucla.nesl.sigma.base.SigmaServiceA, protocol=LOCAL, type=BASE}, target=URI{_interface=edu.ucla.nesl.sigma.samples.pingpong.IPingPongServer, className=edu.ucla.nesl.sigma.base.SigmaServiceB, protocol=LOCAL, type=BINDER, uuid=a9e74451-1ef2-4b5d-bd90-5716a5907f04}, transaction_request=STransactionRequest{code=4, data=SParcel{bytes=BAMAADQAAABlAGQAdQAuAHUAYwBsAGEALgBuAGUAcwBsAC4AcwBpAGcAbQBhAC4AcwBhAG0AcABs
D/edu.ucla.nesl.sigma.base.SigmaEngine(21972): AGUAcwAuAHAAaQBuAGcAcABvAG4AZwAuAEkAUABpAG4AZwBQAG8AbgBnAFMAZQByAHYAZQByAAAA
D/edu.ucla.nesl.sigma.base.SigmaEngine(21972): AAA=
D/edu.ucla.nesl.sigma.base.SigmaEngine(21972): }, flags=16}}
D/edu.ucla.nesl.sigma.base.SigmaEngine(21972): binder.transact() -- ping:true, interface:edu.ucla.nesl.sigma.samples.pingpong.IPingPongServer
D/edu.ucla.nesl.sigma.samples.pingpong.PingPongServer(22002): GET_RANDOM = 1177882237
D/edu.ucla.nesl.sigma.base.SigmaEngine(21972): SResponse{self=URI{className=edu.ucla.nesl.sigma.base.SigmaServiceB, protocol=LOCAL, type=BASE}, transaction_response=STransactionResponse{_return=true, reply=SParcel{bytes=AAAAAH0ONUY=
D/edu.ucla.nesl.sigma.base.SigmaEngine(21972): , objects=[]}}, type=BINDER_TRANSACTION_RESPONSE}
D/edu.ucla.nesl.sigma.samples.pingpong.PingPongActivity(21914): GOT_RANDOM = 1177882237
D/Parcel  (21932): Parcel
D/edu.ucla.nesl.sigma.base.SigmaEngine(21932): serveBinder uri: URI{_interface=edu.ucla.nesl.sigma.samples.pingpong.IPingPongServer, className=edu.ucla.nesl.sigma.base.SigmaServiceA, protocol=LOCAL, type=BINDER, uuid=3b0593e8-40eb-4599-bfd8-7a055850aa86}
D/edu.ucla.nesl.sigma.base.SigmaEngine(21972): SRequest{action=BINDER_TRANSACTION, self=URI{className=edu.ucla.nesl.sigma.base.SigmaServiceA, protocol=LOCAL, type=BASE}, target=URI{_interface=edu.ucla.nesl.sigma.samples.pingpong.IPingPongServer, className=edu.ucla.nesl.sigma.base.SigmaServiceB, protocol=LOCAL, type=BINDER, uuid=a9e74451-1ef2-4b5d-bd90-5716a5907f04}, transaction_request=STransactionRequest{code=3, data=SParcel{bytes=BAMAADQAAABlAGQAdQAuAHUAYwBsAGEALgBuAGUAcwBsAC4AcwBpAGcAbQBhAC4AcwBhAG0AcABs
D/edu.ucla.nesl.sigma.base.SigmaEngine(21972): AGUAcwAuAHAAaQBuAGcAcABvAG4AZwAuAEkAUABpAG4AZwBQAG8AbgBnAFMAZQByAHYAZQByAAAA
D/edu.ucla.nesl.sigma.base.SigmaEngine(21972): AACFKmhzfwEAAAkAAAAAAAAA
D/edu.ucla.nesl.sigma.base.SigmaEngine(21972): , objects=[URI{_interface=edu.ucla.nesl.sigma.samples.pingpong.IPingPongServer, className=edu.ucla.nesl.sigma.base.SigmaServiceA, offset=116, protocol=LOCAL, type=BINDER, uuid=3b0593e8-40eb-4599-bfd8-7a055850aa86}]}, flags=16}}
D/edu.ucla.nesl.sigma.base.SigmaEngine(21932): SRequest{action=BINDER_CONNECTED, self=URI{className=edu.ucla.nesl.sigma.base.SigmaServiceB, protocol=LOCAL, type=BASE}, target=URI{_interface=edu.ucla.nesl.sigma.samples.pingpong.IPingPongServer, className=edu.ucla.nesl.sigma.base.SigmaServiceA, protocol=LOCAL, type=BINDER, uuid=3b0593e8-40eb-4599-bfd8-7a055850aa86}}
D/edu.ucla.nesl.sigma.base.SigmaEngine(21932): SResponse{self=URI{className=edu.ucla.nesl.sigma.base.SigmaServiceA, protocol=LOCAL, type=BASE}, type=OK}
D/edu.ucla.nesl.sigma.base.SigmaEngine(21972): binder.transact() -- ping:true, interface:edu.ucla.nesl.sigma.samples.pingpong.IPingPongServer
D/edu.ucla.nesl.sigma.samples.pingpong.PingPongServer(22002): Got object
D/edu.ucla.nesl.sigma.base.SigmaEngine(21972): SResponse{self=URI{className=edu.ucla.nesl.sigma.base.SigmaServiceB, protocol=LOCAL, type=BASE}, transaction_response=STransactionResponse{_return=true, reply=SParcel{bytes=AAAAAA==
D/edu.ucla.nesl.sigma.base.SigmaEngine(21972): , objects=[]}}, type=BINDER_TRANSACTION_RESPONSE}
D/Parcel  (21932): Parcel
D/edu.ucla.nesl.sigma.base.SigmaEngine(21932): serveBinder uri: URI{_interface=edu.ucla.nesl.sigma.samples.pingpong.IPingPongServer, className=edu.ucla.nesl.sigma.base.SigmaServiceA, protocol=LOCAL, type=BINDER, uuid=3b0593e8-40eb-4599-bfd8-7a055850aa86}
D/edu.ucla.nesl.sigma.base.SigmaEngine(21972): SRequest{action=BINDER_TRANSACTION, self=URI{className=edu.ucla.nesl.sigma.base.SigmaServiceA, protocol=LOCAL, type=BASE}, target=URI{_interface=edu.ucla.nesl.sigma.samples.pingpong.IPingPongServer, className=edu.ucla.nesl.sigma.base.SigmaServiceB, protocol=LOCAL, type=BINDER, uuid=a9e74451-1ef2-4b5d-bd90-5716a5907f04}, transaction_request=STransactionRequest{code=3, data=SParcel{bytes=BAMAADQAAABlAGQAdQAuAHUAYwBsAGEALgBuAGUAcwBsAC4AcwBpAGcAbQBhAC4AcwBhAG0AcABs
D/edu.ucla.nesl.sigma.base.SigmaEngine(21972): AGUAcwAuAHAAaQBuAGcAcABvAG4AZwAuAEkAUABpAG4AZwBQAG8AbgBnAFMAZQByAHYAZQByAAAA
D/edu.ucla.nesl.sigma.base.SigmaEngine(21972): AACFKmhzfwEAAAkAAAAAAAAA
D/edu.ucla.nesl.sigma.base.SigmaEngine(21972): , objects=[URI{_interface=edu.ucla.nesl.sigma.samples.pingpong.IPingPongServer, className=edu.ucla.nesl.sigma.base.SigmaServiceA, offset=116, protocol=LOCAL, type=BINDER, uuid=3b0593e8-40eb-4599-bfd8-7a055850aa86}]}, flags=16}}
D/edu.ucla.nesl.sigma.base.SigmaEngine(21972): binder.transact() -- ping:true, interface:edu.ucla.nesl.sigma.samples.pingpong.IPingPongServer
D/edu.ucla.nesl.sigma.samples.pingpong.PingPongServer(22002): Got object
D/edu.ucla.nesl.sigma.base.SigmaEngine(21972): SResponse{self=URI{className=edu.ucla.nesl.sigma.base.SigmaServiceB, protocol=LOCAL, type=BASE}, transaction_response=STransactionResponse{_return=true, reply=SParcel{bytes=AAAAAA==
D/edu.ucla.nesl.sigma.base.SigmaEngine(21972): , objects=[]}}, type=BINDER_TRANSACTION_RESPONSE}
D/Parcel  (21932): Parcel
D/edu.ucla.nesl.sigma.base.SigmaEngine(21932): serveBinder uri: URI{_interface=edu.ucla.nesl.sigma.samples.pingpong.IPingPongServer, className=edu.ucla.nesl.sigma.base.SigmaServiceA, protocol=LOCAL, type=BINDER, uuid=3b0593e8-40eb-4599-bfd8-7a055850aa86}
D/edu.ucla.nesl.sigma.base.SigmaEngine(21972): SRequest{action=BINDER_TRANSACTION, self=URI{className=edu.ucla.nesl.sigma.base.SigmaServiceA, protocol=LOCAL, type=BASE}, target=URI{_interface=edu.ucla.nesl.sigma.samples.pingpong.IPingPongServer, className=edu.ucla.nesl.sigma.base.SigmaServiceB, protocol=LOCAL, type=BINDER, uuid=a9e74451-1ef2-4b5d-bd90-5716a5907f04}, transaction_request=STransactionRequest{code=3, data=SParcel{bytes=BAMAADQAAABlAGQAdQAuAHUAYwBsAGEALgBuAGUAcwBsAC4AcwBpAGcAbQBhAC4AcwBhAG0AcABs
D/edu.ucla.nesl.sigma.base.SigmaEngine(21972): AGUAcwAuAHAAaQBuAGcAcABvAG4AZwAuAEkAUABpAG4AZwBQAG8AbgBnAFMAZQByAHYAZQByAAAA
D/edu.ucla.nesl.sigma.base.SigmaEngine(21972): AACFKmhzfwEAAAkAAAAAAAAA
D/edu.ucla.nesl.sigma.base.SigmaEngine(21972): , objects=[URI{_interface=edu.ucla.nesl.sigma.samples.pingpong.IPingPongServer, className=edu.ucla.nesl.sigma.base.SigmaServiceA, offset=116, protocol=LOCAL, type=BINDER, uuid=3b0593e8-40eb-4599-bfd8-7a055850aa86}]}, flags=16}}
D/edu.ucla.nesl.sigma.base.SigmaEngine(21972): binder.transact() -- ping:true, interface:edu.ucla.nesl.sigma.samples.pingpong.IPingPongServer
D/edu.ucla.nesl.sigma.samples.pingpong.PingPongServer(22002): Got object
D/edu.ucla.nesl.sigma.base.SigmaEngine(21972): SResponse{self=URI{className=edu.ucla.nesl.sigma.base.SigmaServiceB, protocol=LOCAL, type=BASE}, transaction_response=STransactionResponse{_return=true, reply=SParcel{bytes=AAAAAA==
D/edu.ucla.nesl.sigma.base.SigmaEngine(21972): , objects=[]}}, type=BINDER_TRANSACTION_RESPONSE}
D/Parcel  (21932): Parcel
D/edu.ucla.nesl.sigma.base.SigmaEngine(21932): serveBinder uri: URI{_interface=edu.ucla.nesl.sigma.samples.pingpong.IPingPongServer, className=edu.ucla.nesl.sigma.base.SigmaServiceA, protocol=LOCAL, type=BINDER, uuid=3b0593e8-40eb-4599-bfd8-7a055850aa86}
D/edu.ucla.nesl.sigma.base.SigmaEngine(21972): SRequest{action=BINDER_TRANSACTION, self=URI{className=edu.ucla.nesl.sigma.base.SigmaServiceA, protocol=LOCAL, type=BASE}, target=URI{_interface=edu.ucla.nesl.sigma.samples.pingpong.IPingPongServer, className=edu.ucla.nesl.sigma.base.SigmaServiceB, protocol=LOCAL, type=BINDER, uuid=a9e74451-1ef2-4b5d-bd90-5716a5907f04}, transaction_request=STransactionRequest{code=3, data=SParcel{bytes=BAMAADQAAABlAGQAdQAuAHUAYwBsAGEALgBuAGUAcwBsAC4AcwBpAGcAbQBhAC4AcwBhAG0AcABs
D/edu.ucla.nesl.sigma.base.SigmaEngine(21972): AGUAcwAuAHAAaQBuAGcAcABvAG4AZwAuAEkAUABpAG4AZwBQAG8AbgBnAFMAZQByAHYAZQByAAAA
D/edu.ucla.nesl.sigma.base.SigmaEngine(21972): AACFKmhzfwEAAAkAAAAAAAAA
D/edu.ucla.nesl.sigma.base.SigmaEngine(21972): , objects=[URI{_interface=edu.ucla.nesl.sigma.samples.pingpong.IPingPongServer, className=edu.ucla.nesl.sigma.base.SigmaServiceA, offset=116, protocol=LOCAL, type=BINDER, uuid=3b0593e8-40eb-4599-bfd8-7a055850aa86}]}, flags=16}}
D/edu.ucla.nesl.sigma.base.SigmaEngine(21972): binder.transact() -- ping:true, interface:edu.ucla.nesl.sigma.samples.pingpong.IPingPongServer
D/edu.ucla.nesl.sigma.samples.pingpong.PingPongServer(22002): Got object
D/dalvikvm(21932): GC_CONCURRENT freed 387K, 5% free 8744K/9192K, paused 3ms+1ms, total 16ms
D/edu.ucla.nesl.sigma.base.SigmaEngine(21972): SResponse{self=URI{className=edu.ucla.nesl.sigma.base.SigmaServiceB, protocol=LOCAL, type=BASE}, transaction_response=STransactionResponse{_return=true, reply=SParcel{bytes=AAAAAA==
D/edu.ucla.nesl.sigma.base.SigmaEngine(21972): , objects=[]}}, type=BINDER_TRANSACTION_RESPONSE}
D/Parcel  (21932): Parcel
D/edu.ucla.nesl.sigma.base.SigmaEngine(21932): serveBinder uri: URI{_interface=edu.ucla.nesl.sigma.samples.pingpong.IPingPongServer, className=edu.ucla.nesl.sigma.base.SigmaServiceA, protocol=LOCAL, type=BINDER, uuid=3b0593e8-40eb-4599-bfd8-7a055850aa86}
D/edu.ucla.nesl.sigma.base.SigmaEngine(21972): SRequest{action=BINDER_TRANSACTION, self=URI{className=edu.ucla.nesl.sigma.base.SigmaServiceA, protocol=LOCAL, type=BASE}, target=URI{_interface=edu.ucla.nesl.sigma.samples.pingpong.IPingPongServer, className=edu.ucla.nesl.sigma.base.SigmaServiceB, protocol=LOCAL, type=BINDER, uuid=a9e74451-1ef2-4b5d-bd90-5716a5907f04}, transaction_request=STransactionRequest{code=3, data=SParcel{bytes=BAMAADQAAABlAGQAdQAuAHUAYwBsAGEALgBuAGUAcwBsAC4AcwBpAGcAbQBhAC4AcwBhAG0AcABs
D/edu.ucla.nesl.sigma.base.SigmaEngine(21972): AGUAcwAuAHAAaQBuAGcAcABvAG4AZwAuAEkAUABpAG4AZwBQAG8AbgBnAFMAZQByAHYAZQByAAAA
D/edu.ucla.nesl.sigma.base.SigmaEngine(21972): AACFKmhzfwEAAAkAAAAAAAAA
D/edu.ucla.nesl.sigma.base.SigmaEngine(21972): , objects=[URI{_interface=edu.ucla.nesl.sigma.samples.pingpong.IPingPongServer, className=edu.ucla.nesl.sigma.base.SigmaServiceA, offset=116, protocol=LOCAL, type=BINDER, uuid=3b0593e8-40eb-4599-bfd8-7a055850aa86}]}, flags=16}}
D/edu.ucla.nesl.sigma.base.SigmaEngine(21972): binder.transact() -- ping:true, interface:edu.ucla.nesl.sigma.samples.pingpong.IPingPongServer
D/edu.ucla.nesl.sigma.samples.pingpong.PingPongServer(22002): Got object
D/edu.ucla.nesl.sigma.base.SigmaEngine(21972): SResponse{self=URI{className=edu.ucla.nesl.sigma.base.SigmaServiceB, protocol=LOCAL, type=BASE}, transaction_response=STransactionResponse{_return=true, reply=SParcel{bytes=AAAAAA==
D/edu.ucla.nesl.sigma.base.SigmaEngine(21972): , objects=[]}}, type=BINDER_TRANSACTION_RESPONSE}
D/Parcel  (21932): Parcel
D/edu.ucla.nesl.sigma.base.SigmaEngine(21932): serveBinder uri: URI{_interface=edu.ucla.nesl.sigma.samples.pingpong.IPingPongServer, className=edu.ucla.nesl.sigma.base.SigmaServiceA, protocol=LOCAL, type=BINDER, uuid=3b0593e8-40eb-4599-bfd8-7a055850aa86}
D/edu.ucla.nesl.sigma.base.SigmaEngine(21972): SRequest{action=BINDER_TRANSACTION, self=URI{className=edu.ucla.nesl.sigma.base.SigmaServiceA, protocol=LOCAL, type=BASE}, target=URI{_interface=edu.ucla.nesl.sigma.samples.pingpong.IPingPongServer, className=edu.ucla.nesl.sigma.base.SigmaServiceB, protocol=LOCAL, type=BINDER, uuid=a9e74451-1ef2-4b5d-bd90-5716a5907f04}, transaction_request=STransactionRequest{code=3, data=SParcel{bytes=BAMAADQAAABlAGQAdQAuAHUAYwBsAGEALgBuAGUAcwBsAC4AcwBpAGcAbQBhAC4AcwBhAG0AcABs
D/edu.ucla.nesl.sigma.base.SigmaEngine(21972): AGUAcwAuAHAAaQBuAGcAcABvAG4AZwAuAEkAUABpAG4AZwBQAG8AbgBnAFMAZQByAHYAZQByAAAA
D/edu.ucla.nesl.sigma.base.SigmaEngine(21972): AACFKmhzfwEAAAkAAAAAAAAA
D/edu.ucla.nesl.sigma.base.SigmaEngine(21972): , objects=[URI{_interface=edu.ucla.nesl.sigma.samples.pingpong.IPingPongServer, className=edu.ucla.nesl.sigma.base.SigmaServiceA, offset=116, protocol=LOCAL, type=BINDER, uuid=3b0593e8-40eb-4599-bfd8-7a055850aa86}]}, flags=16}}
D/edu.ucla.nesl.sigma.base.SigmaEngine(21972): binder.transact() -- ping:true, interface:edu.ucla.nesl.sigma.samples.pingpong.IPingPongServer
D/edu.ucla.nesl.sigma.samples.pingpong.PingPongServer(22002): Got object
D/edu.ucla.nesl.sigma.base.SigmaEngine(21972): SResponse{self=URI{className=edu.ucla.nesl.sigma.base.SigmaServiceB, protocol=LOCAL, type=BASE}, transaction_response=STransactionResponse{_return=true, reply=SParcel{bytes=AAAAAA==
D/edu.ucla.nesl.sigma.base.SigmaEngine(21972): , objects=[]}}, type=BINDER_TRANSACTION_RESPONSE}
D/edu.ucla.nesl.sigma.base.SigmaEngine(21972): SRequest{action=BINDER_TRANSACTION, self=URI{className=edu.ucla.nesl.sigma.base.SigmaServiceA, protocol=LOCAL, type=BASE}, target=URI{_interface=edu.ucla.nesl.sigma.samples.pingpong.IPingPongServer, className=edu.ucla.nesl.sigma.base.SigmaServiceB, protocol=LOCAL, type=BINDER, uuid=a9e74451-1ef2-4b5d-bd90-5716a5907f04}, transaction_request=STransactionRequest{code=1598968902, data=SParcel{bytes=}, flags=16}}
D/edu.ucla.nesl.sigma.base.SigmaEngine(21972): binder.transact() -- ping:true, interface:edu.ucla.nesl.sigma.samples.pingpong.IPingPongServer
D/edu.ucla.nesl.sigma.base.SigmaEngine(21972): SResponse{self=URI{className=edu.ucla.nesl.sigma.base.SigmaServiceB, protocol=LOCAL, type=BASE}, transaction_response=STransactionResponse{_return=true, reply=SParcel{bytes=NAAAAGUAZAB1AC4AdQBjAGwAYQAuAG4AZQBzAGwALgBzAGkAZwBtAGEALgBzAGEAbQBwAGwAZQBz
D/edu.ucla.nesl.sigma.base.SigmaEngine(21972): AC4AcABpAG4AZwBwAG8AbgBnAC4ASQBQAGkAbgBnAFAAbwBuAGcAUwBlAHIAdgBlAHIAAAAAAA==
D/edu.ucla.nesl.sigma.base.SigmaEngine(21972): , objects=[]}}, type=BINDER_TRANSACTION_RESPONSE}
D/Parcel  (21932): Parcel
D/edu.ucla.nesl.sigma.base.SigmaEngine(21932): serveBinder uri: URI{_interface=edu.ucla.nesl.sigma.samples.pingpong.IPingPongServer, className=edu.ucla.nesl.sigma.base.SigmaServiceA, protocol=LOCAL, type=BINDER, uuid=3b0593e8-40eb-4599-bfd8-7a055850aa86}
D/edu.ucla.nesl.sigma.base.SigmaEngine(21972): SRequest{action=BINDER_TRANSACTION, self=URI{className=edu.ucla.nesl.sigma.base.SigmaServiceA, protocol=LOCAL, type=BASE}, target=URI{_interface=edu.ucla.nesl.sigma.samples.pingpong.IPingPongServer, className=edu.ucla.nesl.sigma.base.SigmaServiceB, protocol=LOCAL, type=BINDER, uuid=a9e74451-1ef2-4b5d-bd90-5716a5907f04}, transaction_request=STransactionRequest{code=3, data=SParcel{bytes=BAMAADQAAABlAGQAdQAuAHUAYwBsAGEALgBuAGUAcwBsAC4AcwBpAGcAbQBhAC4AcwBhAG0AcABs
D/edu.ucla.nesl.sigma.base.SigmaEngine(21972): AGUAcwAuAHAAaQBuAGcAcABvAG4AZwAuAEkAUABpAG4AZwBQAG8AbgBnAFMAZQByAHYAZQByAAAA
D/edu.ucla.nesl.sigma.base.SigmaEngine(21972): AACFKmhzfwEAAAkAAAAAAAAA
D/edu.ucla.nesl.sigma.base.SigmaEngine(21972): , objects=[URI{_interface=edu.ucla.nesl.sigma.samples.pingpong.IPingPongServer, className=edu.ucla.nesl.sigma.base.SigmaServiceA, offset=116, protocol=LOCAL, type=BINDER, uuid=3b0593e8-40eb-4599-bfd8-7a055850aa86}]}, flags=16}}
D/edu.ucla.nesl.sigma.base.SigmaEngine(21972): binder.transact() -- ping:true, interface:edu.ucla.nesl.sigma.samples.pingpong.IPingPongServer
D/edu.ucla.nesl.sigma.samples.pingpong.PingPongServer(22002): Got object
D/edu.ucla.nesl.sigma.base.SigmaEngine(21972): SResponse{self=URI{className=edu.ucla.nesl.sigma.base.SigmaServiceB, protocol=LOCAL, type=BASE}, transaction_response=STransactionResponse{_return=true, reply=SParcel{bytes=AAAAAA==
D/edu.ucla.nesl.sigma.base.SigmaEngine(21972): , objects=[]}}, type=BINDER_TRANSACTION_RESPONSE}
D/Parcel  (21932): Parcel
D/edu.ucla.nesl.sigma.base.SigmaEngine(21932): serveBinder uri: URI{_interface=edu.ucla.nesl.sigma.samples.pingpong.IPingPongServer, className=edu.ucla.nesl.sigma.base.SigmaServiceA, protocol=LOCAL, type=BINDER, uuid=3b0593e8-40eb-4599-bfd8-7a055850aa86}
D/dalvikvm(21972): GC_CONCURRENT freed 504K, 6% free 8746K/9280K, paused 3ms+3ms, total 35ms
D/edu.ucla.nesl.sigma.base.SigmaEngine(21972): SRequest{action=BINDER_TRANSACTION, self=URI{className=edu.ucla.nesl.sigma.base.SigmaServiceA, protocol=LOCAL, type=BASE}, target=URI{_interface=edu.ucla.nesl.sigma.samples.pingpong.IPingPongServer, className=edu.ucla.nesl.sigma.base.SigmaServiceB, protocol=LOCAL, type=BINDER, uuid=a9e74451-1ef2-4b5d-bd90-5716a5907f04}, transaction_request=STransactionRequest{code=3, data=SParcel{bytes=BAMAADQAAABlAGQAdQAuAHUAYwBsAGEALgBuAGUAcwBsAC4AcwBpAGcAbQBhAC4AcwBhAG0AcABs
D/edu.ucla.nesl.sigma.base.SigmaEngine(21972): AGUAcwAuAHAAaQBuAGcAcABvAG4AZwAuAEkAUABpAG4AZwBQAG8AbgBnAFMAZQByAHYAZQByAAAA
D/edu.ucla.nesl.sigma.base.SigmaEngine(21972): AACFKmhzfwEAAAkAAAAAAAAA
D/edu.ucla.nesl.sigma.base.SigmaEngine(21972): , objects=[URI{_interface=edu.ucla.nesl.sigma.samples.pingpong.IPingPongServer, className=edu.ucla.nesl.sigma.base.SigmaServiceA, offset=116, protocol=LOCAL, type=BINDER, uuid=3b0593e8-40eb-4599-bfd8-7a055850aa86}]}, flags=16}}
D/edu.ucla.nesl.sigma.base.SigmaEngine(21972): binder.transact() -- ping:true, interface:edu.ucla.nesl.sigma.samples.pingpong.IPingPongServer
D/edu.ucla.nesl.sigma.samples.pingpong.PingPongServer(22002): Got object
D/edu.ucla.nesl.sigma.base.SigmaEngine(21972): SResponse{self=URI{className=edu.ucla.nesl.sigma.base.SigmaServiceB, protocol=LOCAL, type=BASE}, transaction_response=STransactionResponse{_return=true, reply=SParcel{bytes=AAAAAA==
D/edu.ucla.nesl.sigma.base.SigmaEngine(21972): , objects=[]}}, type=BINDER_TRANSACTION_RESPONSE}
D/Parcel  (21932): Parcel
D/edu.ucla.nesl.sigma.base.SigmaEngine(21932): serveBinder uri: URI{_interface=edu.ucla.nesl.sigma.samples.pingpong.IPingPongServer, className=edu.ucla.nesl.sigma.base.SigmaServiceA, protocol=LOCAL, type=BINDER, uuid=3b0593e8-40eb-4599-bfd8-7a055850aa86}
D/edu.ucla.nesl.sigma.base.SigmaEngine(21972): SRequest{action=BINDER_TRANSACTION, self=URI{className=edu.ucla.nesl.sigma.base.SigmaServiceA, protocol=LOCAL, type=BASE}, target=URI{_interface=edu.ucla.nesl.sigma.samples.pingpong.IPingPongServer, className=edu.ucla.nesl.sigma.base.SigmaServiceB, protocol=LOCAL, type=BINDER, uuid=a9e74451-1ef2-4b5d-bd90-5716a5907f04}, transaction_request=STransactionRequest{code=3, data=SParcel{bytes=BAMAADQAAABlAGQAdQAuAHUAYwBsAGEALgBuAGUAcwBsAC4AcwBpAGcAbQBhAC4AcwBhAG0AcABs
D/edu.ucla.nesl.sigma.base.SigmaEngine(21972): AGUAcwAuAHAAaQBuAGcAcABvAG4AZwAuAEkAUABpAG4AZwBQAG8AbgBnAFMAZQByAHYAZQByAAAA
D/edu.ucla.nesl.sigma.base.SigmaEngine(21972): AACFKmhzfwEAAAkAAAAAAAAA
D/edu.ucla.nesl.sigma.base.SigmaEngine(21972): , objects=[URI{_interface=edu.ucla.nesl.sigma.samples.pingpong.IPingPongServer, className=edu.ucla.nesl.sigma.base.SigmaServiceA, offset=116, protocol=LOCAL, type=BINDER, uuid=3b0593e8-40eb-4599-bfd8-7a055850aa86}]}, flags=16}}
