--------- beginning of /dev/log/main
D/OpenGLRenderer(21914): Enabling debug mode 0
D/overlay (  159): Set pipe=RGB1 dpy=0; Set pipe=VG0 dpy=0; 
I/ActivityManager(  524): Displayed edu.ucla.nesl.sigma/.samples.TestSuiteActivity: +415ms
D/overlay (  159): Unset pipe=VG0 dpy=0; Unset pipe=RGB1 dpy=0; 
D/overlay (  159): Set pipe=RGB1 dpy=0; Set pipe=VG0 dpy=0; 
D/overlay (  159): Unset pipe=VG0 dpy=0; Unset pipe=RGB1 dpy=0; 
D/overlay (  159): Set pipe=RGB1 dpy=0; Set pipe=VG0 dpy=0; 
D/overlay (  159): Unset pipe=VG0 dpy=0; Unset pipe=RGB1 dpy=0; 
D/overlay (  159): Set pipe=RGB1 dpy=0; Set pipe=VG0 dpy=0; 
D/overlay (  159): Unset pipe=VG0 dpy=0; Unset pipe=RGB1 dpy=0; 
D/overlay (  159): Set pipe=RGB1 dpy=0; Set pipe=VG0 dpy=0; 
D/overlay (  159): Unset pipe=VG0 dpy=0; Unset pipe=RGB1 dpy=0; 
D/overlay (  159): Set pipe=RGB1 dpy=0; Set pipe=VG0 dpy=0; 
D/overlay (  159): Unset pipe=VG0 dpy=0; Unset pipe=RGB1 dpy=0; 
D/overlay (  159): Set pipe=RGB1 dpy=0; Set pipe=VG0 dpy=0; 
D/overlay (  159): Set pipe=VG1 dpy=0; 
--------- beginning of /dev/log/system
I/ActivityManager(  524): START u0 {cmp=edu.ucla.nesl.sigma/.samples.pingpong.PingPongActivity} from pid 21914
D/AudioStreamOutALSA(  162): mHandle->useCase: HiFi Lowlatency
D/ALSAModule(  162): s_route: devices 0x2 in mode 0
D/ALSAModule(  162): switchDevice: device 2 mode:0
D/ALSAModule(  162): s_is_tmus: mnc_mcc :  0
D/ALSAModule(  162): s_is_tmus: mnc_mcc :  0
D/ALSAModule(  162): No valid input device: 0
D/ALSAModule(  162): switchDevice,rxDev:Speaker, txDev:(null), curRxDev:Speaker, curTxDev:None
D/alsa_ucm(  162): snd_use_case_set(): uc_mgr 0x40fb22a0 identifier _enadev value Speaker
D/ALSAModule(  162): switchDevice: curTxUCMDevivce None curRxDevDevice Speaker
D/alsa_ucm(  162): snd_use_case_set(): uc_mgr 0x40fb22a0 identifier _verb value HiFi Lowlatency
D/alsa_ucm(  162): Set mixer controls for Speaker enable 1
D/ACDB-LOADER(  162): ACDB -> send_afe_cal
D/alsa_ucm(  162): Set mixer controls for HiFi Lowlatency enable 1
D/ALSAModule(  162): Device value returned is hw:0,14
D/overlay (  159): Unset pipe=VG0 dpy=0; Unset pipe=VG1 dpy=0; Unset pipe=RGB1 dpy=0; 
D/ALSAModule(  162): setHardwareParams: reqBuffSize 1024 channels 2 sampleRate 48000
D/ALSAModule(  162): setHardwareParams: buffer_size 2048, period_size 1024, period_cnt 2
D/dalvikvm(21914): GC_CONCURRENT freed 385K, 5% free 8835K/9252K, paused 5ms+2ms, total 24ms
D/dalvikvm(21914): WAIT_FOR_CONCURRENT_GC blocked 9ms
D/dalvikvm(21914): GC_CONCURRENT freed 386K, 5% free 8864K/9280K, paused 1ms+3ms, total 17ms
D/dalvikvm(21972): Late-enabling CheckJNI
I/ActivityManager(  524): Start proc .SigmaServiceB for service edu.ucla.nesl.sigma/.impl.SigmaServiceB: pid=21972 uid=10043 gids={50043, 1015, 3003, 1028}
D/SigmaService(21972): onBind()
D/overlay (  159): Set pipe=RGB1 dpy=0; Set pipe=VG0 dpy=0; 
I/ActivityManager(  524): Displayed edu.ucla.nesl.sigma/.samples.pingpong.PingPongActivity: +217ms
D/overlay (  159): Unset pipe=VG0 dpy=0; Unset pipe=RGB1 dpy=0; 
D/overlay (  159): Set pipe=RGB1 dpy=0; Set pipe=VG0 dpy=0; 
D/overlay (  159): Unset pipe=VG0 dpy=0; Unset pipe=RGB1 dpy=0; 
D/alsa_ucm(  162): snd_use_case_set(): uc_mgr 0x40fb22a0 identifier _verb value Inactive
D/alsa_ucm(  162): Set mixer controls for HiFi Lowlatency enable 0
D/alsa_ucm(  162): snd_use_case_set(): uc_mgr 0x40fb22a0 identifier _disdev value Speaker
D/alsa_ucm(  162): Set mixer controls for Speaker enable 0
D/overlay (  159): Set pipe=RGB1 dpy=0; Set pipe=VG0 dpy=0; 
D/overlay (  159): Set pipe=VG1 dpy=0; 
D/AudioStreamOutALSA(  162): mHandle->useCase: HiFi Lowlatency
D/ALSAModule(  162): s_route: devices 0x2 in mode 0
D/ALSAModule(  162): switchDevice: device 2 mode:0
D/ALSAModule(  162): s_is_tmus: mnc_mcc :  0
D/ALSAModule(  162): s_is_tmus: mnc_mcc :  0
D/ALSAModule(  162): No valid input device: 0
D/ALSAModule(  162): switchDevice,rxDev:Speaker, txDev:(null), curRxDev:Speaker, curTxDev:None
D/alsa_ucm(  162): snd_use_case_set(): uc_mgr 0x40fb22a0 identifier _enadev value Speaker
D/ALSAModule(  162): switchDevice: curTxUCMDevivce None curRxDevDevice Speaker
D/alsa_ucm(  162): snd_use_case_set(): uc_mgr 0x40fb22a0 identifier _verb value HiFi Lowlatency
D/alsa_ucm(  162): Set mixer controls for Speaker enable 1
D/ACDB-LOADER(  162): ACDB -> send_afe_cal
D/alsa_ucm(  162): Set mixer controls for HiFi Lowlatency enable 1
D/ALSAModule(  162): Device value returned is hw:0,14
D/overlay (  159): Unset pipe=VG0 dpy=0; Unset pipe=VG1 dpy=0; Unset pipe=RGB1 dpy=0; 
D/ALSAModule(  162): setHardwareParams: reqBuffSize 1024 channels 2 sampleRate 48000
D/ALSAModule(  162): setHardwareParams: buffer_size 2048, period_size 1024, period_cnt 2
D/edu.ucla.nesl.sigma.base.SigmaEngine(21932): serveBinder uri: URI{_interface=edu.ucla.nesl.sigma.api.ISigmaManager, className=edu.ucla.nesl.sigma.base.SigmaServiceA, protocol=LOCAL, type=BINDER, uuid=b77d5cbb-2d4b-47a5-9eef-3d468ecfed53}
D/edu.ucla.nesl.sigma.base.SigmaEngine(21972): serveBinder uri: URI{_interface=edu.ucla.nesl.sigma.api.ISigmaManager, className=edu.ucla.nesl.sigma.base.SigmaServiceB, protocol=LOCAL, type=BINDER, uuid=4491e29c-8415-404a-b8ff-ceb4e4eae1bf}
D/dalvikvm(22002): Late-enabling CheckJNI
I/ActivityManager(  524): Start proc .PingPongServer for service edu.ucla.nesl.sigma/.samples.pingpong.PingPongServer: pid=22002 uid=10043 gids={50043, 1015, 3003, 1028}
D/edu.ucla.nesl.sigma.base.SigmaEngine(21932): onServiceConnected. interface:edu.ucla.nesl.sigma.samples.pingpong.IPingPongServer
D/edu.ucla.nesl.sigma.base.SigmaEngine(21932): onServiceConnected. interface:edu.ucla.nesl.sigma.api.ISigmaServiceConnection
D/dalvikvm(21932): GC_CONCURRENT freed 344K, 5% free 8699K/9072K, paused 2ms+1ms, total 36ms
D/overlay (  159): Set pipe=RGB1 dpy=0; Set pipe=VG0 dpy=0; 
D/dalvikvm(21972): GC_CONCURRENT freed 364K, 5% free 8698K/9092K, paused 4ms+3ms, total 32ms
D/edu.ucla.nesl.sigma.base.SigmaEngine(21972): SRequest{action=GET_SIGMA_MANAGER, self=URI{className=edu.ucla.nesl.sigma.base.SigmaServiceA, protocol=LOCAL, type=BASE}, target=URI{className=edu.ucla.nesl.sigma.base.SigmaServiceB, protocol=LOCAL, type=BASE}}
D/edu.ucla.nesl.sigma.base.SigmaEngine(21972): serveBinder uri: URI{_interface=edu.ucla.nesl.sigma.api.ISigmaManager, className=edu.ucla.nesl.sigma.base.SigmaServiceB, protocol=LOCAL, type=BINDER, uuid=4491e29c-8415-404a-b8ff-ceb4e4eae1bf}
D/edu.ucla.nesl.sigma.base.SigmaEngine(21972): SResponse{self=URI{className=edu.ucla.nesl.sigma.base.SigmaServiceB, protocol=LOCAL, type=BASE}, type=URI, uri=URI{_interface=edu.ucla.nesl.sigma.api.ISigmaManager, className=edu.ucla.nesl.sigma.base.SigmaServiceB, protocol=LOCAL, type=BINDER, uuid=4491e29c-8415-404a-b8ff-ceb4e4eae1bf}}
D/edu.ucla.nesl.sigma.base.SigmaEngine(21972): SRequest{action=BINDER_CONNECTED, self=URI{className=edu.ucla.nesl.sigma.base.SigmaServiceA, protocol=LOCAL, type=BASE}, target=URI{_interface=edu.ucla.nesl.sigma.api.ISigmaManager, className=edu.ucla.nesl.sigma.base.SigmaServiceB, protocol=LOCAL, type=BINDER, uuid=4491e29c-8415-404a-b8ff-ceb4e4eae1bf}}
D/edu.ucla.nesl.sigma.base.SigmaEngine(21972): SResponse{self=URI{className=edu.ucla.nesl.sigma.base.SigmaServiceB, protocol=LOCAL, type=BASE}, type=OK}
D/edu.ucla.nesl.sigma.base.SigmaEngine(21972): SRequest{action=BINDER_TRANSACTION, self=URI{className=edu.ucla.nesl.sigma.base.SigmaServiceA, protocol=LOCAL, type=BASE}, target=URI{_interface=edu.ucla.nesl.sigma.api.ISigmaManager, className=edu.ucla.nesl.sigma.base.SigmaServiceB, protocol=LOCAL, type=BINDER, uuid=4491e29c-8415-404a-b8ff-ceb4e4eae1bf}, transaction_request=STransactionRequest{code=4, data=SParcel{bytes=BAMAACUAAABlAGQAdQAuAHUAYwBsAGEALgBuAGUAcwBsAC4AcwBpAGcAbQBhAC4AYQBwAGkALgBJ
D/edu.ucla.nesl.sigma.base.SigmaEngine(21972): AFMAaQBnAG0AYQBNAGEAbgBhAGcAZQByAAAAAQAAADMAAABlAGQAdQAuAHUAYwBsAGEALgBuAGUA
D/edu.ucla.nesl.sigma.base.SigmaEngine(21972): cwBsAC4AcwBpAGcAbQBhAC4AcwBhAG0AcABsAGUAcwAuAHAAaQBuAGcAcABvAG4AZwAuAFAAaQBu
D/edu.ucla.nesl.sigma.base.SigmaEngine(21972): AGcAUABvAG4AZwBTAGUAcgB2AGUAcgAAAAAAAAD/////AAAAAP//////////AAAAAAAAAAAAAAAA
D/edu.ucla.nesl.sigma.base.SigmaEngine(21972): AAAAAP////8=
D/edu.ucla.nesl.sigma.base.SigmaEngine(21972): }, flags=16}}
D/edu.ucla.nesl.sigma.base.SigmaEngine(21972): binder.transact() -- ping:true, interface:edu.ucla.nesl.sigma.api.ISigmaManager
D/edu.ucla.nesl.sigma.base.SigmaEngine(21972): onServiceConnected. interface:edu.ucla.nesl.sigma.samples.pingpong.IPingPongServer
D/Parcel  (21972): Parcel
D/edu.ucla.nesl.sigma.base.SigmaEngine(21972): serveBinder uri: URI{_interface=edu.ucla.nesl.sigma.samples.pingpong.IPingPongServer, className=edu.ucla.nesl.sigma.base.SigmaServiceB, protocol=LOCAL, type=BINDER, uuid=a71ddc79-604c-4962-a331-d76269543cbd}
D/edu.ucla.nesl.sigma.base.SigmaEngine(21972): SResponse{self=URI{className=edu.ucla.nesl.sigma.base.SigmaServiceB, protocol=LOCAL, type=BASE}, transaction_response=STransactionResponse{_return=true, reply=SParcel{bytes=AAAAAIUqaHN/AQAACAAAAAAAAAA=
D/edu.ucla.nesl.sigma.base.SigmaEngine(21972): , objects=[URI{_interface=edu.ucla.nesl.sigma.samples.pingpong.IPingPongServer, className=edu.ucla.nesl.sigma.base.SigmaServiceB, offset=4, protocol=LOCAL, type=BINDER, uuid=a71ddc79-604c-4962-a331-d76269543cbd}]}}, type=BINDER_TRANSACTION_RESPONSE}
D/edu.ucla.nesl.sigma.base.SigmaEngine(21972): SRequest{action=BINDER_CONNECTED, self=URI{className=edu.ucla.nesl.sigma.base.SigmaServiceA, protocol=LOCAL, type=BASE}, target=URI{_interface=edu.ucla.nesl.sigma.samples.pingpong.IPingPongServer, className=edu.ucla.nesl.sigma.base.SigmaServiceB, protocol=LOCAL, type=BINDER, uuid=a71ddc79-604c-4962-a331-d76269543cbd}}
D/edu.ucla.nesl.sigma.base.SigmaEngine(21972): SResponse{self=URI{className=edu.ucla.nesl.sigma.base.SigmaServiceB, protocol=LOCAL, type=BASE}, type=OK}
D/edu.ucla.nesl.sigma.base.SigmaEngine(21972): SRequest{action=BINDER_TRANSACTION, self=URI{className=edu.ucla.nesl.sigma.base.SigmaServiceA, protocol=LOCAL, type=BASE}, target=URI{_interface=edu.ucla.nesl.sigma.samples.pingpong.IPingPongServer, className=edu.ucla.nesl.sigma.base.SigmaServiceB, protocol=LOCAL, type=BINDER, uuid=a71ddc79-604c-4962-a331-d76269543cbd}, transaction_request=STransactionRequest{code=4, data=SParcel{bytes=BAMAADQAAABlAGQAdQAuAHUAYwBsAGEALgBuAGUAcwBsAC4AcwBpAGcAbQBhAC4AcwBhAG0AcABs
D/edu.ucla.nesl.sigma.base.SigmaEngine(21972): AGUAcwAuAHAAaQBuAGcAcABvAG4AZwAuAEkAUABpAG4AZwBQAG8AbgBnAFMAZQByAHYAZQByAAAA
D/edu.ucla.nesl.sigma.base.SigmaEngine(21972): AAA=
D/edu.ucla.nesl.sigma.base.SigmaEngine(21972): }, flags=16}}
D/edu.ucla.nesl.sigma.base.SigmaEngine(21972): binder.transact() -- ping:true, interface:edu.ucla.nesl.sigma.samples.pingpong.IPingPongServer
D/edu.ucla.nesl.sigma.samples.pingpong.PingPongServer(22002): GET_RANDOM = -1155484576
D/edu.ucla.nesl.sigma.base.SigmaEngine(21972): SResponse{self=URI{className=edu.ucla.nesl.sigma.base.SigmaServiceB, protocol=LOCAL, type=BASE}, transaction_response=STransactionResponse{_return=true, reply=SParcel{bytes=AAAAAGC0ILs=
D/edu.ucla.nesl.sigma.base.SigmaEngine(21972): , objects=[]}}, type=BINDER_TRANSACTION_RESPONSE}
D/edu.ucla.nesl.sigma.samples.pingpong.PingPongActivity(21914): GOT_RANDOM = -1155484576
D/edu.ucla.nesl.sigma.base.SigmaEngine(21972): SRequest{action=BINDER_TRANSACTION, self=URI{className=edu.ucla.nesl.sigma.base.SigmaServiceA, protocol=LOCAL, type=BASE}, target=URI{_interface=edu.ucla.nesl.sigma.samples.pingpong.IPingPongServer, className=edu.ucla.nesl.sigma.base.SigmaServiceB, protocol=LOCAL, type=BINDER, uuid=a71ddc79-604c-4962-a331-d76269543cbd}, transaction_request=STransactionRequest{code=4, data=SParcel{bytes=BAMAADQAAABlAGQAdQAuAHUAYwBsAGEALgBuAGUAcwBsAC4AcwBpAGcAbQBhAC4AcwBhAG0AcABs
D/edu.ucla.nesl.sigma.base.SigmaEngine(21972): AGUAcwAuAHAAaQBuAGcAcABvAG4AZwAuAEkAUABpAG4AZwBQAG8AbgBnAFMAZQByAHYAZQByAAAA
D/edu.ucla.nesl.sigma.base.SigmaEngine(21972): AAA=
D/edu.ucla.nesl.sigma.base.SigmaEngine(21972): }, flags=16}}
D/edu.ucla.nesl.sigma.base.SigmaEngine(21972): binder.transact() -- ping:true, interface:edu.ucla.nesl.sigma.samples.pingpong.IPingPongServer
D/edu.ucla.nesl.sigma.samples.pingpong.PingPongServer(22002): GET_RANDOM = -723955400
D/edu.ucla.nesl.sigma.base.SigmaEngine(21972): SResponse{self=URI{className=edu.ucla.nesl.sigma.base.SigmaServiceB, protocol=LOCAL, type=BASE}, transaction_response=STransactionResponse{_return=true, reply=SParcel{bytes=AAAAADhR2dQ=
D/edu.ucla.nesl.sigma.base.SigmaEngine(21972): , objects=[]}}, type=BINDER_TRANSACTION_RESPONSE}
D/edu.ucla.nesl.sigma.samples.pingpong.PingPongActivity(21914): GOT_RANDOM = -723955400
D/edu.ucla.nesl.sigma.base.SigmaEngine(21972): SRequest{action=BINDER_TRANSACTION, self=URI{className=edu.ucla.nesl.sigma.base.SigmaServiceA, protocol=LOCAL, type=BASE}, target=URI{_interface=edu.ucla.nesl.sigma.samples.pingpong.IPingPongServer, className=edu.ucla.nesl.sigma.base.SigmaServiceB, protocol=LOCAL, type=BINDER, uuid=a71ddc79-604c-4962-a331-d76269543cbd}, transaction_request=STransactionRequest{code=4, data=SParcel{bytes=BAMAADQAAABlAGQAdQAuAHUAYwBsAGEALgBuAGUAcwBsAC4AcwBpAGcAbQBhAC4AcwBhAG0AcABs
D/edu.ucla.nesl.sigma.base.SigmaEngine(21972): AGUAcwAuAHAAaQBuAGcAcABvAG4AZwAuAEkAUABpAG4AZwBQAG8AbgBnAFMAZQByAHYAZQByAAAA
D/edu.ucla.nesl.sigma.base.SigmaEngine(21972): AAA=
D/edu.ucla.nesl.sigma.base.SigmaEngine(21972): }, flags=16}}
D/edu.ucla.nesl.sigma.base.SigmaEngine(21972): binder.transact() -- ping:true, interface:edu.ucla.nesl.sigma.samples.pingpong.IPingPongServer
D/edu.ucla.nesl.sigma.samples.pingpong.PingPongServer(22002): GET_RANDOM = 1033096058
D/edu.ucla.nesl.sigma.base.SigmaEngine(21972): SResponse{self=URI{className=edu.ucla.nesl.sigma.base.SigmaServiceB, protocol=LOCAL, type=BASE}, transaction_response=STransactionResponse{_return=true, reply=SParcel{bytes=AAAAAHrLkz0=
D/edu.ucla.nesl.sigma.base.SigmaEngine(21972): , objects=[]}}, type=BINDER_TRANSACTION_RESPONSE}
D/edu.ucla.nesl.sigma.samples.pingpong.PingPongActivity(21914): GOT_RANDOM = 1033096058
D/edu.ucla.nesl.sigma.base.SigmaEngine(21972): SRequest{action=BINDER_TRANSACTION, self=URI{className=edu.ucla.nesl.sigma.base.SigmaServiceA, protocol=LOCAL, type=BASE}, target=URI{_interface=edu.ucla.nesl.sigma.samples.pingpong.IPingPongServer, className=edu.ucla.nesl.sigma.base.SigmaServiceB, protocol=LOCAL, type=BINDER, uuid=a71ddc79-604c-4962-a331-d76269543cbd}, transaction_request=STransactionRequest{code=4, data=SParcel{bytes=BAMAADQAAABlAGQAdQAuAHUAYwBsAGEALgBuAGUAcwBsAC4AcwBpAGcAbQBhAC4AcwBhAG0AcABs
D/edu.ucla.nesl.sigma.base.SigmaEngine(21972): AGUAcwAuAHAAaQBuAGcAcABvAG4AZwAuAEkAUABpAG4AZwBQAG8AbgBnAFMAZQByAHYAZQByAAAA
D/edu.ucla.nesl.sigma.base.SigmaEngine(21972): AAA=
D/edu.ucla.nesl.sigma.base.SigmaEngine(21972): }, flags=16}}
D/edu.ucla.nesl.sigma.base.SigmaEngine(21972): binder.transact() -- ping:true, interface:edu.ucla.nesl.sigma.samples.pingpong.IPingPongServer
D/edu.ucla.nesl.sigma.samples.pingpong.PingPongServer(22002): GET_RANDOM = -1690734402
D/edu.ucla.nesl.sigma.base.SigmaEngine(21972): SResponse{self=URI{className=edu.ucla.nesl.sigma.base.SigmaServiceB, protocol=LOCAL, type=BASE}, transaction_response=STransactionResponse{_return=true, reply=SParcel{bytes=AAAAAL5wOZs=
D/edu.ucla.nesl.sigma.base.SigmaEngine(21972): , objects=[]}}, type=BINDER_TRANSACTION_RESPONSE}
D/edu.ucla.nesl.sigma.samples.pingpong.PingPongActivity(21914): GOT_RANDOM = -1690734402
D/edu.ucla.nesl.sigma.base.SigmaEngine(21972): SRequest{action=BINDER_TRANSACTION, self=URI{className=edu.ucla.nesl.sigma.base.SigmaServiceA, protocol=LOCAL, type=BASE}, target=URI{_interface=edu.ucla.nesl.sigma.samples.pingpong.IPingPongServer, className=edu.ucla.nesl.sigma.base.SigmaServiceB, protocol=LOCAL, type=BINDER, uuid=a71ddc79-604c-4962-a331-d76269543cbd}, transaction_request=STransactionRequest{code=4, data=SParcel{bytes=BAMAADQAAABlAGQAdQAuAHUAYwBsAGEALgBuAGUAcwBsAC4AcwBpAGcAbQBhAC4AcwBhAG0AcABs
D/edu.ucla.nesl.sigma.base.SigmaEngine(21972): AGUAcwAuAHAAaQBuAGcAcABvAG4AZwAuAEkAUABpAG4AZwBQAG8AbgBnAFMAZQByAHYAZQByAAAA
D/edu.ucla.nesl.sigma.base.SigmaEngine(21972): AAA=
D/edu.ucla.nesl.sigma.base.SigmaEngine(21972): }, flags=16}}
D/edu.ucla.nesl.sigma.base.SigmaEngine(21972): binder.transact() -- ping:true, interface:edu.ucla.nesl.sigma.samples.pingpong.IPingPongServer
D/edu.ucla.nesl.sigma.samples.pingpong.PingPongServer(22002): GET_RANDOM = -1557280266
D/edu.ucla.nesl.sigma.base.SigmaEngine(21972): SResponse{self=URI{className=edu.ucla.nesl.sigma.base.SigmaServiceB, protocol=LOCAL, type=BASE}, transaction_response=STransactionResponse{_return=true, reply=SParcel{bytes=AAAAAPbJLaM=
D/edu.ucla.nesl.sigma.base.SigmaEngine(21972): , objects=[]}}, type=BINDER_TRANSACTION_RESPONSE}
D/edu.ucla.nesl.sigma.samples.pingpong.PingPongActivity(21914): GOT_RANDOM = -1557280266
D/edu.ucla.nesl.sigma.base.SigmaEngine(21972): SRequest{action=BINDER_TRANSACTION, self=URI{className=edu.ucla.nesl.sigma.base.SigmaServiceA, protocol=LOCAL, type=BASE}, target=URI{_interface=edu.ucla.nesl.sigma.samples.pingpong.IPingPongServer, className=edu.ucla.nesl.sigma.base.SigmaServiceB, protocol=LOCAL, type=BINDER, uuid=a71ddc79-604c-4962-a331-d76269543cbd}, transaction_request=STransactionRequest{code=4, data=SParcel{bytes=BAMAADQAAABlAGQAdQAuAHUAYwBsAGEALgBuAGUAcwBsAC4AcwBpAGcAbQBhAC4AcwBhAG0AcABs
D/edu.ucla.nesl.sigma.base.SigmaEngine(21972): AGUAcwAuAHAAaQBuAGcAcABvAG4AZwAuAEkAUABpAG4AZwBQAG8AbgBnAFMAZQByAHYAZQByAAAA
D/edu.ucla.nesl.sigma.base.SigmaEngine(21972): AAA=
D/edu.ucla.nesl.sigma.base.SigmaEngine(21972): }, flags=16}}
D/edu.ucla.nesl.sigma.base.SigmaEngine(21972): binder.transact() -- ping:true, interface:edu.ucla.nesl.sigma.samples.pingpong.IPingPongServer
D/edu.ucla.nesl.sigma.samples.pingpong.PingPongServer(22002): GET_RANDOM = 1327362106
D/edu.ucla.nesl.sigma.base.SigmaEngine(21972): SResponse{self=URI{className=edu.ucla.nesl.sigma.base.SigmaServiceB, protocol=LOCAL, type=BASE}, transaction_response=STransactionResponse{_return=true, reply=SParcel{bytes=AAAAADrwHU8=
D/edu.ucla.nesl.sigma.base.SigmaEngine(21972): , objects=[]}}, type=BINDER_TRANSACTION_RESPONSE}
D/edu.ucla.nesl.sigma.samples.pingpong.PingPongActivity(21914): GOT_RANDOM = 1327362106
D/edu.ucla.nesl.sigma.base.SigmaEngine(21972): SRequest{action=BINDER_TRANSACTION, self=URI{className=edu.ucla.nesl.sigma.base.SigmaServiceA, protocol=LOCAL, type=BASE}, target=URI{_interface=edu.ucla.nesl.sigma.samples.pingpong.IPingPongServer, className=edu.ucla.nesl.sigma.base.SigmaServiceB, protocol=LOCAL, type=BINDER, uuid=a71ddc79-604c-4962-a331-d76269543cbd}, transaction_request=STransactionRequest{code=4, data=SParcel{bytes=BAMAADQAAABlAGQAdQAuAHUAYwBsAGEALgBuAGUAcwBsAC4AcwBpAGcAbQBhAC4AcwBhAG0AcABs
D/edu.ucla.nesl.sigma.base.SigmaEngine(21972): AGUAcwAuAHAAaQBuAGcAcABvAG4AZwAuAEkAUABpAG4AZwBQAG8AbgBnAFMAZQByAHYAZQByAAAA
D/edu.ucla.nesl.sigma.base.SigmaEngine(21972): AAA=
D/edu.ucla.nesl.sigma.base.SigmaEngine(21972): }, flags=16}}
D/edu.ucla.nesl.sigma.base.SigmaEngine(21972): binder.transact() -- ping:true, interface:edu.ucla.nesl.sigma.samples.pingpong.IPingPongServer
D/edu.ucla.nesl.sigma.samples.pingpong.PingPongServer(22002): GET_RANDOM = -1930858313
D/edu.ucla.nesl.sigma.base.SigmaEngine(21972): SResponse{self=URI{className=edu.ucla.nesl.sigma.base.SigmaServiceB, protocol=LOCAL, type=BASE}, transaction_response=STransactionResponse{_return=true, reply=SParcel{bytes=AAAAALdw6Yw=
D/edu.ucla.nesl.sigma.base.SigmaEngine(21972): , objects=[]}}, type=BINDER_TRANSACTION_RESPONSE}
D/edu.ucla.nesl.sigma.samples.pingpong.PingPongActivity(21914): GOT_RANDOM = -1930858313
D/edu.ucla.nesl.sigma.base.SigmaEngine(21972): SRequest{action=BINDER_TRANSACTION, self=URI{className=edu.ucla.nesl.sigma.base.SigmaServiceA, protocol=LOCAL, type=BASE}, target=URI{_interface=edu.ucla.nesl.sigma.samples.pingpong.IPingPongServer, className=edu.ucla.nesl.sigma.base.SigmaServiceB, protocol=LOCAL, type=BINDER, uuid=a71ddc79-604c-4962-a331-d76269543cbd}, transaction_request=STransactionRequest{code=4, data=SParcel{bytes=BAMAADQAAABlAGQAdQAuAHUAYwBsAGEALgBuAGUAcwBsAC4AcwBpAGcAbQBhAC4AcwBhAG0AcABs
D/edu.ucla.nesl.sigma.base.SigmaEngine(21972): AGUAcwAuAHAAaQBuAGcAcABvAG4AZwAuAEkAUABpAG4AZwBQAG8AbgBnAFMAZQByAHYAZQByAAAA
D/edu.ucla.nesl.sigma.base.SigmaEngine(21972): AAA=
D/edu.ucla.nesl.sigma.base.SigmaEngine(21972): }, flags=16}}
D/edu.ucla.nesl.sigma.base.SigmaEngine(21972): binder.transact() -- ping:true, interface:edu.ucla.nesl.sigma.samples.pingpong.IPingPongServer
D/edu.ucla.nesl.sigma.samples.pingpong.PingPongServer(22002): GET_RANDOM = 502539523
D/edu.ucla.nesl.sigma.base.SigmaEngine(21972): SResponse{self=URI{className=edu.ucla.nesl.sigma.base.SigmaServiceB, protocol=LOCAL, type=BASE}, transaction_response=STransactionResponse{_return=true, reply=SParcel{bytes=AAAAAAMl9B0=
D/edu.ucla.nesl.sigma.base.SigmaEngine(21972): , objects=[]}}, type=BINDER_TRANSACTION_RESPONSE}
D/edu.ucla.nesl.sigma.samples.pingpong.PingPongActivity(21914): GOT_RANDOM = 502539523
D/edu.ucla.nesl.sigma.base.SigmaEngine(21972): SRequest{action=BINDER_TRANSACTION, self=URI{className=edu.ucla.nesl.sigma.base.SigmaServiceA, protocol=LOCAL, type=BASE}, target=URI{_interface=edu.ucla.nesl.sigma.samples.pingpong.IPingPongServer, className=edu.ucla.nesl.sigma.base.SigmaServiceB, protocol=LOCAL, type=BINDER, uuid=a71ddc79-604c-4962-a331-d76269543cbd}, transaction_request=STransactionRequest{code=4, data=SParcel{bytes=BAMAADQAAABlAGQAdQAuAHUAYwBsAGEALgBuAGUAcwBsAC4AcwBpAGcAbQBhAC4AcwBhAG0AcABs
D/edu.ucla.nesl.sigma.base.SigmaEngine(21972): AGUAcwAuAHAAaQBuAGcAcABvAG4AZwAuAEkAUABpAG4AZwBQAG8AbgBnAFMAZQByAHYAZQByAAAA
D/edu.ucla.nesl.sigma.base.SigmaEngine(21972): AAA=
D/edu.ucla.nesl.sigma.base.SigmaEngine(21972): }, flags=16}}
D/edu.ucla.nesl.sigma.base.SigmaEngine(21972): binder.transact() -- ping:true, interface:edu.ucla.nesl.sigma.samples.pingpong.IPingPongServer
D/edu.ucla.nesl.sigma.samples.pingpong.PingPongServer(22002): GET_RANDOM = -1728529858
D/edu.ucla.nesl.sigma.base.SigmaEngine(21972): SResponse{self=URI{className=edu.ucla.nesl.sigma.base.SigmaServiceB, protocol=LOCAL, type=BASE}, transaction_response=STransactionResponse{_return=true, reply=SParcel{bytes=AAAAAD66+Jg=
D/edu.ucla.nesl.sigma.base.SigmaEngine(21972): , objects=[]}}, type=BINDER_TRANSACTION_RESPONSE}
D/edu.ucla.nesl.sigma.samples.pingpong.PingPongActivity(21914): GOT_RANDOM = -1728529858
D/edu.ucla.nesl.sigma.base.SigmaEngine(21972): SRequest{action=BINDER_TRANSACTION, self=URI{className=edu.ucla.nesl.sigma.base.SigmaServiceA, protocol=LOCAL, type=BASE}, target=URI{_interface=edu.ucla.nesl.sigma.samples.pingpong.IPingPongServer, className=edu.ucla.nesl.sigma.base.SigmaServiceB, protocol=LOCAL, type=BINDER, uuid=a71ddc79-604c-4962-a331-d76269543cbd}, transaction_request=STransactionRequest{code=4, data=SParcel{bytes=BAMAADQAAABlAGQAdQAuAHUAYwBsAGEALgBuAGUAcwBsAC4AcwBpAGcAbQBhAC4AcwBhAG0AcABs
D/edu.ucla.nesl.sigma.base.SigmaEngine(21972): AGUAcwAuAHAAaQBuAGcAcABvAG4AZwAuAEkAUABpAG4AZwBQAG8AbgBnAFMAZQByAHYAZQByAAAA
D/edu.ucla.nesl.sigma.base.SigmaEngine(21972): AAA=
D/edu.ucla.nesl.sigma.base.SigmaEngine(21972): }, flags=16}}
D/edu.ucla.nesl.sigma.base.SigmaEngine(21972): binder.transact() -- ping:true, interface:edu.ucla.nesl.sigma.samples.pingpong.IPingPongServer
D/edu.ucla.nesl.sigma.samples.pingpong.PingPongServer(22002): GET_RANDOM = -938301587
D/dalvikvm(21972): GC_CONCURRENT freed 408K, 5% free 8726K/9160K, paused 2ms+4ms, total 34ms
D/edu.ucla.nesl.sigma.base.SigmaEngine(21972): SResponse{self=URI{className=edu.ucla.nesl.sigma.base.SigmaServiceB, protocol=LOCAL, type=BASE}, transaction_response=STransactionResponse{_return=true, reply=SParcel{bytes=AAAAAG2nEsg=
D/edu.ucla.nesl.sigma.base.SigmaEngine(21972): , objects=[]}}, type=BINDER_TRANSACTION_RESPONSE}
D/edu.ucla.nesl.sigma.samples.pingpong.PingPongActivity(21914): GOT_RANDOM = -938301587
D/Parcel  (21932): Parcel
D/edu.ucla.nesl.sigma.base.SigmaEngine(21932): serveBinder uri: URI{_interface=edu.ucla.nesl.sigma.samples.pingpong.IPingPongServer, className=edu.ucla.nesl.sigma.base.SigmaServiceA, protocol=LOCAL, type=BINDER, uuid=5281af37-7954-44eb-ad2d-17d3a19d420a}
D/edu.ucla.nesl.sigma.base.SigmaEngine(21972): SRequest{action=BINDER_TRANSACTION, self=URI{className=edu.ucla.nesl.sigma.base.SigmaServiceA, protocol=LOCAL, type=BASE}, target=URI{_interface=edu.ucla.nesl.sigma.samples.pingpong.IPingPongServer, className=edu.ucla.nesl.sigma.base.SigmaServiceB, protocol=LOCAL, type=BINDER, uuid=a71ddc79-604c-4962-a331-d76269543cbd}, transaction_request=STransactionRequest{code=3, data=SParcel{bytes=BAMAADQAAABlAGQAdQAuAHUAYwBsAGEALgBuAGUAcwBsAC4AcwBpAGcAbQBhAC4AcwBhAG0AcABs
D/edu.ucla.nesl.sigma.base.SigmaEngine(21972): AGUAcwAuAHAAaQBuAGcAcABvAG4AZwAuAEkAUABpAG4AZwBQAG8AbgBnAFMAZQByAHYAZQByAAAA
D/edu.ucla.nesl.sigma.base.SigmaEngine(21972): AACFKmhzfwEAAAkAAAAAAAAA
D/edu.ucla.nesl.sigma.base.SigmaEngine(21972): , objects=[URI{_interface=edu.ucla.nesl.sigma.samples.pingpong.IPingPongServer, className=edu.ucla.nesl.sigma.base.SigmaServiceA, offset=116, protocol=LOCAL, type=BINDER, uuid=5281af37-7954-44eb-ad2d-17d3a19d420a}]}, flags=16}}
D/edu.ucla.nesl.sigma.base.SigmaEngine(21972): onServiceConnected. interface:edu.ucla.nesl.sigma.api.ISigmaServiceConnection
D/edu.ucla.nesl.sigma.base.SigmaEngine(21932): SRequest{action=BINDER_CONNECTED, self=URI{className=edu.ucla.nesl.sigma.base.SigmaServiceB, protocol=LOCAL, type=BASE}, target=URI{_interface=edu.ucla.nesl.sigma.samples.pingpong.IPingPongServer, className=edu.ucla.nesl.sigma.base.SigmaServiceA, protocol=LOCAL, type=BINDER, uuid=5281af37-7954-44eb-ad2d-17d3a19d420a}}
D/edu.ucla.nesl.sigma.base.SigmaEngine(21932): SResponse{self=URI{className=edu.ucla.nesl.sigma.base.SigmaServiceA, protocol=LOCAL, type=BASE}, type=OK}
D/edu.ucla.nesl.sigma.base.SigmaEngine(21972): binder.transact() -- ping:true, interface:edu.ucla.nesl.sigma.samples.pingpong.IPingPongServer
D/edu.ucla.nesl.sigma.samples.pingpong.PingPongServer(22002): Got object
D/edu.ucla.nesl.sigma.base.SigmaEngine(21972): SResponse{self=URI{className=edu.ucla.nesl.sigma.base.SigmaServiceB, protocol=LOCAL, type=BASE}, transaction_response=STransactionResponse{_return=true, reply=SParcel{bytes=AAAAAA==
D/edu.ucla.nesl.sigma.base.SigmaEngine(21972): , objects=[]}}, type=BINDER_TRANSACTION_RESPONSE}
D/Parcel  (21932): Parcel
D/edu.ucla.nesl.sigma.base.SigmaEngine(21932): serveBinder uri: URI{_interface=edu.ucla.nesl.sigma.samples.pingpong.IPingPongServer, className=edu.ucla.nesl.sigma.base.SigmaServiceA, protocol=LOCAL, type=BINDER, uuid=5281af37-7954-44eb-ad2d-17d3a19d420a}
D/edu.ucla.nesl.sigma.base.SigmaEngine(21972): SRequest{action=BINDER_TRANSACTION, self=URI{className=edu.ucla.nesl.sigma.base.SigmaServiceA, protocol=LOCAL, type=BASE}, target=URI{_interface=edu.ucla.nesl.sigma.samples.pingpong.IPingPongServer, className=edu.ucla.nesl.sigma.base.SigmaServiceB, protocol=LOCAL, type=BINDER, uuid=a71ddc79-604c-4962-a331-d76269543cbd}, transaction_request=STransactionRequest{code=3, data=SParcel{bytes=BAMAADQAAABlAGQAdQAuAHUAYwBsAGEALgBuAGUAcwBsAC4AcwBpAGcAbQBhAC4AcwBhAG0AcABs
D/edu.ucla.nesl.sigma.base.SigmaEngine(21972): AGUAcwAuAHAAaQBuAGcAcABvAG4AZwAuAEkAUABpAG4AZwBQAG8AbgBnAFMAZQByAHYAZQByAAAA
D/edu.ucla.nesl.sigma.base.SigmaEngine(21972): AACFKmhzfwEAAAkAAAAAAAAA
D/edu.ucla.nesl.sigma.base.SigmaEngine(21972): , objects=[URI{_interface=edu.ucla.nesl.sigma.samples.pingpong.IPingPongServer, className=edu.ucla.nesl.sigma.base.SigmaServiceA, offset=116, protocol=LOCAL, type=BINDER, uuid=5281af37-7954-44eb-ad2d-17d3a19d420a}]}, flags=16}}
D/edu.ucla.nesl.sigma.base.SigmaEngine(21972): binder.transact() -- ping:true, interface:edu.ucla.nesl.sigma.samples.pingpong.IPingPongServer
D/edu.ucla.nesl.sigma.samples.pingpong.PingPongServer(22002): Got object
D/edu.ucla.nesl.sigma.base.SigmaEngine(21972): SResponse{self=URI{className=edu.ucla.nesl.sigma.base.SigmaServiceB, protocol=LOCAL, type=BASE}, transaction_response=STransactionResponse{_return=true, reply=SParcel{bytes=AAAAAA==
D/edu.ucla.nesl.sigma.base.SigmaEngine(21972): , objects=[]}}, type=BINDER_TRANSACTION_RESPONSE}
D/Parcel  (21932): Parcel
D/edu.ucla.nesl.sigma.base.SigmaEngine(21932): serveBinder uri: URI{_interface=edu.ucla.nesl.sigma.samples.pingpong.IPingPongServer, className=edu.ucla.nesl.sigma.base.SigmaServiceA, protocol=LOCAL, type=BINDER, uuid=5281af37-7954-44eb-ad2d-17d3a19d420a}
D/edu.ucla.nesl.sigma.base.SigmaEngine(21972): SRequest{action=BINDER_TRANSACTION, self=URI{className=edu.ucla.nesl.sigma.base.SigmaServiceA, protocol=LOCAL, type=BASE}, target=URI{_interface=edu.ucla.nesl.sigma.samples.pingpong.IPingPongServer, className=edu.ucla.nesl.sigma.base.SigmaServiceB, protocol=LOCAL, type=BINDER, uuid=a71ddc79-604c-4962-a331-d76269543cbd}, transaction_request=STransactionRequest{code=3, data=SParcel{bytes=BAMAADQAAABlAGQAdQAuAHUAYwBsAGEALgBuAGUAcwBsAC4AcwBpAGcAbQBhAC4AcwBhAG0AcABs
D/edu.ucla.nesl.sigma.base.SigmaEngine(21972): AGUAcwAuAHAAaQBuAGcAcABvAG4AZwAuAEkAUABpAG4AZwBQAG8AbgBnAFMAZQByAHYAZQByAAAA
D/edu.ucla.nesl.sigma.base.SigmaEngine(21972): AACFKmhzfwEAAAkAAAAAAAAA
D/edu.ucla.nesl.sigma.base.SigmaEngine(21972): , objects=[URI{_interface=edu.ucla.nesl.sigma.samples.pingpong.IPingPongServer, className=edu.ucla.nesl.sigma.base.SigmaServiceA, offset=116, protocol=LOCAL, type=BINDER, uuid=5281af37-7954-44eb-ad2d-17d3a19d420a}]}, flags=16}}
D/edu.ucla.nesl.sigma.base.SigmaEngine(21972): binder.transact() -- ping:true, interface:edu.ucla.nesl.sigma.samples.pingpong.IPingPongServer
D/edu.ucla.nesl.sigma.samples.pingpong.PingPongServer(22002): Got object
D/edu.ucla.nesl.sigma.base.SigmaEngine(21972): SResponse{self=URI{className=edu.ucla.nesl.sigma.base.SigmaServiceB, protocol=LOCAL, type=BASE}, transaction_response=STransactionResponse{_return=true, reply=SParcel{bytes=AAAAAA==
D/edu.ucla.nesl.sigma.base.SigmaEngine(21972): , objects=[]}}, type=BINDER_TRANSACTION_RESPONSE}
D/Parcel  (21932): Parcel
D/edu.ucla.nesl.sigma.base.SigmaEngine(21932): serveBinder uri: URI{_interface=edu.ucla.nesl.sigma.samples.pingpong.IPingPongServer, className=edu.ucla.nesl.sigma.base.SigmaServiceA, protocol=LOCAL, type=BINDER, uuid=5281af37-7954-44eb-ad2d-17d3a19d420a}
D/edu.ucla.nesl.sigma.base.SigmaEngine(21972): SRequest{action=BINDER_TRANSACTION, self=URI{className=edu.ucla.nesl.sigma.base.SigmaServiceA, protocol=LOCAL, type=BASE}, target=URI{_interface=edu.ucla.nesl.sigma.samples.pingpong.IPingPongServer, className=edu.ucla.nesl.sigma.base.SigmaServiceB, protocol=LOCAL, type=BINDER, uuid=a71ddc79-604c-4962-a331-d76269543cbd}, transaction_request=STransactionRequest{code=3, data=SParcel{bytes=BAMAADQAAABlAGQAdQAuAHUAYwBsAGEALgBuAGUAcwBsAC4AcwBpAGcAbQBhAC4AcwBhAG0AcABs
D/edu.ucla.nesl.sigma.base.SigmaEngine(21972): AGUAcwAuAHAAaQBuAGcAcABvAG4AZwAuAEkAUABpAG4AZwBQAG8AbgBnAFMAZQByAHYAZQByAAAA
D/edu.ucla.nesl.sigma.base.SigmaEngine(21972): AACFKmhzfwEAAAkAAAAAAAAA
D/edu.ucla.nesl.sigma.base.SigmaEngine(21972): , objects=[URI{_interface=edu.ucla.nesl.sigma.samples.pingpong.IPingPongServer, className=edu.ucla.nesl.sigma.base.SigmaServiceA, offset=116, protocol=LOCAL, type=BINDER, uuid=5281af37-7954-44eb-ad2d-17d3a19d420a}]}, flags=16}}
D/edu.ucla.nesl.sigma.base.SigmaEngine(21972): binder.transact() -- ping:true, interface:edu.ucla.nesl.sigma.samples.pingpong.IPingPongServer
D/edu.ucla.nesl.sigma.samples.pingpong.PingPongServer(22002): Got object
D/edu.ucla.nesl.sigma.base.SigmaEngine(21972): SResponse{self=URI{className=edu.ucla.nesl.sigma.base.SigmaServiceB, protocol=LOCAL, type=BASE}, transaction_response=STransactionResponse{_return=true, reply=SParcel{bytes=AAAAAA==
D/edu.ucla.nesl.sigma.base.SigmaEngine(21972): , objects=[]}}, type=BINDER_TRANSACTION_RESPONSE}
D/Parcel  (21932): Parcel
D/edu.ucla.nesl.sigma.base.SigmaEngine(21932): serveBinder uri: URI{_interface=edu.ucla.nesl.sigma.samples.pingpong.IPingPongServer, className=edu.ucla.nesl.sigma.base.SigmaServiceA, protocol=LOCAL, type=BINDER, uuid=5281af37-7954-44eb-ad2d-17d3a19d420a}
D/edu.ucla.nesl.sigma.base.SigmaEngine(21972): SRequest{action=BINDER_TRANSACTION, self=URI{className=edu.ucla.nesl.sigma.base.SigmaServiceA, protocol=LOCAL, type=BASE}, target=URI{_interface=edu.ucla.nesl.sigma.samples.pingpong.IPingPongServer, className=edu.ucla.nesl.sigma.base.SigmaServiceB, protocol=LOCAL, type=BINDER, uuid=a71ddc79-604c-4962-a331-d76269543cbd}, transaction_request=STransactionRequest{code=3, data=SParcel{bytes=BAMAADQAAABlAGQAdQAuAHUAYwBsAGEALgBuAGUAcwBsAC4AcwBpAGcAbQBhAC4AcwBhAG0AcABs
D/edu.ucla.nesl.sigma.base.SigmaEngine(21972): AGUAcwAuAHAAaQBuAGcAcABvAG4AZwAuAEkAUABpAG4AZwBQAG8AbgBnAFMAZQByAHYAZQByAAAA
D/edu.ucla.nesl.sigma.base.SigmaEngine(21972): AACFKmhzfwEAAAkAAAAAAAAA
D/edu.ucla.nesl.sigma.base.SigmaEngine(21972): , objects=[URI{_interface=edu.ucla.nesl.sigma.samples.pingpong.IPingPongServer, className=edu.ucla.nesl.sigma.base.SigmaServiceA, offset=116, protocol=LOCAL, type=BINDER, uuid=5281af37-7954-44eb-ad2d-17d3a19d420a}]}, flags=16}}
D/edu.ucla.nesl.sigma.base.SigmaEngine(21972): binder.transact() -- ping:true, interface:edu.ucla.nesl.sigma.samples.pingpong.IPingPongServer
D/edu.ucla.nesl.sigma.samples.pingpong.PingPongServer(22002): Got object
D/edu.ucla.nesl.sigma.base.SigmaEngine(21972): SResponse{self=URI{className=edu.ucla.nesl.sigma.base.SigmaServiceB, protocol=LOCAL, type=BASE}, transaction_response=STransactionResponse{_return=true, reply=SParcel{bytes=AAAAAA==
D/edu.ucla.nesl.sigma.base.SigmaEngine(21972): , objects=[]}}, type=BINDER_TRANSACTION_RESPONSE}
D/Parcel  (21932): Parcel
D/edu.ucla.nesl.sigma.base.SigmaEngine(21932): serveBinder uri: URI{_interface=edu.ucla.nesl.sigma.samples.pingpong.IPingPongServer, className=edu.ucla.nesl.sigma.base.SigmaServiceA, protocol=LOCAL, type=BINDER, uuid=5281af37-7954-44eb-ad2d-17d3a19d420a}
D/edu.ucla.nesl.sigma.base.SigmaEngine(21972): SRequest{action=BINDER_TRANSACTION, self=URI{className=edu.ucla.nesl.sigma.base.SigmaServiceA, protocol=LOCAL, type=BASE}, target=URI{_interface=edu.ucla.nesl.sigma.samples.pingpong.IPingPongServer, className=edu.ucla.nesl.sigma.base.SigmaServiceB, protocol=LOCAL, type=BINDER, uuid=a71ddc79-604c-4962-a331-d76269543cbd}, transaction_request=STransactionRequest{code=3, data=SParcel{bytes=BAMAADQAAABlAGQAdQAuAHUAYwBsAGEALgBuAGUAcwBsAC4AcwBpAGcAbQBhAC4AcwBhAG0AcABs
D/edu.ucla.nesl.sigma.base.SigmaEngine(21972): AGUAcwAuAHAAaQBuAGcAcABvAG4AZwAuAEkAUABpAG4AZwBQAG8AbgBnAFMAZQByAHYAZQByAAAA
D/edu.ucla.nesl.sigma.base.SigmaEngine(21972): AACFKmhzfwEAAAkAAAAAAAAA
D/edu.ucla.nesl.sigma.base.SigmaEngine(21972): , objects=[URI{_interface=edu.ucla.nesl.sigma.samples.pingpong.IPingPongServer, className=edu.ucla.nesl.sigma.base.SigmaServiceA, offset=116, protocol=LOCAL, type=BINDER, uuid=5281af37-7954-44eb-ad2d-17d3a19d420a}]}, flags=16}}
D/edu.ucla.nesl.sigma.base.SigmaEngine(21972): binder.transact() -- ping:true, interface:edu.ucla.nesl.sigma.samples.pingpong.IPingPongServer
D/edu.ucla.nesl.sigma.samples.pingpong.PingPongServer(22002): Got object
D/edu.ucla.nesl.sigma.base.SigmaEngine(21972): SResponse{self=URI{className=edu.ucla.nesl.sigma.base.SigmaServiceB, protocol=LOCAL, type=BASE}, transaction_response=STransactionResponse{_return=true, reply=SParcel{bytes=AAAAAA==
D/edu.ucla.nesl.sigma.base.SigmaEngine(21972): , objects=[]}}, type=BINDER_TRANSACTION_RESPONSE}
D/Parcel  (21932): Parcel
D/edu.ucla.nesl.sigma.base.SigmaEngine(21932): serveBinder uri: URI{_interface=edu.ucla.nesl.sigma.samples.pingpong.IPingPongServer, className=edu.ucla.nesl.sigma.base.SigmaServiceA, protocol=LOCAL, type=BINDER, uuid=5281af37-7954-44eb-ad2d-17d3a19d420a}
D/edu.ucla.nesl.sigma.base.SigmaEngine(21972): SRequest{action=BINDER_TRANSACTION, self=URI{className=edu.ucla.nesl.sigma.base.SigmaServiceA, protocol=LOCAL, type=BASE}, target=URI{_interface=edu.ucla.nesl.sigma.samples.pingpong.IPingPongServer, className=edu.ucla.nesl.sigma.base.SigmaServiceB, protocol=LOCAL, type=BINDER, uuid=a71ddc79-604c-4962-a331-d76269543cbd}, transaction_request=STransactionRequest{code=3, data=SParcel{bytes=BAMAADQAAABlAGQAdQAuAHUAYwBsAGEALgBuAGUAcwBsAC4AcwBpAGcAbQBhAC4AcwBhAG0AcABs
D/edu.ucla.nesl.sigma.base.SigmaEngine(21972): AGUAcwAuAHAAaQBuAGcAcABvAG4AZwAuAEkAUABpAG4AZwBQAG8AbgBnAFMAZQByAHYAZQByAAAA
D/edu.ucla.nesl.sigma.base.SigmaEngine(21972): AACFKmhzfwEAAAkAAAAAAAAA
D/edu.ucla.nesl.sigma.base.SigmaEngine(21972): , objects=[URI{_interface=edu.ucla.nesl.sigma.samples.pingpong.IPingPongServer, className=edu.ucla.nesl.sigma.base.SigmaServiceA, offset=116, protocol=LOCAL, type=BINDER, uuid=5281af37-7954-44eb-ad2d-17d3a19d420a}]}, flags=16}}
D/edu.ucla.nesl.sigma.base.SigmaEngine(21972): binder.transact() -- ping:true, interface:edu.ucla.nesl.sigma.samples.pingpong.IPingPongServer
D/edu.ucla.nesl.sigma.samples.pingpong.PingPongServer(22002): Got object
D/edu.ucla.nesl.sigma.base.SigmaEngine(21972): SResponse{self=URI{className=edu.ucla.nesl.sigma.base.SigmaServiceB, protocol=LOCAL, type=BASE}, transaction_response=STransactionResponse{_return=true, reply=SParcel{bytes=AAAAAA==
D/edu.ucla.nesl.sigma.base.SigmaEngine(21972): , objects=[]}}, type=BINDER_TRANSACTION_RESPONSE}
D/Parcel  (21932): Parcel
D/edu.ucla.nesl.sigma.base.SigmaEngine(21932): serveBinder uri: URI{_interface=edu.ucla.nesl.sigma.samples.pingpong.IPingPongServer, className=edu.ucla.nesl.sigma.base.SigmaServiceA, protocol=LOCAL, type=BINDER, uuid=5281af37-7954-44eb-ad2d-17d3a19d420a}
D/edu.ucla.nesl.sigma.base.SigmaEngine(21972): SRequest{action=BINDER_TRANSACTION, self=URI{className=edu.ucla.nesl.sigma.base.SigmaServiceA, protocol=LOCAL, type=BASE}, target=URI{_interface=edu.ucla.nesl.sigma.samples.pingpong.IPingPongServer, className=edu.ucla.nesl.sigma.base.SigmaServiceB, protocol=LOCAL, type=BINDER, uuid=a71ddc79-604c-4962-a331-d76269543cbd}, transaction_request=STransactionRequest{code=3, data=SParcel{bytes=BAMAADQAAABlAGQAdQAuAHUAYwBsAGEALgBuAGUAcwBsAC4AcwBpAGcAbQBhAC4AcwBhAG0AcABs
D/edu.ucla.nesl.sigma.base.SigmaEngine(21972): AGUAcwAuAHAAaQBuAGcAcABvAG4AZwAuAEkAUABpAG4AZwBQAG8AbgBnAFMAZQByAHYAZQByAAAA
D/edu.ucla.nesl.sigma.base.SigmaEngine(21972): AACFKmhzfwEAAAkAAAAAAAAA
D/edu.ucla.nesl.sigma.base.SigmaEngine(21972): , objects=[URI{_interface=edu.ucla.nesl.sigma.samples.pingpong.IPingPongServer, className=edu.ucla.nesl.sigma.base.SigmaServiceA, offset=116, protocol=LOCAL, type=BINDER, uuid=5281af37-7954-44eb-ad2d-17d3a19d420a}]}, flags=16}}
D/edu.ucla.nesl.sigma.base.SigmaEngine(21972): binder.transact() -- ping:true, interface:edu.ucla.nesl.sigma.samples.pingpong.IPingPongServer
D/edu.ucla.nesl.sigma.samples.pingpong.PingPongServer(22002): Got object
D/edu.ucla.nesl.sigma.base.SigmaEngine(21972): SResponse{self=URI{className=edu.ucla.nesl.sigma.base.SigmaServiceB, protocol=LOCAL, type=BASE}, transaction_response=STransactionResponse{_return=true, reply=SParcel{bytes=AAAAAA==
D/edu.ucla.nesl.sigma.base.SigmaEngine(21972): , objects=[]}}, type=BINDER_TRANSACTION_RESPONSE}
D/Parcel  (21932): Parcel
D/edu.ucla.nesl.sigma.base.SigmaEngine(21932): serveBinder uri: URI{_interface=edu.ucla.nesl.sigma.samples.pingpong.IPingPongServer, className=edu.ucla.nesl.sigma.base.SigmaServiceA, protocol=LOCAL, type=BINDER, uuid=5281af37-7954-44eb-ad2d-17d3a19d420a}
D/edu.ucla.nesl.sigma.base.SigmaEngine(21972): SRequest{action=BINDER_TRANSACTION, self=URI{className=edu.ucla.nesl.sigma.base.SigmaServiceA, protocol=LOCAL, type=BASE}, target=URI{_interface=edu.ucla.nesl.sigma.samples.pingpong.IPingPongServer, className=edu.ucla.nesl.sigma.base.SigmaServiceB, protocol=LOCAL, type=BINDER, uuid=a71ddc79-604c-4962-a331-d76269543cbd}, transaction_request=STransactionRequest{code=3, data=SParcel{bytes=BAMAADQAAABlAGQAdQAuAHUAYwBsAGEALgBuAGUAcwBsAC4AcwBpAGcAbQBhAC4AcwBhAG0AcABs
D/edu.ucla.nesl.sigma.base.SigmaEngine(21972): AGUAcwAuAHAAaQBuAGcAcABvAG4AZwAuAEkAUABpAG4AZwBQAG8AbgBnAFMAZQByAHYAZQByAAAA
D/edu.ucla.nesl.sigma.base.SigmaEngine(21972): AACFKmhzfwEAAAkAAAAAAAAA
D/edu.ucla.nesl.sigma.base.SigmaEngine(21972): , objects=[URI{_interface=edu.ucla.nesl.sigma.samples.pingpong.IPingPongServer, className=edu.ucla.nesl.sigma.base.SigmaServiceA, offset=116, protocol=LOCAL, type=BINDER, uuid=5281af37-7954-44eb-ad2d-17d3a19d420a}]}, flags=16}}
D/edu.ucla.nesl.sigma.base.SigmaEngine(21972): binder.transact() -- ping:true, interface:edu.ucla.nesl.sigma.samples.pingpong.IPingPongServer
D/edu.ucla.nesl.sigma.samples.pingpong.PingPongServer(22002): Got object
D/edu.ucla.nesl.sigma.base.SigmaEngine(21972): SResponse{self=URI{className=edu.ucla.nesl.sigma.base.SigmaServiceB, protocol=LOCAL, type=BASE}, transaction_response=STransactionResponse{_return=true, reply=SParcel{bytes=AAAAAA==
D/edu.ucla.nesl.sigma.base.SigmaEngine(21972): , objects=[]}}, type=BINDER_TRANSACTION_RESPONSE}
D/Parcel  (21932): Parcel
D/edu.ucla.nesl.sigma.base.SigmaEngine(21932): serveBinder uri: URI{_interface=edu.ucla.nesl.sigma.samples.pingpong.IPingPongServer, className=edu.ucla.nesl.sigma.base.SigmaServiceA, protocol=LOCAL, type=BINDER, uuid=5281af37-7954-44eb-ad2d-17d3a19d420a}
D/edu.ucla.nesl.sigma.base.SigmaEngine(21972): SRequest{action=BINDER_TRANSACTION, self=URI{className=edu.ucla.nesl.sigma.base.SigmaServiceA, protocol=LOCAL, type=BASE}, target=URI{_interface=edu.ucla.nesl.sigma.samples.pingpong.IPingPongServer, className=edu.ucla.nesl.sigma.base.SigmaServiceB, protocol=LOCAL, type=BINDER, uuid=a71ddc79-604c-4962-a331-d76269543cbd}, transaction_request=STransactionRequest{code=3, data=SParcel{bytes=BAMAADQAAABlAGQAdQAuAHUAYwBsAGEALgBuAGUAcwBsAC4AcwBpAGcAbQBhAC4AcwBhAG0AcABs
D/edu.ucla.nesl.sigma.base.SigmaEngine(21972): AGUAcwAuAHAAaQBuAGcAcABvAG4AZwAuAEkAUABpAG4AZwBQAG8AbgBnAFMAZQByAHYAZQByAAAA
D/edu.ucla.nesl.sigma.base.SigmaEngine(21972): AACFKmhzfwEAAAkAAAAAAAAA
D/edu.ucla.nesl.sigma.base.SigmaEngine(21972): , objects=[URI{_interface=edu.ucla.nesl.sigma.samples.pingpong.IPingPongServer, className=edu.ucla.nesl.sigma.base.SigmaServiceA, offset=116, protocol=LOCAL, type=BINDER, uuid=5281af37-7954-44eb-ad2d-17d3a19d420a}]}, flags=16}}
D/edu.ucla.nesl.sigma.base.SigmaEngine(21972): binder.transact() -- ping:true, interface:edu.ucla.nesl.sigma.samples.pingpong.IPingPongServer
D/edu.ucla.nesl.sigma.samples.pingpong.PingPongServer(22002): Got object
D/dalvikvm(21932): GC_CONCURRENT freed 362K, 5% free 8727K/9120K, paused 3ms+2ms, total 20ms
D/edu.ucla.nesl.sigma.base.SigmaEngine(21972): SResponse{self=URI{className=edu.ucla.nesl.sigma.base.SigmaServiceB, protocol=LOCAL, type=BASE}, transaction_response=STransactionResponse{_return=true, reply=SParcel{bytes=AAAAAA==
D/edu.ucla.nesl.sigma.base.SigmaEngine(21972): , objects=[]}}, type=BINDER_TRANSACTION_RESPONSE}
D/Parcel  (21932): Parcel
D/edu.ucla.nesl.sigma.base.SigmaEngine(21932): serveBinder uri: URI{_interface=edu.ucla.nesl.sigma.samples.pingpong.IPingPongServer, className=edu.ucla.nesl.sigma.base.SigmaServiceA, protocol=LOCAL, type=BINDER, uuid=5281af37-7954-44eb-ad2d-17d3a19d420a}
D/edu.ucla.nesl.sigma.base.SigmaEngine(21972): SRequest{action=BINDER_TRANSACTION, self=URI{className=edu.ucla.nesl.sigma.base.SigmaServiceA, protocol=LOCAL, type=BASE}, target=URI{_interface=edu.ucla.nesl.sigma.samples.pingpong.IPingPongServer, className=edu.ucla.nesl.sigma.base.SigmaServiceB, protocol=LOCAL, type=BINDER, uuid=a71ddc79-604c-4962-a331-d76269543cbd}, transaction_request=STransactionRequest{code=1, data=SParcel{bytes=BAMAADQAAABlAGQAdQAuAHUAYwBsAGEALgBuAGUAcwBsAC4AcwBpAGcAbQBhAC4AcwBhAG0AcABs
D/edu.ucla.nesl.sigma.base.SigmaEngine(21972): AGUAcwAuAHAAaQBuAGcAcABvAG4AZwAuAEkAUABpAG4AZwBQAG8AbgBnAFMAZQByAHYAZQByAAAA
D/edu.ucla.nesl.sigma.base.SigmaEngine(21972): AACFKmhzfwEAAAkAAAAAAAAACgAAAA==
D/edu.ucla.nesl.sigma.base.SigmaEngine(21972): , objects=[URI{_interface=edu.ucla.nesl.sigma.samples.pingpong.IPingPongServer, className=edu.ucla.nesl.sigma.base.SigmaServiceA, offset=116, protocol=LOCAL, type=BINDER, uuid=5281af37-7954-44eb-ad2d-17d3a19d420a}]}, flags=16}}
D/edu.ucla.nesl.sigma.base.SigmaEngine(21972): binder.transact() -- ping:true, interface:edu.ucla.nesl.sigma.samples.pingpong.IPingPongServer
D/edu.ucla.nesl.sigma.samples.pingpong.PingPongServer(22002): PING Count = 10[10043,21972]
D/Parcel  (21972): Parcel
D/edu.ucla.nesl.sigma.base.SigmaEngine(21972): serveBinder uri: URI{_interface=edu.ucla.nesl.sigma.samples.pingpong.IPingPongServer, className=edu.ucla.nesl.sigma.base.SigmaServiceB, protocol=LOCAL, type=BINDER, uuid=a71ddc79-604c-4962-a331-d76269543cbd}
D/edu.ucla.nesl.sigma.base.SigmaEngine(21932): SRequest{action=BINDER_TRANSACTION, self=URI{className=edu.ucla.nesl.sigma.base.SigmaServiceB, protocol=LOCAL, type=BASE}, target=URI{_interface=edu.ucla.nesl.sigma.samples.pingpong.IPingPongServer, className=edu.ucla.nesl.sigma.base.SigmaServiceA, protocol=LOCAL, type=BINDER, uuid=5281af37-7954-44eb-ad2d-17d3a19d420a}, transaction_request=STransactionRequest{code=2, data=SParcel{bytes=BAMAADQAAABlAGQAdQAuAHUAYwBsAGEALgBuAGUAcwBsAC4AcwBpAGcAbQBhAC4AcwBhAG0AcABs
D/edu.ucla.nesl.sigma.base.SigmaEngine(21932): AGUAcwAuAHAAaQBuAGcAcABvAG4AZwAuAEkAUABpAG4AZwBQAG8AbgBnAFMAZQByAHYAZQByAAAA
D/edu.ucla.nesl.sigma.base.SigmaEngine(21932): AACFKmhzfwEAAAgAAAAIB4dyCQAAAA==
D/edu.ucla.nesl.sigma.base.SigmaEngine(21932): , objects=[URI{_interface=edu.ucla.nesl.sigma.samples.pingpong.IPingPongServer, className=edu.ucla.nesl.sigma.base.SigmaServiceB, offset=116, protocol=LOCAL, type=BINDER, uuid=a71ddc79-604c-4962-a331-d76269543cbd}]}, flags=16}}
D/edu.ucla.nesl.sigma.base.SigmaEngine(21932): binder.transact() -- ping:true, interface:edu.ucla.nesl.sigma.samples.pingpong.IPingPongServer
D/edu.ucla.nesl.sigma.samples.pingpong.PingPongServer(22002): PONG Count = 9[10043,21932]
D/Parcel  (21932): Parcel
D/edu.ucla.nesl.sigma.base.SigmaEngine(21932): serveBinder uri: URI{_interface=edu.ucla.nesl.sigma.samples.pingpong.IPingPongServer, className=edu.ucla.nesl.sigma.base.SigmaServiceA, protocol=LOCAL, type=BINDER, uuid=5281af37-7954-44eb-ad2d-17d3a19d420a}
D/dalvikvm(21972): GC_CONCURRENT freed 379K, 5% free 8733K/9160K, paused 3ms+2ms, total 15ms
D/edu.ucla.nesl.sigma.base.SigmaEngine(21972): SRequest{action=BINDER_TRANSACTION, self=URI{className=edu.ucla.nesl.sigma.base.SigmaServiceA, protocol=LOCAL, type=BASE}, target=URI{_interface=edu.ucla.nesl.sigma.samples.pingpong.IPingPongServer, className=edu.ucla.nesl.sigma.base.SigmaServiceB, protocol=LOCAL, type=BINDER, uuid=a71ddc79-604c-4962-a331-d76269543cbd}, transaction_request=STransactionRequest{code=1, data=SParcel{bytes=BAMAADQAAABlAGQAdQAuAHUAYwBsAGEALgBuAGUAcwBsAC4AcwBpAGcAbQBhAC4AcwBhAG0AcABs
D/edu.ucla.nesl.sigma.base.SigmaEngine(21972): AGUAcwAuAHAAaQBuAGcAcABvAG4AZwAuAEkAUABpAG4AZwBQAG8AbgBnAFMAZQByAHYAZQByAAAA
D/edu.ucla.nesl.sigma.base.SigmaEngine(21972): AACFKmhzfwEAAAkAAAAIB4dyCAAAAA==
D/edu.ucla.nesl.sigma.base.SigmaEngine(21972): , objects=[URI{_interface=edu.ucla.nesl.sigma.samples.pingpong.IPingPongServer, className=edu.ucla.nesl.sigma.base.SigmaServiceA, offset=116, protocol=LOCAL, type=BINDER, uuid=5281af37-7954-44eb-ad2d-17d3a19d420a}]}, flags=16}}
D/edu.ucla.nesl.sigma.base.SigmaEngine(21972): binder.transact() -- ping:true, interface:edu.ucla.nesl.sigma.samples.pingpong.IPingPongServer
D/edu.ucla.nesl.sigma.samples.pingpong.PingPongServer(22002): PING Count = 8[10043,21972]
D/Parcel  (21972): Parcel
D/edu.ucla.nesl.sigma.base.SigmaEngine(21972): serveBinder uri: URI{_interface=edu.ucla.nesl.sigma.samples.pingpong.IPingPongServer, className=edu.ucla.nesl.sigma.base.SigmaServiceB, protocol=LOCAL, type=BINDER, uuid=a71ddc79-604c-4962-a331-d76269543cbd}
D/edu.ucla.nesl.sigma.base.SigmaEngine(21932): SRequest{action=BINDER_TRANSACTION, self=URI{className=edu.ucla.nesl.sigma.base.SigmaServiceB, protocol=LOCAL, type=BASE}, target=URI{_interface=edu.ucla.nesl.sigma.samples.pingpong.IPingPongServer, className=edu.ucla.nesl.sigma.base.SigmaServiceA, protocol=LOCAL, type=BINDER, uuid=5281af37-7954-44eb-ad2d-17d3a19d420a}, transaction_request=STransactionRequest{code=2, data=SParcel{bytes=BAMAADQAAABlAGQAdQAuAHUAYwBsAGEALgBuAGUAcwBsAC4AcwBpAGcAbQBhAC4AcwBhAG0AcABs
D/edu.ucla.nesl.sigma.base.SigmaEngine(21932): AGUAcwAuAHAAaQBuAGcAcABvAG4AZwAuAEkAUABpAG4AZwBQAG8AbgBnAFMAZQByAHYAZQByAAAA
D/edu.ucla.nesl.sigma.base.SigmaEngine(21932): AACFKmhzfwEAAAgAAAAIB4dyBwAAAA==
D/edu.ucla.nesl.sigma.base.SigmaEngine(21932): , objects=[URI{_interface=edu.ucla.nesl.sigma.samples.pingpong.IPingPongServer, className=edu.ucla.nesl.sigma.base.SigmaServiceB, offset=116, protocol=LOCAL, type=BINDER, uuid=a71ddc79-604c-4962-a331-d76269543cbd}]}, flags=16}}
D/edu.ucla.nesl.sigma.base.SigmaEngine(21932): binder.transact() -- ping:true, interface:edu.ucla.nesl.sigma.samples.pingpong.IPingPongServer
D/edu.ucla.nesl.sigma.samples.pingpong.PingPongServer(22002): PONG Count = 7[10043,21932]
D/Parcel  (21932): Parcel
D/edu.ucla.nesl.sigma.base.SigmaEngine(21932): serveBinder uri: URI{_interface=edu.ucla.nesl.sigma.samples.pingpong.IPingPongServer, className=edu.ucla.nesl.sigma.base.SigmaServiceA, protocol=LOCAL, type=BINDER, uuid=5281af37-7954-44eb-ad2d-17d3a19d420a}
D/edu.ucla.nesl.sigma.base.SigmaEngine(21972): SRequest{action=BINDER_TRANSACTION, self=URI{className=edu.ucla.nesl.sigma.base.SigmaServiceA, protocol=LOCAL, type=BASE}, target=URI{_interface=edu.ucla.nesl.sigma.samples.pingpong.IPingPongServer, className=edu.ucla.nesl.sigma.base.SigmaServiceB, protocol=LOCAL, type=BINDER, uuid=a71ddc79-604c-4962-a331-d76269543cbd}, transaction_request=STransactionRequest{code=1, data=SParcel{bytes=BAMAADQAAABlAGQAdQAuAHUAYwBsAGEALgBuAGUAcwBsAC4AcwBpAGcAbQBhAC4AcwBhAG0AcABs
D/edu.ucla.nesl.sigma.base.SigmaEngine(21972): AGUAcwAuAHAAaQBuAGcAcABvAG4AZwAuAEkAUABpAG4AZwBQAG8AbgBnAFMAZQByAHYAZQByAAAA
D/edu.ucla.nesl.sigma.base.SigmaEngine(21972): AACFKmhzfwEAAAkAAAAIB4dyBgAAAA==
