D/edu.ucla.nesl.sigma.base.SigmaEngine(21972): SResponse{self=URI{className=edu.ucla.nesl.sigma.base.SigmaServiceB, protocol=LOCAL, type=BASE}, transaction_response=STransactionResponse{_return=true, reply=SParcel{bytes=AAAAAA==
D/edu.ucla.nesl.sigma.base.SigmaEngine(21972): , objects=[]}}, type=BINDER_TRANSACTION_RESPONSE}
D/edu.ucla.nesl.sigma.base.SigmaEngine(21932): SResponse{self=URI{className=edu.ucla.nesl.sigma.base.SigmaServiceA, protocol=LOCAL, type=BASE}, transaction_response=STransactionResponse{_return=true, reply=SParcel{bytes=AAAAAA==
D/edu.ucla.nesl.sigma.base.SigmaEngine(21932): , objects=[]}}, type=BINDER_TRANSACTION_RESPONSE}
D/edu.ucla.nesl.sigma.base.SigmaEngine(21972): SResponse{self=URI{className=edu.ucla.nesl.sigma.base.SigmaServiceB, protocol=LOCAL, type=BASE}, transaction_response=STransactionResponse{_return=true, reply=SParcel{bytes=AAAAAA==
D/edu.ucla.nesl.sigma.base.SigmaEngine(21972): , objects=[]}}, type=BINDER_TRANSACTION_RESPONSE}
D/edu.ucla.nesl.sigma.base.SigmaEngine(21932): SResponse{self=URI{className=edu.ucla.nesl.sigma.base.SigmaServiceA, protocol=LOCAL, type=BASE}, transaction_response=STransactionResponse{_return=true, reply=SParcel{bytes=AAAAAA==
D/edu.ucla.nesl.sigma.base.SigmaEngine(21932): , objects=[]}}, type=BINDER_TRANSACTION_RESPONSE}
D/edu.ucla.nesl.sigma.base.SigmaEngine(21972): SResponse{self=URI{className=edu.ucla.nesl.sigma.base.SigmaServiceB, protocol=LOCAL, type=BASE}, transaction_response=STransactionResponse{_return=true, reply=SParcel{bytes=AAAAAA==
D/edu.ucla.nesl.sigma.base.SigmaEngine(21972): , objects=[]}}, type=BINDER_TRANSACTION_RESPONSE}
D/edu.ucla.nesl.sigma.base.SigmaEngine(21932): SResponse{self=URI{className=edu.ucla.nesl.sigma.base.SigmaServiceA, protocol=LOCAL, type=BASE}, transaction_response=STransactionResponse{_return=true, reply=SParcel{bytes=AAAAAA==
D/edu.ucla.nesl.sigma.base.SigmaEngine(21932): , objects=[]}}, type=BINDER_TRANSACTION_RESPONSE}
D/edu.ucla.nesl.sigma.base.SigmaEngine(21972): SResponse{self=URI{className=edu.ucla.nesl.sigma.base.SigmaServiceB, protocol=LOCAL, type=BASE}, transaction_response=STransactionResponse{_return=true, reply=SParcel{bytes=AAAAAA==
D/edu.ucla.nesl.sigma.base.SigmaEngine(21972): , objects=[]}}, type=BINDER_TRANSACTION_RESPONSE}
D/edu.ucla.nesl.sigma.samples.TimeStats(21914): TIMERS:
D/edu.ucla.nesl.sigma.samples.TimeStats(21914):       local.connect		time=0.036		calls=2		avg_time=0.018
D/edu.ucla.nesl.sigma.samples.TimeStats(21914):       local.getRandom		time=0.095		calls=20		avg_time=0.005
D/edu.ucla.nesl.sigma.samples.TimeStats(21914):       local.pingPong		time=0.156		calls=2		avg_time=0.078
D/edu.ucla.nesl.sigma.samples.TimeStats(21914):       local.putObject		time=0.139		calls=20		avg_time=0.007
D/edu.ucla.nesl.sigma.base.SigmaEngine(21972): SRequest{action=BINDER_DISCONNECTED, self=URI{className=edu.ucla.nesl.sigma.base.SigmaServiceA, protocol=LOCAL, type=BASE}, target=URI{_interface=edu.ucla.nesl.sigma.samples.pingpong.IPingPongServer, className=edu.ucla.nesl.sigma.base.SigmaServiceB, protocol=LOCAL, type=BINDER, uuid=1154bf0f-b612-4a95-9fc0-2d435ea20816}}
D/edu.ucla.nesl.sigma.base.SigmaEngine(21972): record.activeConnections.isEmpty() -- Discarding BinderRecordedu.ucla.nesl.sigma.samples.pingpong.IPingPongServer
D/edu.ucla.nesl.sigma.base.SigmaEngine(21972): SResponse{self=URI{className=edu.ucla.nesl.sigma.base.SigmaServiceB, protocol=LOCAL, type=BASE}, type=OK}
D/edu.ucla.nesl.sigma.base.SigmaEngine(21972): SRequest{action=BINDER_DISCONNECTED, self=URI{className=edu.ucla.nesl.sigma.base.SigmaServiceA, protocol=LOCAL, type=BASE}, target=URI{_interface=edu.ucla.nesl.sigma.api.ISigmaManager, className=edu.ucla.nesl.sigma.base.SigmaServiceB, protocol=LOCAL, type=BINDER, uuid=b392ba66-f185-483f-b90c-6c15fa7f98f1}}
D/edu.ucla.nesl.sigma.base.SigmaEngine(21972): record.activeConnections.isEmpty() -- Discarding BinderRecordedu.ucla.nesl.sigma.api.ISigmaManager
D/edu.ucla.nesl.sigma.base.SigmaEngine(21972): SResponse{self=URI{className=edu.ucla.nesl.sigma.base.SigmaServiceB, protocol=LOCAL, type=BASE}, type=OK}
D/edu.ucla.nesl.sigma.base.SigmaEngine(21932): SRequest{action=BINDER_DISCONNECTED, self=URI{className=edu.ucla.nesl.sigma.base.SigmaServiceB, protocol=LOCAL, type=BASE}, target=URI{_interface=edu.ucla.nesl.sigma.samples.pingpong.IPingPongServer, className=edu.ucla.nesl.sigma.base.SigmaServiceA, protocol=LOCAL, type=BINDER, uuid=243c932d-31b9-4d68-a0b5-b7f96b833863}}
D/edu.ucla.nesl.sigma.base.SigmaEngine(21932): record.activeConnections.isEmpty() -- Discarding BinderRecordedu.ucla.nesl.sigma.samples.pingpong.IPingPongServer
D/edu.ucla.nesl.sigma.base.SigmaEngine(21932): SResponse{self=URI{className=edu.ucla.nesl.sigma.base.SigmaServiceA, protocol=LOCAL, type=BASE}, type=OK}
D/dalvikvm(21914): GC_EXPLICIT freed 9K, 5% free 8900K/9280K, paused 2ms+2ms, total 20ms
D/edu.ucla.nesl.sigma.base.SigmaEngine(21932): onServiceConnected. interface:edu.ucla.nesl.sigma.samples.pingpong.IPingPongServer
D/edu.ucla.nesl.sigma.base.SigmaEngine(21972): SRequest{action=GET_SIGMA_MANAGER, self=URI{className=edu.ucla.nesl.sigma.base.SigmaServiceA, protocol=LOCAL, type=BASE}, target=URI{className=edu.ucla.nesl.sigma.base.SigmaServiceB, protocol=LOCAL, type=BASE}}
D/edu.ucla.nesl.sigma.base.SigmaEngine(21972): serveBinder uri: URI{_interface=edu.ucla.nesl.sigma.api.ISigmaManager, className=edu.ucla.nesl.sigma.base.SigmaServiceB, protocol=LOCAL, type=BINDER, uuid=f32badb5-71d4-412b-be99-3e1184883483}
D/edu.ucla.nesl.sigma.base.SigmaEngine(21972): SResponse{self=URI{className=edu.ucla.nesl.sigma.base.SigmaServiceB, protocol=LOCAL, type=BASE}, type=URI, uri=URI{_interface=edu.ucla.nesl.sigma.api.ISigmaManager, className=edu.ucla.nesl.sigma.base.SigmaServiceB, protocol=LOCAL, type=BINDER, uuid=f32badb5-71d4-412b-be99-3e1184883483}}
D/edu.ucla.nesl.sigma.base.SigmaEngine(21972): SRequest{action=BINDER_CONNECTED, self=URI{className=edu.ucla.nesl.sigma.base.SigmaServiceA, protocol=LOCAL, type=BASE}, target=URI{_interface=edu.ucla.nesl.sigma.api.ISigmaManager, className=edu.ucla.nesl.sigma.base.SigmaServiceB, protocol=LOCAL, type=BINDER, uuid=f32badb5-71d4-412b-be99-3e1184883483}}
D/edu.ucla.nesl.sigma.base.SigmaEngine(21972): SResponse{self=URI{className=edu.ucla.nesl.sigma.base.SigmaServiceB, protocol=LOCAL, type=BASE}, type=OK}
D/edu.ucla.nesl.sigma.base.SigmaEngine(21972): SRequest{action=BINDER_TRANSACTION, self=URI{className=edu.ucla.nesl.sigma.base.SigmaServiceA, protocol=LOCAL, type=BASE}, target=URI{_interface=edu.ucla.nesl.sigma.api.ISigmaManager, className=edu.ucla.nesl.sigma.base.SigmaServiceB, protocol=LOCAL, type=BINDER, uuid=f32badb5-71d4-412b-be99-3e1184883483}, transaction_request=STransactionRequest{code=4, data=SParcel{bytes=BAMAACUAAABlAGQAdQAuAHUAYwBsAGEALgBuAGUAcwBsAC4AcwBpAGcAbQBhAC4AYQBwAGkALgBJ
D/edu.ucla.nesl.sigma.base.SigmaEngine(21972): AFMAaQBnAG0AYQBNAGEAbgBhAGcAZQByAAAAAQAAADMAAABlAGQAdQAuAHUAYwBsAGEALgBuAGUA
D/edu.ucla.nesl.sigma.base.SigmaEngine(21972): cwBsAC4AcwBpAGcAbQBhAC4AcwBhAG0AcABsAGUAcwAuAHAAaQBuAGcAcABvAG4AZwAuAFAAaQBu
D/edu.ucla.nesl.sigma.base.SigmaEngine(21972): AGcAUABvAG4AZwBTAGUAcgB2AGUAcgAAAAAAAAD/////AAAAAP//////////AAAAAAAAAAAAAAAA
D/edu.ucla.nesl.sigma.base.SigmaEngine(21972): AAAAAP////8=
D/edu.ucla.nesl.sigma.base.SigmaEngine(21972): }, flags=16}}
D/edu.ucla.nesl.sigma.base.SigmaEngine(21972): binder.transact() -- ping:true, interface:edu.ucla.nesl.sigma.api.ISigmaManager
D/edu.ucla.nesl.sigma.base.SigmaEngine(21972): onServiceConnected. interface:edu.ucla.nesl.sigma.samples.pingpong.IPingPongServer
D/Parcel  (21972): Parcel
D/edu.ucla.nesl.sigma.base.SigmaEngine(21972): serveBinder uri: URI{_interface=edu.ucla.nesl.sigma.samples.pingpong.IPingPongServer, className=edu.ucla.nesl.sigma.base.SigmaServiceB, protocol=LOCAL, type=BINDER, uuid=04de5561-a782-48b1-ae89-1883d9c5a8d1}
D/edu.ucla.nesl.sigma.base.SigmaEngine(21972): SResponse{self=URI{className=edu.ucla.nesl.sigma.base.SigmaServiceB, protocol=LOCAL, type=BASE}, transaction_response=STransactionResponse{_return=true, reply=SParcel{bytes=AAAAAIUqaHN/AQAACAAAAAAAAAA=
D/edu.ucla.nesl.sigma.base.SigmaEngine(21972): , objects=[URI{_interface=edu.ucla.nesl.sigma.samples.pingpong.IPingPongServer, className=edu.ucla.nesl.sigma.base.SigmaServiceB, offset=4, protocol=LOCAL, type=BINDER, uuid=04de5561-a782-48b1-ae89-1883d9c5a8d1}]}}, type=BINDER_TRANSACTION_RESPONSE}
D/edu.ucla.nesl.sigma.base.SigmaEngine(21972): SRequest{action=BINDER_CONNECTED, self=URI{className=edu.ucla.nesl.sigma.base.SigmaServiceA, protocol=LOCAL, type=BASE}, target=URI{_interface=edu.ucla.nesl.sigma.samples.pingpong.IPingPongServer, className=edu.ucla.nesl.sigma.base.SigmaServiceB, protocol=LOCAL, type=BINDER, uuid=04de5561-a782-48b1-ae89-1883d9c5a8d1}}
D/edu.ucla.nesl.sigma.base.SigmaEngine(21972): SResponse{self=URI{className=edu.ucla.nesl.sigma.base.SigmaServiceB, protocol=LOCAL, type=BASE}, type=OK}
D/edu.ucla.nesl.sigma.base.SigmaEngine(21972): SRequest{action=BINDER_TRANSACTION, self=URI{className=edu.ucla.nesl.sigma.base.SigmaServiceA, protocol=LOCAL, type=BASE}, target=URI{_interface=edu.ucla.nesl.sigma.samples.pingpong.IPingPongServer, className=edu.ucla.nesl.sigma.base.SigmaServiceB, protocol=LOCAL, type=BINDER, uuid=04de5561-a782-48b1-ae89-1883d9c5a8d1}, transaction_request=STransactionRequest{code=4, data=SParcel{bytes=BAMAADQAAABlAGQAdQAuAHUAYwBsAGEALgBuAGUAcwBsAC4AcwBpAGcAbQBhAC4AcwBhAG0AcABs
D/edu.ucla.nesl.sigma.base.SigmaEngine(21972): AGUAcwAuAHAAaQBuAGcAcABvAG4AZwAuAEkAUABpAG4AZwBQAG8AbgBnAFMAZQByAHYAZQByAAAA
D/edu.ucla.nesl.sigma.base.SigmaEngine(21972): AAA=
D/edu.ucla.nesl.sigma.base.SigmaEngine(21972): }, flags=16}}
D/edu.ucla.nesl.sigma.base.SigmaEngine(21972): binder.transact() -- ping:true, interface:edu.ucla.nesl.sigma.samples.pingpong.IPingPongServer
D/edu.ucla.nesl.sigma.samples.pingpong.PingPongServer(22002): GET_RANDOM = -691960657
D/edu.ucla.nesl.sigma.base.SigmaEngine(21972): SResponse{self=URI{className=edu.ucla.nesl.sigma.base.SigmaServiceB, protocol=LOCAL, type=BASE}, transaction_response=STransactionResponse{_return=true, reply=SParcel{bytes=AAAAAK+EwdY=
D/edu.ucla.nesl.sigma.base.SigmaEngine(21972): , objects=[]}}, type=BINDER_TRANSACTION_RESPONSE}
D/edu.ucla.nesl.sigma.samples.pingpong.PingPongActivity(21914): GOT_RANDOM = -691960657
D/edu.ucla.nesl.sigma.base.SigmaEngine(21972): SRequest{action=BINDER_TRANSACTION, self=URI{className=edu.ucla.nesl.sigma.base.SigmaServiceA, protocol=LOCAL, type=BASE}, target=URI{_interface=edu.ucla.nesl.sigma.samples.pingpong.IPingPongServer, className=edu.ucla.nesl.sigma.base.SigmaServiceB, protocol=LOCAL, type=BINDER, uuid=04de5561-a782-48b1-ae89-1883d9c5a8d1}, transaction_request=STransactionRequest{code=4, data=SParcel{bytes=BAMAADQAAABlAGQAdQAuAHUAYwBsAGEALgBuAGUAcwBsAC4AcwBpAGcAbQBhAC4AcwBhAG0AcABs
D/edu.ucla.nesl.sigma.base.SigmaEngine(21972): AGUAcwAuAHAAaQBuAGcAcABvAG4AZwAuAEkAUABpAG4AZwBQAG8AbgBnAFMAZQByAHYAZQByAAAA
D/edu.ucla.nesl.sigma.base.SigmaEngine(21972): AAA=
D/edu.ucla.nesl.sigma.base.SigmaEngine(21972): }, flags=16}}
D/edu.ucla.nesl.sigma.base.SigmaEngine(21972): binder.transact() -- ping:true, interface:edu.ucla.nesl.sigma.samples.pingpong.IPingPongServer
D/edu.ucla.nesl.sigma.samples.pingpong.PingPongServer(22002): GET_RANDOM = 1770461755
D/edu.ucla.nesl.sigma.base.SigmaEngine(21972): SResponse{self=URI{className=edu.ucla.nesl.sigma.base.SigmaServiceB, protocol=LOCAL, type=BASE}, transaction_response=STransactionResponse{_return=true, reply=SParcel{bytes=AAAAADsah2k=
D/edu.ucla.nesl.sigma.base.SigmaEngine(21972): , objects=[]}}, type=BINDER_TRANSACTION_RESPONSE}
D/edu.ucla.nesl.sigma.samples.pingpong.PingPongActivity(21914): GOT_RANDOM = 1770461755
D/edu.ucla.nesl.sigma.base.SigmaEngine(21972): SRequest{action=BINDER_TRANSACTION, self=URI{className=edu.ucla.nesl.sigma.base.SigmaServiceA, protocol=LOCAL, type=BASE}, target=URI{_interface=edu.ucla.nesl.sigma.samples.pingpong.IPingPongServer, className=edu.ucla.nesl.sigma.base.SigmaServiceB, protocol=LOCAL, type=BINDER, uuid=04de5561-a782-48b1-ae89-1883d9c5a8d1}, transaction_request=STransactionRequest{code=4, data=SParcel{bytes=BAMAADQAAABlAGQAdQAuAHUAYwBsAGEALgBuAGUAcwBsAC4AcwBpAGcAbQBhAC4AcwBhAG0AcABs
D/edu.ucla.nesl.sigma.base.SigmaEngine(21972): AGUAcwAuAHAAaQBuAGcAcABvAG4AZwAuAEkAUABpAG4AZwBQAG8AbgBnAFMAZQByAHYAZQByAAAA
D/edu.ucla.nesl.sigma.base.SigmaEngine(21972): AAA=
D/edu.ucla.nesl.sigma.base.SigmaEngine(21972): }, flags=16}}
D/edu.ucla.nesl.sigma.base.SigmaEngine(21972): binder.transact() -- ping:true, interface:edu.ucla.nesl.sigma.samples.pingpong.IPingPongServer
D/edu.ucla.nesl.sigma.samples.pingpong.PingPongServer(22002): GET_RANDOM = -2032810463
D/edu.ucla.nesl.sigma.base.SigmaEngine(21972): SResponse{self=URI{className=edu.ucla.nesl.sigma.base.SigmaServiceB, protocol=LOCAL, type=BASE}, transaction_response=STransactionResponse{_return=true, reply=SParcel{bytes=AAAAACHG1YY=
D/edu.ucla.nesl.sigma.base.SigmaEngine(21972): , objects=[]}}, type=BINDER_TRANSACTION_RESPONSE}
D/edu.ucla.nesl.sigma.samples.pingpong.PingPongActivity(21914): GOT_RANDOM = -2032810463
D/edu.ucla.nesl.sigma.base.SigmaEngine(21972): SRequest{action=BINDER_TRANSACTION, self=URI{className=edu.ucla.nesl.sigma.base.SigmaServiceA, protocol=LOCAL, type=BASE}, target=URI{_interface=edu.ucla.nesl.sigma.samples.pingpong.IPingPongServer, className=edu.ucla.nesl.sigma.base.SigmaServiceB, protocol=LOCAL, type=BINDER, uuid=04de5561-a782-48b1-ae89-1883d9c5a8d1}, transaction_request=STransactionRequest{code=4, data=SParcel{bytes=BAMAADQAAABlAGQAdQAuAHUAYwBsAGEALgBuAGUAcwBsAC4AcwBpAGcAbQBhAC4AcwBhAG0AcABs
D/edu.ucla.nesl.sigma.base.SigmaEngine(21972): AGUAcwAuAHAAaQBuAGcAcABvAG4AZwAuAEkAUABpAG4AZwBQAG8AbgBnAFMAZQByAHYAZQByAAAA
D/edu.ucla.nesl.sigma.base.SigmaEngine(21972): AAA=
D/edu.ucla.nesl.sigma.base.SigmaEngine(21972): }, flags=16}}
D/edu.ucla.nesl.sigma.base.SigmaEngine(21972): binder.transact() -- ping:true, interface:edu.ucla.nesl.sigma.samples.pingpong.IPingPongServer
D/edu.ucla.nesl.sigma.samples.pingpong.PingPongServer(22002): GET_RANDOM = -1177788003
D/edu.ucla.nesl.sigma.base.SigmaEngine(21972): SResponse{self=URI{className=edu.ucla.nesl.sigma.base.SigmaServiceB, protocol=LOCAL, type=BASE}, transaction_response=STransactionResponse{_return=true, reply=SParcel{bytes=AAAAAJ1hzLk=
D/edu.ucla.nesl.sigma.base.SigmaEngine(21972): , objects=[]}}, type=BINDER_TRANSACTION_RESPONSE}
D/edu.ucla.nesl.sigma.samples.pingpong.PingPongActivity(21914): GOT_RANDOM = -1177788003
D/dalvikvm(21932): GC_CONCURRENT freed 422K, 5% free 8742K/9192K, paused 2ms+3ms, total 24ms
D/edu.ucla.nesl.sigma.base.SigmaEngine(21972): SRequest{action=BINDER_TRANSACTION, self=URI{className=edu.ucla.nesl.sigma.base.SigmaServiceA, protocol=LOCAL, type=BASE}, target=URI{_interface=edu.ucla.nesl.sigma.samples.pingpong.IPingPongServer, className=edu.ucla.nesl.sigma.base.SigmaServiceB, protocol=LOCAL, type=BINDER, uuid=04de5561-a782-48b1-ae89-1883d9c5a8d1}, transaction_request=STransactionRequest{code=4, data=SParcel{bytes=BAMAADQAAABlAGQAdQAuAHUAYwBsAGEALgBuAGUAcwBsAC4AcwBpAGcAbQBhAC4AcwBhAG0AcABs
D/edu.ucla.nesl.sigma.base.SigmaEngine(21972): AGUAcwAuAHAAaQBuAGcAcABvAG4AZwAuAEkAUABpAG4AZwBQAG8AbgBnAFMAZQByAHYAZQByAAAA
D/edu.ucla.nesl.sigma.base.SigmaEngine(21972): AAA=
D/edu.ucla.nesl.sigma.base.SigmaEngine(21972): }, flags=16}}
D/edu.ucla.nesl.sigma.base.SigmaEngine(21972): binder.transact() -- ping:true, interface:edu.ucla.nesl.sigma.samples.pingpong.IPingPongServer
D/edu.ucla.nesl.sigma.samples.pingpong.PingPongServer(22002): GET_RANDOM = -432352882
D/edu.ucla.nesl.sigma.base.SigmaEngine(21972): SResponse{self=URI{className=edu.ucla.nesl.sigma.base.SigmaServiceB, protocol=LOCAL, type=BASE}, transaction_response=STransactionResponse{_return=true, reply=SParcel{bytes=AAAAAI7ROuY=
D/edu.ucla.nesl.sigma.base.SigmaEngine(21972): , objects=[]}}, type=BINDER_TRANSACTION_RESPONSE}
D/edu.ucla.nesl.sigma.samples.pingpong.PingPongActivity(21914): GOT_RANDOM = -432352882
D/edu.ucla.nesl.sigma.base.SigmaEngine(21972): SRequest{action=BINDER_TRANSACTION, self=URI{className=edu.ucla.nesl.sigma.base.SigmaServiceA, protocol=LOCAL, type=BASE}, target=URI{_interface=edu.ucla.nesl.sigma.samples.pingpong.IPingPongServer, className=edu.ucla.nesl.sigma.base.SigmaServiceB, protocol=LOCAL, type=BINDER, uuid=04de5561-a782-48b1-ae89-1883d9c5a8d1}, transaction_request=STransactionRequest{code=4, data=SParcel{bytes=BAMAADQAAABlAGQAdQAuAHUAYwBsAGEALgBuAGUAcwBsAC4AcwBpAGcAbQBhAC4AcwBhAG0AcABs
D/edu.ucla.nesl.sigma.base.SigmaEngine(21972): AGUAcwAuAHAAaQBuAGcAcABvAG4AZwAuAEkAUABpAG4AZwBQAG8AbgBnAFMAZQByAHYAZQByAAAA
D/edu.ucla.nesl.sigma.base.SigmaEngine(21972): AAA=
D/edu.ucla.nesl.sigma.base.SigmaEngine(21972): }, flags=16}}
D/edu.ucla.nesl.sigma.base.SigmaEngine(21972): binder.transact() -- ping:true, interface:edu.ucla.nesl.sigma.samples.pingpong.IPingPongServer
D/edu.ucla.nesl.sigma.samples.pingpong.PingPongServer(22002): GET_RANDOM = -65824064
D/edu.ucla.nesl.sigma.base.SigmaEngine(21972): SResponse{self=URI{className=edu.ucla.nesl.sigma.base.SigmaServiceB, protocol=LOCAL, type=BASE}, transaction_response=STransactionResponse{_return=true, reply=SParcel{bytes=AAAAAMCaE/w=
D/edu.ucla.nesl.sigma.base.SigmaEngine(21972): , objects=[]}}, type=BINDER_TRANSACTION_RESPONSE}
D/edu.ucla.nesl.sigma.samples.pingpong.PingPongActivity(21914): GOT_RANDOM = -65824064
D/edu.ucla.nesl.sigma.base.SigmaEngine(21972): SRequest{action=BINDER_TRANSACTION, self=URI{className=edu.ucla.nesl.sigma.base.SigmaServiceA, protocol=LOCAL, type=BASE}, target=URI{_interface=edu.ucla.nesl.sigma.samples.pingpong.IPingPongServer, className=edu.ucla.nesl.sigma.base.SigmaServiceB, protocol=LOCAL, type=BINDER, uuid=04de5561-a782-48b1-ae89-1883d9c5a8d1}, transaction_request=STransactionRequest{code=4, data=SParcel{bytes=BAMAADQAAABlAGQAdQAuAHUAYwBsAGEALgBuAGUAcwBsAC4AcwBpAGcAbQBhAC4AcwBhAG0AcABs
D/edu.ucla.nesl.sigma.base.SigmaEngine(21972): AGUAcwAuAHAAaQBuAGcAcABvAG4AZwAuAEkAUABpAG4AZwBQAG8AbgBnAFMAZQByAHYAZQByAAAA
D/edu.ucla.nesl.sigma.base.SigmaEngine(21972): AAA=
D/edu.ucla.nesl.sigma.base.SigmaEngine(21972): }, flags=16}}
D/edu.ucla.nesl.sigma.base.SigmaEngine(21972): binder.transact() -- ping:true, interface:edu.ucla.nesl.sigma.samples.pingpong.IPingPongServer
D/edu.ucla.nesl.sigma.samples.pingpong.PingPongServer(22002): GET_RANDOM = 575267217
D/edu.ucla.nesl.sigma.base.SigmaEngine(21972): SResponse{self=URI{className=edu.ucla.nesl.sigma.base.SigmaServiceB, protocol=LOCAL, type=BASE}, transaction_response=STransactionResponse{_return=true, reply=SParcel{bytes=AAAAAJHhSSI=
D/edu.ucla.nesl.sigma.base.SigmaEngine(21972): , objects=[]}}, type=BINDER_TRANSACTION_RESPONSE}
D/edu.ucla.nesl.sigma.samples.pingpong.PingPongActivity(21914): GOT_RANDOM = 575267217
D/edu.ucla.nesl.sigma.base.SigmaEngine(21972): SRequest{action=BINDER_TRANSACTION, self=URI{className=edu.ucla.nesl.sigma.base.SigmaServiceA, protocol=LOCAL, type=BASE}, target=URI{_interface=edu.ucla.nesl.sigma.samples.pingpong.IPingPongServer, className=edu.ucla.nesl.sigma.base.SigmaServiceB, protocol=LOCAL, type=BINDER, uuid=04de5561-a782-48b1-ae89-1883d9c5a8d1}, transaction_request=STransactionRequest{code=4, data=SParcel{bytes=BAMAADQAAABlAGQAdQAuAHUAYwBsAGEALgBuAGUAcwBsAC4AcwBpAGcAbQBhAC4AcwBhAG0AcABs
D/edu.ucla.nesl.sigma.base.SigmaEngine(21972): AGUAcwAuAHAAaQBuAGcAcABvAG4AZwAuAEkAUABpAG4AZwBQAG8AbgBnAFMAZQByAHYAZQByAAAA
D/edu.ucla.nesl.sigma.base.SigmaEngine(21972): AAA=
D/edu.ucla.nesl.sigma.base.SigmaEngine(21972): }, flags=16}}
D/edu.ucla.nesl.sigma.base.SigmaEngine(21972): binder.transact() -- ping:true, interface:edu.ucla.nesl.sigma.samples.pingpong.IPingPongServer
D/edu.ucla.nesl.sigma.samples.pingpong.PingPongServer(22002): GET_RANDOM = -1949367821
D/edu.ucla.nesl.sigma.base.SigmaEngine(21972): SResponse{self=URI{className=edu.ucla.nesl.sigma.base.SigmaServiceB, protocol=LOCAL, type=BASE}, transaction_response=STransactionResponse{_return=true, reply=SParcel{bytes=AAAAAPMBz4s=
D/edu.ucla.nesl.sigma.base.SigmaEngine(21972): , objects=[]}}, type=BINDER_TRANSACTION_RESPONSE}
D/edu.ucla.nesl.sigma.samples.pingpong.PingPongActivity(21914): GOT_RANDOM = -1949367821
D/edu.ucla.nesl.sigma.base.SigmaEngine(21972): SRequest{action=BINDER_TRANSACTION, self=URI{className=edu.ucla.nesl.sigma.base.SigmaServiceA, protocol=LOCAL, type=BASE}, target=URI{_interface=edu.ucla.nesl.sigma.samples.pingpong.IPingPongServer, className=edu.ucla.nesl.sigma.base.SigmaServiceB, protocol=LOCAL, type=BINDER, uuid=04de5561-a782-48b1-ae89-1883d9c5a8d1}, transaction_request=STransactionRequest{code=4, data=SParcel{bytes=BAMAADQAAABlAGQAdQAuAHUAYwBsAGEALgBuAGUAcwBsAC4AcwBpAGcAbQBhAC4AcwBhAG0AcABs
D/edu.ucla.nesl.sigma.base.SigmaEngine(21972): AGUAcwAuAHAAaQBuAGcAcABvAG4AZwAuAEkAUABpAG4AZwBQAG8AbgBnAFMAZQByAHYAZQByAAAA
D/edu.ucla.nesl.sigma.base.SigmaEngine(21972): AAA=
D/edu.ucla.nesl.sigma.base.SigmaEngine(21972): }, flags=16}}
D/edu.ucla.nesl.sigma.base.SigmaEngine(21972): binder.transact() -- ping:true, interface:edu.ucla.nesl.sigma.samples.pingpong.IPingPongServer
D/edu.ucla.nesl.sigma.samples.pingpong.PingPongServer(22002): GET_RANDOM = 356750287
D/edu.ucla.nesl.sigma.base.SigmaEngine(21972): SResponse{self=URI{className=edu.ucla.nesl.sigma.base.SigmaServiceB, protocol=LOCAL, type=BASE}, transaction_response=STransactionResponse{_return=true, reply=SParcel{bytes=AAAAAM+TQxU=
D/edu.ucla.nesl.sigma.base.SigmaEngine(21972): , objects=[]}}, type=BINDER_TRANSACTION_RESPONSE}
D/edu.ucla.nesl.sigma.samples.pingpong.PingPongActivity(21914): GOT_RANDOM = 356750287
D/edu.ucla.nesl.sigma.base.SigmaEngine(21972): SRequest{action=BINDER_TRANSACTION, self=URI{className=edu.ucla.nesl.sigma.base.SigmaServiceA, protocol=LOCAL, type=BASE}, target=URI{_interface=edu.ucla.nesl.sigma.samples.pingpong.IPingPongServer, className=edu.ucla.nesl.sigma.base.SigmaServiceB, protocol=LOCAL, type=BINDER, uuid=04de5561-a782-48b1-ae89-1883d9c5a8d1}, transaction_request=STransactionRequest{code=4, data=SParcel{bytes=BAMAADQAAABlAGQAdQAuAHUAYwBsAGEALgBuAGUAcwBsAC4AcwBpAGcAbQBhAC4AcwBhAG0AcABs
D/edu.ucla.nesl.sigma.base.SigmaEngine(21972): AGUAcwAuAHAAaQBuAGcAcABvAG4AZwAuAEkAUABpAG4AZwBQAG8AbgBnAFMAZQByAHYAZQByAAAA
D/edu.ucla.nesl.sigma.base.SigmaEngine(21972): AAA=
D/edu.ucla.nesl.sigma.base.SigmaEngine(21972): }, flags=16}}
D/edu.ucla.nesl.sigma.base.SigmaEngine(21972): binder.transact() -- ping:true, interface:edu.ucla.nesl.sigma.samples.pingpong.IPingPongServer
D/edu.ucla.nesl.sigma.samples.pingpong.PingPongServer(22002): GET_RANDOM = 798819494
D/edu.ucla.nesl.sigma.base.SigmaEngine(21972): SResponse{self=URI{className=edu.ucla.nesl.sigma.base.SigmaServiceB, protocol=LOCAL, type=BASE}, transaction_response=STransactionResponse{_return=true, reply=SParcel{bytes=AAAAAKYEnS8=
D/edu.ucla.nesl.sigma.base.SigmaEngine(21972): , objects=[]}}, type=BINDER_TRANSACTION_RESPONSE}
D/edu.ucla.nesl.sigma.samples.pingpong.PingPongActivity(21914): GOT_RANDOM = 798819494
D/Parcel  (21932): Parcel
D/edu.ucla.nesl.sigma.base.SigmaEngine(21932): serveBinder uri: URI{_interface=edu.ucla.nesl.sigma.samples.pingpong.IPingPongServer, className=edu.ucla.nesl.sigma.base.SigmaServiceA, protocol=LOCAL, type=BINDER, uuid=ff078831-d0b2-4ee9-a7df-477397fefb02}
D/edu.ucla.nesl.sigma.base.SigmaEngine(21972): SRequest{action=BINDER_TRANSACTION, self=URI{className=edu.ucla.nesl.sigma.base.SigmaServiceA, protocol=LOCAL, type=BASE}, target=URI{_interface=edu.ucla.nesl.sigma.samples.pingpong.IPingPongServer, className=edu.ucla.nesl.sigma.base.SigmaServiceB, protocol=LOCAL, type=BINDER, uuid=04de5561-a782-48b1-ae89-1883d9c5a8d1}, transaction_request=STransactionRequest{code=3, data=SParcel{bytes=BAMAADQAAABlAGQAdQAuAHUAYwBsAGEALgBuAGUAcwBsAC4AcwBpAGcAbQBhAC4AcwBhAG0AcABs
D/edu.ucla.nesl.sigma.base.SigmaEngine(21972): AGUAcwAuAHAAaQBuAGcAcABvAG4AZwAuAEkAUABpAG4AZwBQAG8AbgBnAFMAZQByAHYAZQByAAAA
D/edu.ucla.nesl.sigma.base.SigmaEngine(21972): AACFKmhzfwEAAAkAAAAAAAAA
D/edu.ucla.nesl.sigma.base.SigmaEngine(21972): , objects=[URI{_interface=edu.ucla.nesl.sigma.samples.pingpong.IPingPongServer, className=edu.ucla.nesl.sigma.base.SigmaServiceA, offset=116, protocol=LOCAL, type=BINDER, uuid=ff078831-d0b2-4ee9-a7df-477397fefb02}]}, flags=16}}
D/dalvikvm(21972): GC_CONCURRENT freed 461K, 6% free 8746K/9260K, paused 2ms+2ms, total 21ms
D/edu.ucla.nesl.sigma.base.SigmaEngine(21932): SRequest{action=BINDER_CONNECTED, self=URI{className=edu.ucla.nesl.sigma.base.SigmaServiceB, protocol=LOCAL, type=BASE}, target=URI{_interface=edu.ucla.nesl.sigma.samples.pingpong.IPingPongServer, className=edu.ucla.nesl.sigma.base.SigmaServiceA, protocol=LOCAL, type=BINDER, uuid=ff078831-d0b2-4ee9-a7df-477397fefb02}}
D/edu.ucla.nesl.sigma.base.SigmaEngine(21932): SResponse{self=URI{className=edu.ucla.nesl.sigma.base.SigmaServiceA, protocol=LOCAL, type=BASE}, type=OK}
D/edu.ucla.nesl.sigma.base.SigmaEngine(21972): binder.transact() -- ping:true, interface:edu.ucla.nesl.sigma.samples.pingpong.IPingPongServer
D/edu.ucla.nesl.sigma.samples.pingpong.PingPongServer(22002): Got object
D/edu.ucla.nesl.sigma.base.SigmaEngine(21972): SResponse{self=URI{className=edu.ucla.nesl.sigma.base.SigmaServiceB, protocol=LOCAL, type=BASE}, transaction_response=STransactionResponse{_return=true, reply=SParcel{bytes=AAAAAA==
D/edu.ucla.nesl.sigma.base.SigmaEngine(21972): , objects=[]}}, type=BINDER_TRANSACTION_RESPONSE}
D/Parcel  (21932): Parcel
D/edu.ucla.nesl.sigma.base.SigmaEngine(21932): serveBinder uri: URI{_interface=edu.ucla.nesl.sigma.samples.pingpong.IPingPongServer, className=edu.ucla.nesl.sigma.base.SigmaServiceA, protocol=LOCAL, type=BINDER, uuid=ff078831-d0b2-4ee9-a7df-477397fefb02}
D/edu.ucla.nesl.sigma.base.SigmaEngine(21972): SRequest{action=BINDER_TRANSACTION, self=URI{className=edu.ucla.nesl.sigma.base.SigmaServiceA, protocol=LOCAL, type=BASE}, target=URI{_interface=edu.ucla.nesl.sigma.samples.pingpong.IPingPongServer, className=edu.ucla.nesl.sigma.base.SigmaServiceB, protocol=LOCAL, type=BINDER, uuid=04de5561-a782-48b1-ae89-1883d9c5a8d1}, transaction_request=STransactionRequest{code=3, data=SParcel{bytes=BAMAADQAAABlAGQAdQAuAHUAYwBsAGEALgBuAGUAcwBsAC4AcwBpAGcAbQBhAC4AcwBhAG0AcABs
D/edu.ucla.nesl.sigma.base.SigmaEngine(21972): AGUAcwAuAHAAaQBuAGcAcABvAG4AZwAuAEkAUABpAG4AZwBQAG8AbgBnAFMAZQByAHYAZQByAAAA
D/edu.ucla.nesl.sigma.base.SigmaEngine(21972): AACFKmhzfwEAAAkAAAAAAAAA
D/edu.ucla.nesl.sigma.base.SigmaEngine(21972): , objects=[URI{_interface=edu.ucla.nesl.sigma.samples.pingpong.IPingPongServer, className=edu.ucla.nesl.sigma.base.SigmaServiceA, offset=116, protocol=LOCAL, type=BINDER, uuid=ff078831-d0b2-4ee9-a7df-477397fefb02}]}, flags=16}}
D/edu.ucla.nesl.sigma.base.SigmaEngine(21972): binder.transact() -- ping:true, interface:edu.ucla.nesl.sigma.samples.pingpong.IPingPongServer
D/edu.ucla.nesl.sigma.samples.pingpong.PingPongServer(22002): Got object
D/edu.ucla.nesl.sigma.base.SigmaEngine(21972): SResponse{self=URI{className=edu.ucla.nesl.sigma.base.SigmaServiceB, protocol=LOCAL, type=BASE}, transaction_response=STransactionResponse{_return=true, reply=SParcel{bytes=AAAAAA==
D/edu.ucla.nesl.sigma.base.SigmaEngine(21972): , objects=[]}}, type=BINDER_TRANSACTION_RESPONSE}
D/Parcel  (21932): Parcel
D/edu.ucla.nesl.sigma.base.SigmaEngine(21932): serveBinder uri: URI{_interface=edu.ucla.nesl.sigma.samples.pingpong.IPingPongServer, className=edu.ucla.nesl.sigma.base.SigmaServiceA, protocol=LOCAL, type=BINDER, uuid=ff078831-d0b2-4ee9-a7df-477397fefb02}
D/edu.ucla.nesl.sigma.base.SigmaEngine(21972): SRequest{action=BINDER_TRANSACTION, self=URI{className=edu.ucla.nesl.sigma.base.SigmaServiceA, protocol=LOCAL, type=BASE}, target=URI{_interface=edu.ucla.nesl.sigma.samples.pingpong.IPingPongServer, className=edu.ucla.nesl.sigma.base.SigmaServiceB, protocol=LOCAL, type=BINDER, uuid=04de5561-a782-48b1-ae89-1883d9c5a8d1}, transaction_request=STransactionRequest{code=3, data=SParcel{bytes=BAMAADQAAABlAGQAdQAuAHUAYwBsAGEALgBuAGUAcwBsAC4AcwBpAGcAbQBhAC4AcwBhAG0AcABs
D/edu.ucla.nesl.sigma.base.SigmaEngine(21972): AGUAcwAuAHAAaQBuAGcAcABvAG4AZwAuAEkAUABpAG4AZwBQAG8AbgBnAFMAZQByAHYAZQByAAAA
D/edu.ucla.nesl.sigma.base.SigmaEngine(21972): AACFKmhzfwEAAAkAAAAAAAAA
D/edu.ucla.nesl.sigma.base.SigmaEngine(21972): , objects=[URI{_interface=edu.ucla.nesl.sigma.samples.pingpong.IPingPongServer, className=edu.ucla.nesl.sigma.base.SigmaServiceA, offset=116, protocol=LOCAL, type=BINDER, uuid=ff078831-d0b2-4ee9-a7df-477397fefb02}]}, flags=16}}
D/edu.ucla.nesl.sigma.base.SigmaEngine(21972): binder.transact() -- ping:true, interface:edu.ucla.nesl.sigma.samples.pingpong.IPingPongServer
D/edu.ucla.nesl.sigma.samples.pingpong.PingPongServer(22002): Got object
D/edu.ucla.nesl.sigma.base.SigmaEngine(21972): SResponse{self=URI{className=edu.ucla.nesl.sigma.base.SigmaServiceB, protocol=LOCAL, type=BASE}, transaction_response=STransactionResponse{_return=true, reply=SParcel{bytes=AAAAAA==
D/edu.ucla.nesl.sigma.base.SigmaEngine(21972): , objects=[]}}, type=BINDER_TRANSACTION_RESPONSE}
D/Parcel  (21932): Parcel
D/edu.ucla.nesl.sigma.base.SigmaEngine(21932): serveBinder uri: URI{_interface=edu.ucla.nesl.sigma.samples.pingpong.IPingPongServer, className=edu.ucla.nesl.sigma.base.SigmaServiceA, protocol=LOCAL, type=BINDER, uuid=ff078831-d0b2-4ee9-a7df-477397fefb02}
D/edu.ucla.nesl.sigma.base.SigmaEngine(21972): SRequest{action=BINDER_TRANSACTION, self=URI{className=edu.ucla.nesl.sigma.base.SigmaServiceA, protocol=LOCAL, type=BASE}, target=URI{_interface=edu.ucla.nesl.sigma.samples.pingpong.IPingPongServer, className=edu.ucla.nesl.sigma.base.SigmaServiceB, protocol=LOCAL, type=BINDER, uuid=04de5561-a782-48b1-ae89-1883d9c5a8d1}, transaction_request=STransactionRequest{code=3, data=SParcel{bytes=BAMAADQAAABlAGQAdQAuAHUAYwBsAGEALgBuAGUAcwBsAC4AcwBpAGcAbQBhAC4AcwBhAG0AcABs
D/edu.ucla.nesl.sigma.base.SigmaEngine(21972): AGUAcwAuAHAAaQBuAGcAcABvAG4AZwAuAEkAUABpAG4AZwBQAG8AbgBnAFMAZQByAHYAZQByAAAA
D/edu.ucla.nesl.sigma.base.SigmaEngine(21972): AACFKmhzfwEAAAkAAAAAAAAA
D/edu.ucla.nesl.sigma.base.SigmaEngine(21972): , objects=[URI{_interface=edu.ucla.nesl.sigma.samples.pingpong.IPingPongServer, className=edu.ucla.nesl.sigma.base.SigmaServiceA, offset=116, protocol=LOCAL, type=BINDER, uuid=ff078831-d0b2-4ee9-a7df-477397fefb02}]}, flags=16}}
D/edu.ucla.nesl.sigma.base.SigmaEngine(21972): binder.transact() -- ping:true, interface:edu.ucla.nesl.sigma.samples.pingpong.IPingPongServer
D/edu.ucla.nesl.sigma.samples.pingpong.PingPongServer(22002): Got object
D/edu.ucla.nesl.sigma.base.SigmaEngine(21972): SResponse{self=URI{className=edu.ucla.nesl.sigma.base.SigmaServiceB, protocol=LOCAL, type=BASE}, transaction_response=STransactionResponse{_return=true, reply=SParcel{bytes=AAAAAA==
D/edu.ucla.nesl.sigma.base.SigmaEngine(21972): , objects=[]}}, type=BINDER_TRANSACTION_RESPONSE}
D/Parcel  (21932): Parcel
D/edu.ucla.nesl.sigma.base.SigmaEngine(21932): serveBinder uri: URI{_interface=edu.ucla.nesl.sigma.samples.pingpong.IPingPongServer, className=edu.ucla.nesl.sigma.base.SigmaServiceA, protocol=LOCAL, type=BINDER, uuid=ff078831-d0b2-4ee9-a7df-477397fefb02}
D/edu.ucla.nesl.sigma.base.SigmaEngine(21972): SRequest{action=BINDER_TRANSACTION, self=URI{className=edu.ucla.nesl.sigma.base.SigmaServiceA, protocol=LOCAL, type=BASE}, target=URI{_interface=edu.ucla.nesl.sigma.samples.pingpong.IPingPongServer, className=edu.ucla.nesl.sigma.base.SigmaServiceB, protocol=LOCAL, type=BINDER, uuid=04de5561-a782-48b1-ae89-1883d9c5a8d1}, transaction_request=STransactionRequest{code=3, data=SParcel{bytes=BAMAADQAAABlAGQAdQAuAHUAYwBsAGEALgBuAGUAcwBsAC4AcwBpAGcAbQBhAC4AcwBhAG0AcABs
D/edu.ucla.nesl.sigma.base.SigmaEngine(21972): AGUAcwAuAHAAaQBuAGcAcABvAG4AZwAuAEkAUABpAG4AZwBQAG8AbgBnAFMAZQByAHYAZQByAAAA
D/edu.ucla.nesl.sigma.base.SigmaEngine(21972): AACFKmhzfwEAAAkAAAAAAAAA
D/edu.ucla.nesl.sigma.base.SigmaEngine(21972): , objects=[URI{_interface=edu.ucla.nesl.sigma.samples.pingpong.IPingPongServer, className=edu.ucla.nesl.sigma.base.SigmaServiceA, offset=116, protocol=LOCAL, type=BINDER, uuid=ff078831-d0b2-4ee9-a7df-477397fefb02}]}, flags=16}}
D/edu.ucla.nesl.sigma.base.SigmaEngine(21972): binder.transact() -- ping:true, interface:edu.ucla.nesl.sigma.samples.pingpong.IPingPongServer
D/edu.ucla.nesl.sigma.samples.pingpong.PingPongServer(22002): Got object
D/edu.ucla.nesl.sigma.base.SigmaEngine(21972): SResponse{self=URI{className=edu.ucla.nesl.sigma.base.SigmaServiceB, protocol=LOCAL, type=BASE}, transaction_response=STransactionResponse{_return=true, reply=SParcel{bytes=AAAAAA==
D/edu.ucla.nesl.sigma.base.SigmaEngine(21972): , objects=[]}}, type=BINDER_TRANSACTION_RESPONSE}
D/Parcel  (21932): Parcel
D/edu.ucla.nesl.sigma.base.SigmaEngine(21932): serveBinder uri: URI{_interface=edu.ucla.nesl.sigma.samples.pingpong.IPingPongServer, className=edu.ucla.nesl.sigma.base.SigmaServiceA, protocol=LOCAL, type=BINDER, uuid=ff078831-d0b2-4ee9-a7df-477397fefb02}
D/edu.ucla.nesl.sigma.base.SigmaEngine(21972): SRequest{action=BINDER_TRANSACTION, self=URI{className=edu.ucla.nesl.sigma.base.SigmaServiceA, protocol=LOCAL, type=BASE}, target=URI{_interface=edu.ucla.nesl.sigma.samples.pingpong.IPingPongServer, className=edu.ucla.nesl.sigma.base.SigmaServiceB, protocol=LOCAL, type=BINDER, uuid=04de5561-a782-48b1-ae89-1883d9c5a8d1}, transaction_request=STransactionRequest{code=3, data=SParcel{bytes=BAMAADQAAABlAGQAdQAuAHUAYwBsAGEALgBuAGUAcwBsAC4AcwBpAGcAbQBhAC4AcwBhAG0AcABs
D/edu.ucla.nesl.sigma.base.SigmaEngine(21972): AGUAcwAuAHAAaQBuAGcAcABvAG4AZwAuAEkAUABpAG4AZwBQAG8AbgBnAFMAZQByAHYAZQByAAAA
D/edu.ucla.nesl.sigma.base.SigmaEngine(21972): AACFKmhzfwEAAAkAAAAAAAAA
D/edu.ucla.nesl.sigma.base.SigmaEngine(21972): , objects=[URI{_interface=edu.ucla.nesl.sigma.samples.pingpong.IPingPongServer, className=edu.ucla.nesl.sigma.base.SigmaServiceA, offset=116, protocol=LOCAL, type=BINDER, uuid=ff078831-d0b2-4ee9-a7df-477397fefb02}]}, flags=16}}
D/edu.ucla.nesl.sigma.base.SigmaEngine(21972): binder.transact() -- ping:true, interface:edu.ucla.nesl.sigma.samples.pingpong.IPingPongServer
D/edu.ucla.nesl.sigma.samples.pingpong.PingPongServer(22002): Got object
D/edu.ucla.nesl.sigma.base.SigmaEngine(21972): SResponse{self=URI{className=edu.ucla.nesl.sigma.base.SigmaServiceB, protocol=LOCAL, type=BASE}, transaction_response=STransactionResponse{_return=true, reply=SParcel{bytes=AAAAAA==
D/edu.ucla.nesl.sigma.base.SigmaEngine(21972): , objects=[]}}, type=BINDER_TRANSACTION_RESPONSE}
D/Parcel  (21932): Parcel
D/edu.ucla.nesl.sigma.base.SigmaEngine(21932): serveBinder uri: URI{_interface=edu.ucla.nesl.sigma.samples.pingpong.IPingPongServer, className=edu.ucla.nesl.sigma.base.SigmaServiceA, protocol=LOCAL, type=BINDER, uuid=ff078831-d0b2-4ee9-a7df-477397fefb02}
D/edu.ucla.nesl.sigma.base.SigmaEngine(21972): SRequest{action=BINDER_TRANSACTION, self=URI{className=edu.ucla.nesl.sigma.base.SigmaServiceA, protocol=LOCAL, type=BASE}, target=URI{_interface=edu.ucla.nesl.sigma.samples.pingpong.IPingPongServer, className=edu.ucla.nesl.sigma.base.SigmaServiceB, protocol=LOCAL, type=BINDER, uuid=04de5561-a782-48b1-ae89-1883d9c5a8d1}, transaction_request=STransactionRequest{code=3, data=SParcel{bytes=BAMAADQAAABlAGQAdQAuAHUAYwBsAGEALgBuAGUAcwBsAC4AcwBpAGcAbQBhAC4AcwBhAG0AcABs
D/edu.ucla.nesl.sigma.base.SigmaEngine(21972): AGUAcwAuAHAAaQBuAGcAcABvAG4AZwAuAEkAUABpAG4AZwBQAG8AbgBnAFMAZQByAHYAZQByAAAA
D/edu.ucla.nesl.sigma.base.SigmaEngine(21972): AACFKmhzfwEAAAkAAAAAAAAA
D/edu.ucla.nesl.sigma.base.SigmaEngine(21972): , objects=[URI{_interface=edu.ucla.nesl.sigma.samples.pingpong.IPingPongServer, className=edu.ucla.nesl.sigma.base.SigmaServiceA, offset=116, protocol=LOCAL, type=BINDER, uuid=ff078831-d0b2-4ee9-a7df-477397fefb02}]}, flags=16}}
D/edu.ucla.nesl.sigma.base.SigmaEngine(21972): binder.transact() -- ping:true, interface:edu.ucla.nesl.sigma.samples.pingpong.IPingPongServer
D/edu.ucla.nesl.sigma.samples.pingpong.PingPongServer(22002): Got object
D/edu.ucla.nesl.sigma.base.SigmaEngine(21972): SResponse{self=URI{className=edu.ucla.nesl.sigma.base.SigmaServiceB, protocol=LOCAL, type=BASE}, transaction_response=STransactionResponse{_return=true, reply=SParcel{bytes=AAAAAA==
D/edu.ucla.nesl.sigma.base.SigmaEngine(21972): , objects=[]}}, type=BINDER_TRANSACTION_RESPONSE}
D/Parcel  (21932): Parcel
D/edu.ucla.nesl.sigma.base.SigmaEngine(21932): serveBinder uri: URI{_interface=edu.ucla.nesl.sigma.samples.pingpong.IPingPongServer, className=edu.ucla.nesl.sigma.base.SigmaServiceA, protocol=LOCAL, type=BINDER, uuid=ff078831-d0b2-4ee9-a7df-477397fefb02}
D/edu.ucla.nesl.sigma.base.SigmaEngine(21972): SRequest{action=BINDER_TRANSACTION, self=URI{className=edu.ucla.nesl.sigma.base.SigmaServiceA, protocol=LOCAL, type=BASE}, target=URI{_interface=edu.ucla.nesl.sigma.samples.pingpong.IPingPongServer, className=edu.ucla.nesl.sigma.base.SigmaServiceB, protocol=LOCAL, type=BINDER, uuid=04de5561-a782-48b1-ae89-1883d9c5a8d1}, transaction_request=STransactionRequest{code=3, data=SParcel{bytes=BAMAADQAAABlAGQAdQAuAHUAYwBsAGEALgBuAGUAcwBsAC4AcwBpAGcAbQBhAC4AcwBhAG0AcABs
D/edu.ucla.nesl.sigma.base.SigmaEngine(21972): AGUAcwAuAHAAaQBuAGcAcABvAG4AZwAuAEkAUABpAG4AZwBQAG8AbgBnAFMAZQByAHYAZQByAAAA
D/edu.ucla.nesl.sigma.base.SigmaEngine(21972): AACFKmhzfwEAAAkAAAAAAAAA
D/edu.ucla.nesl.sigma.base.SigmaEngine(21972): , objects=[URI{_interface=edu.ucla.nesl.sigma.samples.pingpong.IPingPongServer, className=edu.ucla.nesl.sigma.base.SigmaServiceA, offset=116, protocol=LOCAL, type=BINDER, uuid=ff078831-d0b2-4ee9-a7df-477397fefb02}]}, flags=16}}
D/edu.ucla.nesl.sigma.base.SigmaEngine(21972): binder.transact() -- ping:true, interface:edu.ucla.nesl.sigma.samples.pingpong.IPingPongServer
D/edu.ucla.nesl.sigma.samples.pingpong.PingPongServer(22002): Got object
D/edu.ucla.nesl.sigma.base.SigmaEngine(21972): SResponse{self=URI{className=edu.ucla.nesl.sigma.base.SigmaServiceB, protocol=LOCAL, type=BASE}, transaction_response=STransactionResponse{_return=true, reply=SParcel{bytes=AAAAAA==
D/edu.ucla.nesl.sigma.base.SigmaEngine(21972): , objects=[]}}, type=BINDER_TRANSACTION_RESPONSE}
D/Parcel  (21932): Parcel
D/edu.ucla.nesl.sigma.base.SigmaEngine(21932): serveBinder uri: URI{_interface=edu.ucla.nesl.sigma.samples.pingpong.IPingPongServer, className=edu.ucla.nesl.sigma.base.SigmaServiceA, protocol=LOCAL, type=BINDER, uuid=ff078831-d0b2-4ee9-a7df-477397fefb02}
D/edu.ucla.nesl.sigma.base.SigmaEngine(21972): SRequest{action=BINDER_TRANSACTION, self=URI{className=edu.ucla.nesl.sigma.base.SigmaServiceA, protocol=LOCAL, type=BASE}, target=URI{_interface=edu.ucla.nesl.sigma.samples.pingpong.IPingPongServer, className=edu.ucla.nesl.sigma.base.SigmaServiceB, protocol=LOCAL, type=BINDER, uuid=04de5561-a782-48b1-ae89-1883d9c5a8d1}, transaction_request=STransactionRequest{code=3, data=SParcel{bytes=BAMAADQAAABlAGQAdQAuAHUAYwBsAGEALgBuAGUAcwBsAC4AcwBpAGcAbQBhAC4AcwBhAG0AcABs
D/edu.ucla.nesl.sigma.base.SigmaEngine(21972): AGUAcwAuAHAAaQBuAGcAcABvAG4AZwAuAEkAUABpAG4AZwBQAG8AbgBnAFMAZQByAHYAZQByAAAA
D/edu.ucla.nesl.sigma.base.SigmaEngine(21972): AACFKmhzfwEAAAkAAAAAAAAA
D/edu.ucla.nesl.sigma.base.SigmaEngine(21972): , objects=[URI{_interface=edu.ucla.nesl.sigma.samples.pingpong.IPingPongServer, className=edu.ucla.nesl.sigma.base.SigmaServiceA, offset=116, protocol=LOCAL, type=BINDER, uuid=ff078831-d0b2-4ee9-a7df-477397fefb02}]}, flags=16}}
D/edu.ucla.nesl.sigma.base.SigmaEngine(21972): binder.transact() -- ping:true, interface:edu.ucla.nesl.sigma.samples.pingpong.IPingPongServer
D/edu.ucla.nesl.sigma.samples.pingpong.PingPongServer(22002): Got object
D/edu.ucla.nesl.sigma.base.SigmaEngine(21972): SResponse{self=URI{className=edu.ucla.nesl.sigma.base.SigmaServiceB, protocol=LOCAL, type=BASE}, transaction_response=STransactionResponse{_return=true, reply=SParcel{bytes=AAAAAA==
D/edu.ucla.nesl.sigma.base.SigmaEngine(21972): , objects=[]}}, type=BINDER_TRANSACTION_RESPONSE}
D/Parcel  (21932): Parcel
D/edu.ucla.nesl.sigma.base.SigmaEngine(21932): serveBinder uri: URI{_interface=edu.ucla.nesl.sigma.samples.pingpong.IPingPongServer, className=edu.ucla.nesl.sigma.base.SigmaServiceA, protocol=LOCAL, type=BINDER, uuid=ff078831-d0b2-4ee9-a7df-477397fefb02}
D/edu.ucla.nesl.sigma.base.SigmaEngine(21972): SRequest{action=BINDER_TRANSACTION, self=URI{className=edu.ucla.nesl.sigma.base.SigmaServiceA, protocol=LOCAL, type=BASE}, target=URI{_interface=edu.ucla.nesl.sigma.samples.pingpong.IPingPongServer, className=edu.ucla.nesl.sigma.base.SigmaServiceB, protocol=LOCAL, type=BINDER, uuid=04de5561-a782-48b1-ae89-1883d9c5a8d1}, transaction_request=STransactionRequest{code=3, data=SParcel{bytes=BAMAADQAAABlAGQAdQAuAHUAYwBsAGEALgBuAGUAcwBsAC4AcwBpAGcAbQBhAC4AcwBhAG0AcABs
D/edu.ucla.nesl.sigma.base.SigmaEngine(21972): AGUAcwAuAHAAaQBuAGcAcABvAG4AZwAuAEkAUABpAG4AZwBQAG8AbgBnAFMAZQByAHYAZQByAAAA
D/edu.ucla.nesl.sigma.base.SigmaEngine(21972): AACFKmhzfwEAAAkAAAAAAAAA
D/edu.ucla.nesl.sigma.base.SigmaEngine(21972): , objects=[URI{_interface=edu.ucla.nesl.sigma.samples.pingpong.IPingPongServer, className=edu.ucla.nesl.sigma.base.SigmaServiceA, offset=116, protocol=LOCAL, type=BINDER, uuid=ff078831-d0b2-4ee9-a7df-477397fefb02}]}, flags=16}}
D/edu.ucla.nesl.sigma.base.SigmaEngine(21972): binder.transact() -- ping:true, interface:edu.ucla.nesl.sigma.samples.pingpong.IPingPongServer
D/edu.ucla.nesl.sigma.samples.pingpong.PingPongServer(22002): Got object
D/edu.ucla.nesl.sigma.base.SigmaEngine(21972): SResponse{self=URI{className=edu.ucla.nesl.sigma.base.SigmaServiceB, protocol=LOCAL, type=BASE}, transaction_response=STransactionResponse{_return=true, reply=SParcel{bytes=AAAAAA==
D/edu.ucla.nesl.sigma.base.SigmaEngine(21972): , objects=[]}}, type=BINDER_TRANSACTION_RESPONSE}
D/Parcel  (21932): Parcel
D/edu.ucla.nesl.sigma.base.SigmaEngine(21932): serveBinder uri: URI{_interface=edu.ucla.nesl.sigma.samples.pingpong.IPingPongServer, className=edu.ucla.nesl.sigma.base.SigmaServiceA, protocol=LOCAL, type=BINDER, uuid=ff078831-d0b2-4ee9-a7df-477397fefb02}
D/edu.ucla.nesl.sigma.base.SigmaEngine(21972): SRequest{action=BINDER_TRANSACTION, self=URI{className=edu.ucla.nesl.sigma.base.SigmaServiceA, protocol=LOCAL, type=BASE}, target=URI{_interface=edu.ucla.nesl.sigma.samples.pingpong.IPingPongServer, className=edu.ucla.nesl.sigma.base.SigmaServiceB, protocol=LOCAL, type=BINDER, uuid=04de5561-a782-48b1-ae89-1883d9c5a8d1}, transaction_request=STransactionRequest{code=1, data=SParcel{bytes=BAMAADQAAABlAGQAdQAuAHUAYwBsAGEALgBuAGUAcwBsAC4AcwBpAGcAbQBhAC4AcwBhAG0AcABs
D/edu.ucla.nesl.sigma.base.SigmaEngine(21972): AGUAcwAuAHAAaQBuAGcAcABvAG4AZwAuAEkAUABpAG4AZwBQAG8AbgBnAFMAZQByAHYAZQByAAAA
D/edu.ucla.nesl.sigma.base.SigmaEngine(21972): AACFKmhzfwEAAAkAAAAAAAAACgAAAA==
D/edu.ucla.nesl.sigma.base.SigmaEngine(21972): , objects=[URI{_interface=edu.ucla.nesl.sigma.samples.pingpong.IPingPongServer, className=edu.ucla.nesl.sigma.base.SigmaServiceA, offset=116, protocol=LOCAL, type=BINDER, uuid=ff078831-d0b2-4ee9-a7df-477397fefb02}]}, flags=16}}
D/edu.ucla.nesl.sigma.base.SigmaEngine(21972): binder.transact() -- ping:true, interface:edu.ucla.nesl.sigma.samples.pingpong.IPingPongServer
D/edu.ucla.nesl.sigma.samples.pingpong.PingPongServer(22002): PING Count = 10[10043,21972]
D/Parcel  (21972): Parcel
D/edu.ucla.nesl.sigma.base.SigmaEngine(21972): serveBinder uri: URI{_interface=edu.ucla.nesl.sigma.samples.pingpong.IPingPongServer, className=edu.ucla.nesl.sigma.base.SigmaServiceB, protocol=LOCAL, type=BINDER, uuid=04de5561-a782-48b1-ae89-1883d9c5a8d1}
D/edu.ucla.nesl.sigma.base.SigmaEngine(21932): SRequest{action=BINDER_TRANSACTION, self=URI{className=edu.ucla.nesl.sigma.base.SigmaServiceB, protocol=LOCAL, type=BASE}, target=URI{_interface=edu.ucla.nesl.sigma.samples.pingpong.IPingPongServer, className=edu.ucla.nesl.sigma.base.SigmaServiceA, protocol=LOCAL, type=BINDER, uuid=ff078831-d0b2-4ee9-a7df-477397fefb02}, transaction_request=STransactionRequest{code=2, data=SParcel{bytes=BAMAADQAAABlAGQAdQAuAHUAYwBsAGEALgBuAGUAcwBsAC4AcwBpAGcAbQBhAC4AcwBhAG0AcABs
D/edu.ucla.nesl.sigma.base.SigmaEngine(21932): AGUAcwAuAHAAaQBuAGcAcABvAG4AZwAuAEkAUABpAG4AZwBQAG8AbgBnAFMAZQByAHYAZQByAAAA
D/edu.ucla.nesl.sigma.base.SigmaEngine(21932): AACFKmhzfwEAAAgAAAAIB4dyCQAAAA==
D/edu.ucla.nesl.sigma.base.SigmaEngine(21932): , objects=[URI{_interface=edu.ucla.nesl.sigma.samples.pingpong.IPingPongServer, className=edu.ucla.nesl.sigma.base.SigmaServiceB, offset=116, protocol=LOCAL, type=BINDER, uuid=04de5561-a782-48b1-ae89-1883d9c5a8d1}]}, flags=16}}
D/edu.ucla.nesl.sigma.base.SigmaEngine(21932): binder.transact() -- ping:true, interface:edu.ucla.nesl.sigma.samples.pingpong.IPingPongServer
D/edu.ucla.nesl.sigma.samples.pingpong.PingPongServer(22002): PONG Count = 9[10043,21932]
D/Parcel  (21932): Parcel
D/edu.ucla.nesl.sigma.base.SigmaEngine(21932): serveBinder uri: URI{_interface=edu.ucla.nesl.sigma.samples.pingpong.IPingPongServer, className=edu.ucla.nesl.sigma.base.SigmaServiceA, protocol=LOCAL, type=BINDER, uuid=ff078831-d0b2-4ee9-a7df-477397fefb02}
D/edu.ucla.nesl.sigma.base.SigmaEngine(21972): SRequest{action=BINDER_TRANSACTION, self=URI{className=edu.ucla.nesl.sigma.base.SigmaServiceA, protocol=LOCAL, type=BASE}, target=URI{_interface=edu.ucla.nesl.sigma.samples.pingpong.IPingPongServer, className=edu.ucla.nesl.sigma.base.SigmaServiceB, protocol=LOCAL, type=BINDER, uuid=04de5561-a782-48b1-ae89-1883d9c5a8d1}, transaction_request=STransactionRequest{code=1, data=SParcel{bytes=BAMAADQAAABlAGQAdQAuAHUAYwBsAGEALgBuAGUAcwBsAC4AcwBpAGcAbQBhAC4AcwBhAG0AcABs
D/edu.ucla.nesl.sigma.base.SigmaEngine(21972): AGUAcwAuAHAAaQBuAGcAcABvAG4AZwAuAEkAUABpAG4AZwBQAG8AbgBnAFMAZQByAHYAZQByAAAA
D/edu.ucla.nesl.sigma.base.SigmaEngine(21972): AACFKmhzfwEAAAkAAAAIB4dyCAAAAA==
D/edu.ucla.nesl.sigma.base.SigmaEngine(21972): , objects=[URI{_interface=edu.ucla.nesl.sigma.samples.pingpong.IPingPongServer, className=edu.ucla.nesl.sigma.base.SigmaServiceA, offset=116, protocol=LOCAL, type=BINDER, uuid=ff078831-d0b2-4ee9-a7df-477397fefb02}]}, flags=16}}
D/edu.ucla.nesl.sigma.base.SigmaEngine(21972): binder.transact() -- ping:true, interface:edu.ucla.nesl.sigma.samples.pingpong.IPingPongServer
D/edu.ucla.nesl.sigma.samples.pingpong.PingPongServer(22002): PING Count = 8[10043,21972]
D/Parcel  (21972): Parcel
D/edu.ucla.nesl.sigma.base.SigmaEngine(21972): serveBinder uri: URI{_interface=edu.ucla.nesl.sigma.samples.pingpong.IPingPongServer, className=edu.ucla.nesl.sigma.base.SigmaServiceB, protocol=LOCAL, type=BINDER, uuid=04de5561-a782-48b1-ae89-1883d9c5a8d1}
D/edu.ucla.nesl.sigma.base.SigmaEngine(21932): SRequest{action=BINDER_TRANSACTION, self=URI{className=edu.ucla.nesl.sigma.base.SigmaServiceB, protocol=LOCAL, type=BASE}, target=URI{_interface=edu.ucla.nesl.sigma.samples.pingpong.IPingPongServer, className=edu.ucla.nesl.sigma.base.SigmaServiceA, protocol=LOCAL, type=BINDER, uuid=ff078831-d0b2-4ee9-a7df-477397fefb02}, transaction_request=STransactionRequest{code=2, data=SParcel{bytes=BAMAADQAAABlAGQAdQAuAHUAYwBsAGEALgBuAGUAcwBsAC4AcwBpAGcAbQBhAC4AcwBhAG0AcABs
D/edu.ucla.nesl.sigma.base.SigmaEngine(21932): AGUAcwAuAHAAaQBuAGcAcABvAG4AZwAuAEkAUABpAG4AZwBQAG8AbgBnAFMAZQByAHYAZQByAAAA
D/edu.ucla.nesl.sigma.base.SigmaEngine(21932): AACFKmhzfwEAAAgAAAAIB4dyBwAAAA==
D/edu.ucla.nesl.sigma.base.SigmaEngine(21932): , objects=[URI{_interface=edu.ucla.nesl.sigma.samples.pingpong.IPingPongServer, className=edu.ucla.nesl.sigma.base.SigmaServiceB, offset=116, protocol=LOCAL, type=BINDER, uuid=04de5561-a782-48b1-ae89-1883d9c5a8d1}]}, flags=16}}
D/edu.ucla.nesl.sigma.base.SigmaEngine(21932): binder.transact() -- ping:true, interface:edu.ucla.nesl.sigma.samples.pingpong.IPingPongServer
D/edu.ucla.nesl.sigma.samples.pingpong.PingPongServer(22002): PONG Count = 7[10043,21932]
D/Parcel  (21932): Parcel
D/edu.ucla.nesl.sigma.base.SigmaEngine(21932): serveBinder uri: URI{_interface=edu.ucla.nesl.sigma.samples.pingpong.IPingPongServer, className=edu.ucla.nesl.sigma.base.SigmaServiceA, protocol=LOCAL, type=BINDER, uuid=ff078831-d0b2-4ee9-a7df-477397fefb02}
D/edu.ucla.nesl.sigma.base.SigmaEngine(21972): SRequest{action=BINDER_TRANSACTION, self=URI{className=edu.ucla.nesl.sigma.base.SigmaServiceA, protocol=LOCAL, type=BASE}, target=URI{_interface=edu.ucla.nesl.sigma.samples.pingpong.IPingPongServer, className=edu.ucla.nesl.sigma.base.SigmaServiceB, protocol=LOCAL, type=BINDER, uuid=04de5561-a782-48b1-ae89-1883d9c5a8d1}, transaction_request=STransactionRequest{code=1, data=SParcel{bytes=BAMAADQAAABlAGQAdQAuAHUAYwBsAGEALgBuAGUAcwBsAC4AcwBpAGcAbQBhAC4AcwBhAG0AcABs
D/edu.ucla.nesl.sigma.base.SigmaEngine(21972): AGUAcwAuAHAAaQBuAGcAcABvAG4AZwAuAEkAUABpAG4AZwBQAG8AbgBnAFMAZQByAHYAZQByAAAA
D/edu.ucla.nesl.sigma.base.SigmaEngine(21972): AACFKmhzfwEAAAkAAAAIB4dyBgAAAA==
D/edu.ucla.nesl.sigma.base.SigmaEngine(21972): , objects=[URI{_interface=edu.ucla.nesl.sigma.samples.pingpong.IPingPongServer, className=edu.ucla.nesl.sigma.base.SigmaServiceA, offset=116, protocol=LOCAL, type=BINDER, uuid=ff078831-d0b2-4ee9-a7df-477397fefb02}]}, flags=16}}
D/edu.ucla.nesl.sigma.base.SigmaEngine(21972): binder.transact() -- ping:true, interface:edu.ucla.nesl.sigma.samples.pingpong.IPingPongServer
D/edu.ucla.nesl.sigma.samples.pingpong.PingPongServer(22002): PING Count = 6[10043,21972]
D/Parcel  (21972): Parcel
D/edu.ucla.nesl.sigma.base.SigmaEngine(21972): serveBinder uri: URI{_interface=edu.ucla.nesl.sigma.samples.pingpong.IPingPongServer, className=edu.ucla.nesl.sigma.base.SigmaServiceB, protocol=LOCAL, type=BINDER, uuid=04de5561-a782-48b1-ae89-1883d9c5a8d1}
D/edu.ucla.nesl.sigma.base.SigmaEngine(21932): SRequest{action=BINDER_TRANSACTION, self=URI{className=edu.ucla.nesl.sigma.base.SigmaServiceB, protocol=LOCAL, type=BASE}, target=URI{_interface=edu.ucla.nesl.sigma.samples.pingpong.IPingPongServer, className=edu.ucla.nesl.sigma.base.SigmaServiceA, protocol=LOCAL, type=BINDER, uuid=ff078831-d0b2-4ee9-a7df-477397fefb02}, transaction_request=STransactionRequest{code=2, data=SParcel{bytes=BAMAADQAAABlAGQAdQAuAHUAYwBsAGEALgBuAGUAcwBsAC4AcwBpAGcAbQBhAC4AcwBhAG0AcABs
