D/edu.ucla.nesl.sigma.base.SigmaEngine(21972): SRequest{action=BINDER_TRANSACTION, self=URI{className=edu.ucla.nesl.sigma.base.SigmaServiceA, protocol=LOCAL, type=BASE}, target=URI{_interface=edu.ucla.nesl.sigma.samples.pingpong.IPingPongServer, className=edu.ucla.nesl.sigma.base.SigmaServiceB, protocol=LOCAL, type=BINDER, uuid=22d1eace-1897-4048-9945-2e5112612e08}, transaction_request=STransactionRequest{code=3, data=SParcel{bytes=BAMAADQAAABlAGQAdQAuAHUAYwBsAGEALgBuAGUAcwBsAC4AcwBpAGcAbQBhAC4AcwBhAG0AcABs
D/edu.ucla.nesl.sigma.base.SigmaEngine(21972): AGUAcwAuAHAAaQBuAGcAcABvAG4AZwAuAEkAUABpAG4AZwBQAG8AbgBnAFMAZQByAHYAZQByAAAA
D/edu.ucla.nesl.sigma.base.SigmaEngine(21972): AACFKmhzfwEAAAkAAAAAAAAA
D/edu.ucla.nesl.sigma.base.SigmaEngine(21972): , objects=[URI{_interface=edu.ucla.nesl.sigma.samples.pingpong.IPingPongServer, className=edu.ucla.nesl.sigma.base.SigmaServiceA, offset=116, protocol=LOCAL, type=BINDER, uuid=8674c5ac-7839-42bb-b4f8-02a7658d0fa9}]}, flags=16}}
D/edu.ucla.nesl.sigma.base.SigmaEngine(21972): binder.transact() -- ping:true, interface:edu.ucla.nesl.sigma.samples.pingpong.IPingPongServer
D/edu.ucla.nesl.sigma.samples.pingpong.PingPongServer(22002): Got object
D/edu.ucla.nesl.sigma.base.SigmaEngine(21972): SResponse{self=URI{className=edu.ucla.nesl.sigma.base.SigmaServiceB, protocol=LOCAL, type=BASE}, transaction_response=STransactionResponse{_return=true, reply=SParcel{bytes=AAAAAA==
D/edu.ucla.nesl.sigma.base.SigmaEngine(21972): , objects=[]}}, type=BINDER_TRANSACTION_RESPONSE}
D/Parcel  (21932): Parcel
D/edu.ucla.nesl.sigma.base.SigmaEngine(21932): serveBinder uri: URI{_interface=edu.ucla.nesl.sigma.samples.pingpong.IPingPongServer, className=edu.ucla.nesl.sigma.base.SigmaServiceA, protocol=LOCAL, type=BINDER, uuid=8674c5ac-7839-42bb-b4f8-02a7658d0fa9}
D/edu.ucla.nesl.sigma.base.SigmaEngine(21972): SRequest{action=BINDER_TRANSACTION, self=URI{className=edu.ucla.nesl.sigma.base.SigmaServiceA, protocol=LOCAL, type=BASE}, target=URI{_interface=edu.ucla.nesl.sigma.samples.pingpong.IPingPongServer, className=edu.ucla.nesl.sigma.base.SigmaServiceB, protocol=LOCAL, type=BINDER, uuid=22d1eace-1897-4048-9945-2e5112612e08}, transaction_request=STransactionRequest{code=3, data=SParcel{bytes=BAMAADQAAABlAGQAdQAuAHUAYwBsAGEALgBuAGUAcwBsAC4AcwBpAGcAbQBhAC4AcwBhAG0AcABs
D/edu.ucla.nesl.sigma.base.SigmaEngine(21972): AGUAcwAuAHAAaQBuAGcAcABvAG4AZwAuAEkAUABpAG4AZwBQAG8AbgBnAFMAZQByAHYAZQByAAAA
D/edu.ucla.nesl.sigma.base.SigmaEngine(21972): AACFKmhzfwEAAAkAAAAAAAAA
D/edu.ucla.nesl.sigma.base.SigmaEngine(21972): , objects=[URI{_interface=edu.ucla.nesl.sigma.samples.pingpong.IPingPongServer, className=edu.ucla.nesl.sigma.base.SigmaServiceA, offset=116, protocol=LOCAL, type=BINDER, uuid=8674c5ac-7839-42bb-b4f8-02a7658d0fa9}]}, flags=16}}
D/edu.ucla.nesl.sigma.base.SigmaEngine(21972): binder.transact() -- ping:true, interface:edu.ucla.nesl.sigma.samples.pingpong.IPingPongServer
D/edu.ucla.nesl.sigma.samples.pingpong.PingPongServer(22002): Got object
D/edu.ucla.nesl.sigma.base.SigmaEngine(21972): SResponse{self=URI{className=edu.ucla.nesl.sigma.base.SigmaServiceB, protocol=LOCAL, type=BASE}, transaction_response=STransactionResponse{_return=true, reply=SParcel{bytes=AAAAAA==
D/edu.ucla.nesl.sigma.base.SigmaEngine(21972): , objects=[]}}, type=BINDER_TRANSACTION_RESPONSE}
D/Parcel  (21932): Parcel
D/edu.ucla.nesl.sigma.base.SigmaEngine(21932): serveBinder uri: URI{_interface=edu.ucla.nesl.sigma.samples.pingpong.IPingPongServer, className=edu.ucla.nesl.sigma.base.SigmaServiceA, protocol=LOCAL, type=BINDER, uuid=8674c5ac-7839-42bb-b4f8-02a7658d0fa9}
D/edu.ucla.nesl.sigma.base.SigmaEngine(21972): SRequest{action=BINDER_TRANSACTION, self=URI{className=edu.ucla.nesl.sigma.base.SigmaServiceA, protocol=LOCAL, type=BASE}, target=URI{_interface=edu.ucla.nesl.sigma.samples.pingpong.IPingPongServer, className=edu.ucla.nesl.sigma.base.SigmaServiceB, protocol=LOCAL, type=BINDER, uuid=22d1eace-1897-4048-9945-2e5112612e08}, transaction_request=STransactionRequest{code=3, data=SParcel{bytes=BAMAADQAAABlAGQAdQAuAHUAYwBsAGEALgBuAGUAcwBsAC4AcwBpAGcAbQBhAC4AcwBhAG0AcABs
D/edu.ucla.nesl.sigma.base.SigmaEngine(21972): AGUAcwAuAHAAaQBuAGcAcABvAG4AZwAuAEkAUABpAG4AZwBQAG8AbgBnAFMAZQByAHYAZQByAAAA
D/edu.ucla.nesl.sigma.base.SigmaEngine(21972): AACFKmhzfwEAAAkAAAAAAAAA
D/edu.ucla.nesl.sigma.base.SigmaEngine(21972): , objects=[URI{_interface=edu.ucla.nesl.sigma.samples.pingpong.IPingPongServer, className=edu.ucla.nesl.sigma.base.SigmaServiceA, offset=116, protocol=LOCAL, type=BINDER, uuid=8674c5ac-7839-42bb-b4f8-02a7658d0fa9}]}, flags=16}}
D/edu.ucla.nesl.sigma.base.SigmaEngine(21972): binder.transact() -- ping:true, interface:edu.ucla.nesl.sigma.samples.pingpong.IPingPongServer
D/edu.ucla.nesl.sigma.samples.pingpong.PingPongServer(22002): Got object
D/edu.ucla.nesl.sigma.base.SigmaEngine(21972): SResponse{self=URI{className=edu.ucla.nesl.sigma.base.SigmaServiceB, protocol=LOCAL, type=BASE}, transaction_response=STransactionResponse{_return=true, reply=SParcel{bytes=AAAAAA==
D/edu.ucla.nesl.sigma.base.SigmaEngine(21972): , objects=[]}}, type=BINDER_TRANSACTION_RESPONSE}
D/Parcel  (21932): Parcel
D/edu.ucla.nesl.sigma.base.SigmaEngine(21932): serveBinder uri: URI{_interface=edu.ucla.nesl.sigma.samples.pingpong.IPingPongServer, className=edu.ucla.nesl.sigma.base.SigmaServiceA, protocol=LOCAL, type=BINDER, uuid=8674c5ac-7839-42bb-b4f8-02a7658d0fa9}
D/edu.ucla.nesl.sigma.base.SigmaEngine(21972): SRequest{action=BINDER_TRANSACTION, self=URI{className=edu.ucla.nesl.sigma.base.SigmaServiceA, protocol=LOCAL, type=BASE}, target=URI{_interface=edu.ucla.nesl.sigma.samples.pingpong.IPingPongServer, className=edu.ucla.nesl.sigma.base.SigmaServiceB, protocol=LOCAL, type=BINDER, uuid=22d1eace-1897-4048-9945-2e5112612e08}, transaction_request=STransactionRequest{code=3, data=SParcel{bytes=BAMAADQAAABlAGQAdQAuAHUAYwBsAGEALgBuAGUAcwBsAC4AcwBpAGcAbQBhAC4AcwBhAG0AcABs
D/edu.ucla.nesl.sigma.base.SigmaEngine(21972): AGUAcwAuAHAAaQBuAGcAcABvAG4AZwAuAEkAUABpAG4AZwBQAG8AbgBnAFMAZQByAHYAZQByAAAA
D/edu.ucla.nesl.sigma.base.SigmaEngine(21972): AACFKmhzfwEAAAkAAAAAAAAA
D/edu.ucla.nesl.sigma.base.SigmaEngine(21972): , objects=[URI{_interface=edu.ucla.nesl.sigma.samples.pingpong.IPingPongServer, className=edu.ucla.nesl.sigma.base.SigmaServiceA, offset=116, protocol=LOCAL, type=BINDER, uuid=8674c5ac-7839-42bb-b4f8-02a7658d0fa9}]}, flags=16}}
D/edu.ucla.nesl.sigma.base.SigmaEngine(21972): binder.transact() -- ping:true, interface:edu.ucla.nesl.sigma.samples.pingpong.IPingPongServer
D/edu.ucla.nesl.sigma.samples.pingpong.PingPongServer(22002): Got object
D/edu.ucla.nesl.sigma.base.SigmaEngine(21972): SResponse{self=URI{className=edu.ucla.nesl.sigma.base.SigmaServiceB, protocol=LOCAL, type=BASE}, transaction_response=STransactionResponse{_return=true, reply=SParcel{bytes=AAAAAA==
D/edu.ucla.nesl.sigma.base.SigmaEngine(21972): , objects=[]}}, type=BINDER_TRANSACTION_RESPONSE}
D/Parcel  (21932): Parcel
D/edu.ucla.nesl.sigma.base.SigmaEngine(21932): serveBinder uri: URI{_interface=edu.ucla.nesl.sigma.samples.pingpong.IPingPongServer, className=edu.ucla.nesl.sigma.base.SigmaServiceA, protocol=LOCAL, type=BINDER, uuid=8674c5ac-7839-42bb-b4f8-02a7658d0fa9}
D/edu.ucla.nesl.sigma.base.SigmaEngine(21972): SRequest{action=BINDER_TRANSACTION, self=URI{className=edu.ucla.nesl.sigma.base.SigmaServiceA, protocol=LOCAL, type=BASE}, target=URI{_interface=edu.ucla.nesl.sigma.samples.pingpong.IPingPongServer, className=edu.ucla.nesl.sigma.base.SigmaServiceB, protocol=LOCAL, type=BINDER, uuid=22d1eace-1897-4048-9945-2e5112612e08}, transaction_request=STransactionRequest{code=3, data=SParcel{bytes=BAMAADQAAABlAGQAdQAuAHUAYwBsAGEALgBuAGUAcwBsAC4AcwBpAGcAbQBhAC4AcwBhAG0AcABs
D/edu.ucla.nesl.sigma.base.SigmaEngine(21972): AGUAcwAuAHAAaQBuAGcAcABvAG4AZwAuAEkAUABpAG4AZwBQAG8AbgBnAFMAZQByAHYAZQByAAAA
D/edu.ucla.nesl.sigma.base.SigmaEngine(21972): AACFKmhzfwEAAAkAAAAAAAAA
D/edu.ucla.nesl.sigma.base.SigmaEngine(21972): , objects=[URI{_interface=edu.ucla.nesl.sigma.samples.pingpong.IPingPongServer, className=edu.ucla.nesl.sigma.base.SigmaServiceA, offset=116, protocol=LOCAL, type=BINDER, uuid=8674c5ac-7839-42bb-b4f8-02a7658d0fa9}]}, flags=16}}
D/edu.ucla.nesl.sigma.base.SigmaEngine(21972): binder.transact() -- ping:true, interface:edu.ucla.nesl.sigma.samples.pingpong.IPingPongServer
D/edu.ucla.nesl.sigma.samples.pingpong.PingPongServer(22002): Got object
D/edu.ucla.nesl.sigma.base.SigmaEngine(21972): SResponse{self=URI{className=edu.ucla.nesl.sigma.base.SigmaServiceB, protocol=LOCAL, type=BASE}, transaction_response=STransactionResponse{_return=true, reply=SParcel{bytes=AAAAAA==
D/edu.ucla.nesl.sigma.base.SigmaEngine(21972): , objects=[]}}, type=BINDER_TRANSACTION_RESPONSE}
D/Parcel  (21932): Parcel
D/edu.ucla.nesl.sigma.base.SigmaEngine(21932): serveBinder uri: URI{_interface=edu.ucla.nesl.sigma.samples.pingpong.IPingPongServer, className=edu.ucla.nesl.sigma.base.SigmaServiceA, protocol=LOCAL, type=BINDER, uuid=8674c5ac-7839-42bb-b4f8-02a7658d0fa9}
D/edu.ucla.nesl.sigma.base.SigmaEngine(21972): SRequest{action=BINDER_TRANSACTION, self=URI{className=edu.ucla.nesl.sigma.base.SigmaServiceA, protocol=LOCAL, type=BASE}, target=URI{_interface=edu.ucla.nesl.sigma.samples.pingpong.IPingPongServer, className=edu.ucla.nesl.sigma.base.SigmaServiceB, protocol=LOCAL, type=BINDER, uuid=22d1eace-1897-4048-9945-2e5112612e08}, transaction_request=STransactionRequest{code=3, data=SParcel{bytes=BAMAADQAAABlAGQAdQAuAHUAYwBsAGEALgBuAGUAcwBsAC4AcwBpAGcAbQBhAC4AcwBhAG0AcABs
D/edu.ucla.nesl.sigma.base.SigmaEngine(21972): AGUAcwAuAHAAaQBuAGcAcABvAG4AZwAuAEkAUABpAG4AZwBQAG8AbgBnAFMAZQByAHYAZQByAAAA
D/edu.ucla.nesl.sigma.base.SigmaEngine(21972): AACFKmhzfwEAAAkAAAAAAAAA
D/edu.ucla.nesl.sigma.base.SigmaEngine(21972): , objects=[URI{_interface=edu.ucla.nesl.sigma.samples.pingpong.IPingPongServer, className=edu.ucla.nesl.sigma.base.SigmaServiceA, offset=116, protocol=LOCAL, type=BINDER, uuid=8674c5ac-7839-42bb-b4f8-02a7658d0fa9}]}, flags=16}}
D/edu.ucla.nesl.sigma.base.SigmaEngine(21972): binder.transact() -- ping:true, interface:edu.ucla.nesl.sigma.samples.pingpong.IPingPongServer
D/edu.ucla.nesl.sigma.samples.pingpong.PingPongServer(22002): Got object
D/edu.ucla.nesl.sigma.base.SigmaEngine(21972): SResponse{self=URI{className=edu.ucla.nesl.sigma.base.SigmaServiceB, protocol=LOCAL, type=BASE}, transaction_response=STransactionResponse{_return=true, reply=SParcel{bytes=AAAAAA==
D/edu.ucla.nesl.sigma.base.SigmaEngine(21972): , objects=[]}}, type=BINDER_TRANSACTION_RESPONSE}
D/Parcel  (21932): Parcel
D/edu.ucla.nesl.sigma.base.SigmaEngine(21932): serveBinder uri: URI{_interface=edu.ucla.nesl.sigma.samples.pingpong.IPingPongServer, className=edu.ucla.nesl.sigma.base.SigmaServiceA, protocol=LOCAL, type=BINDER, uuid=8674c5ac-7839-42bb-b4f8-02a7658d0fa9}
D/edu.ucla.nesl.sigma.base.SigmaEngine(21972): SRequest{action=BINDER_TRANSACTION, self=URI{className=edu.ucla.nesl.sigma.base.SigmaServiceA, protocol=LOCAL, type=BASE}, target=URI{_interface=edu.ucla.nesl.sigma.samples.pingpong.IPingPongServer, className=edu.ucla.nesl.sigma.base.SigmaServiceB, protocol=LOCAL, type=BINDER, uuid=22d1eace-1897-4048-9945-2e5112612e08}, transaction_request=STransactionRequest{code=3, data=SParcel{bytes=BAMAADQAAABlAGQAdQAuAHUAYwBsAGEALgBuAGUAcwBsAC4AcwBpAGcAbQBhAC4AcwBhAG0AcABs
D/edu.ucla.nesl.sigma.base.SigmaEngine(21972): AGUAcwAuAHAAaQBuAGcAcABvAG4AZwAuAEkAUABpAG4AZwBQAG8AbgBnAFMAZQByAHYAZQByAAAA
D/edu.ucla.nesl.sigma.base.SigmaEngine(21972): AACFKmhzfwEAAAkAAAAAAAAA
D/edu.ucla.nesl.sigma.base.SigmaEngine(21972): , objects=[URI{_interface=edu.ucla.nesl.sigma.samples.pingpong.IPingPongServer, className=edu.ucla.nesl.sigma.base.SigmaServiceA, offset=116, protocol=LOCAL, type=BINDER, uuid=8674c5ac-7839-42bb-b4f8-02a7658d0fa9}]}, flags=16}}
D/edu.ucla.nesl.sigma.base.SigmaEngine(21972): binder.transact() -- ping:true, interface:edu.ucla.nesl.sigma.samples.pingpong.IPingPongServer
D/edu.ucla.nesl.sigma.samples.pingpong.PingPongServer(22002): Got object
D/edu.ucla.nesl.sigma.base.SigmaEngine(21972): SResponse{self=URI{className=edu.ucla.nesl.sigma.base.SigmaServiceB, protocol=LOCAL, type=BASE}, transaction_response=STransactionResponse{_return=true, reply=SParcel{bytes=AAAAAA==
D/edu.ucla.nesl.sigma.base.SigmaEngine(21972): , objects=[]}}, type=BINDER_TRANSACTION_RESPONSE}
D/Parcel  (21932): Parcel
D/edu.ucla.nesl.sigma.base.SigmaEngine(21932): serveBinder uri: URI{_interface=edu.ucla.nesl.sigma.samples.pingpong.IPingPongServer, className=edu.ucla.nesl.sigma.base.SigmaServiceA, protocol=LOCAL, type=BINDER, uuid=8674c5ac-7839-42bb-b4f8-02a7658d0fa9}
D/edu.ucla.nesl.sigma.base.SigmaEngine(21972): SRequest{action=BINDER_TRANSACTION, self=URI{className=edu.ucla.nesl.sigma.base.SigmaServiceA, protocol=LOCAL, type=BASE}, target=URI{_interface=edu.ucla.nesl.sigma.samples.pingpong.IPingPongServer, className=edu.ucla.nesl.sigma.base.SigmaServiceB, protocol=LOCAL, type=BINDER, uuid=22d1eace-1897-4048-9945-2e5112612e08}, transaction_request=STransactionRequest{code=1, data=SParcel{bytes=BAMAADQAAABlAGQAdQAuAHUAYwBsAGEALgBuAGUAcwBsAC4AcwBpAGcAbQBhAC4AcwBhAG0AcABs
D/edu.ucla.nesl.sigma.base.SigmaEngine(21972): AGUAcwAuAHAAaQBuAGcAcABvAG4AZwAuAEkAUABpAG4AZwBQAG8AbgBnAFMAZQByAHYAZQByAAAA
D/edu.ucla.nesl.sigma.base.SigmaEngine(21972): AACFKmhzfwEAAAkAAAAAAAAACgAAAA==
D/edu.ucla.nesl.sigma.base.SigmaEngine(21972): , objects=[URI{_interface=edu.ucla.nesl.sigma.samples.pingpong.IPingPongServer, className=edu.ucla.nesl.sigma.base.SigmaServiceA, offset=116, protocol=LOCAL, type=BINDER, uuid=8674c5ac-7839-42bb-b4f8-02a7658d0fa9}]}, flags=16}}
D/edu.ucla.nesl.sigma.base.SigmaEngine(21972): binder.transact() -- ping:true, interface:edu.ucla.nesl.sigma.samples.pingpong.IPingPongServer
D/edu.ucla.nesl.sigma.samples.pingpong.PingPongServer(22002): PING Count = 10[10043,21972]
D/Parcel  (21972): Parcel
D/edu.ucla.nesl.sigma.base.SigmaEngine(21972): serveBinder uri: URI{_interface=edu.ucla.nesl.sigma.samples.pingpong.IPingPongServer, className=edu.ucla.nesl.sigma.base.SigmaServiceB, protocol=LOCAL, type=BINDER, uuid=22d1eace-1897-4048-9945-2e5112612e08}
D/edu.ucla.nesl.sigma.base.SigmaEngine(21932): SRequest{action=BINDER_TRANSACTION, self=URI{className=edu.ucla.nesl.sigma.base.SigmaServiceB, protocol=LOCAL, type=BASE}, target=URI{_interface=edu.ucla.nesl.sigma.samples.pingpong.IPingPongServer, className=edu.ucla.nesl.sigma.base.SigmaServiceA, protocol=LOCAL, type=BINDER, uuid=8674c5ac-7839-42bb-b4f8-02a7658d0fa9}, transaction_request=STransactionRequest{code=2, data=SParcel{bytes=BAMAADQAAABlAGQAdQAuAHUAYwBsAGEALgBuAGUAcwBsAC4AcwBpAGcAbQBhAC4AcwBhAG0AcABs
D/edu.ucla.nesl.sigma.base.SigmaEngine(21932): AGUAcwAuAHAAaQBuAGcAcABvAG4AZwAuAEkAUABpAG4AZwBQAG8AbgBnAFMAZQByAHYAZQByAAAA
D/edu.ucla.nesl.sigma.base.SigmaEngine(21932): AACFKmhzfwEAAAgAAAAIB4dyCQAAAA==
D/edu.ucla.nesl.sigma.base.SigmaEngine(21932): , objects=[URI{_interface=edu.ucla.nesl.sigma.samples.pingpong.IPingPongServer, className=edu.ucla.nesl.sigma.base.SigmaServiceB, offset=116, protocol=LOCAL, type=BINDER, uuid=22d1eace-1897-4048-9945-2e5112612e08}]}, flags=16}}
D/edu.ucla.nesl.sigma.base.SigmaEngine(21932): binder.transact() -- ping:true, interface:edu.ucla.nesl.sigma.samples.pingpong.IPingPongServer
D/edu.ucla.nesl.sigma.samples.pingpong.PingPongServer(22002): PONG Count = 9[10043,21932]
D/Parcel  (21932): Parcel
D/edu.ucla.nesl.sigma.base.SigmaEngine(21932): serveBinder uri: URI{_interface=edu.ucla.nesl.sigma.samples.pingpong.IPingPongServer, className=edu.ucla.nesl.sigma.base.SigmaServiceA, protocol=LOCAL, type=BINDER, uuid=8674c5ac-7839-42bb-b4f8-02a7658d0fa9}
D/edu.ucla.nesl.sigma.base.SigmaEngine(21972): SRequest{action=BINDER_TRANSACTION, self=URI{className=edu.ucla.nesl.sigma.base.SigmaServiceA, protocol=LOCAL, type=BASE}, target=URI{_interface=edu.ucla.nesl.sigma.samples.pingpong.IPingPongServer, className=edu.ucla.nesl.sigma.base.SigmaServiceB, protocol=LOCAL, type=BINDER, uuid=22d1eace-1897-4048-9945-2e5112612e08}, transaction_request=STransactionRequest{code=1, data=SParcel{bytes=BAMAADQAAABlAGQAdQAuAHUAYwBsAGEALgBuAGUAcwBsAC4AcwBpAGcAbQBhAC4AcwBhAG0AcABs
D/edu.ucla.nesl.sigma.base.SigmaEngine(21972): AGUAcwAuAHAAaQBuAGcAcABvAG4AZwAuAEkAUABpAG4AZwBQAG8AbgBnAFMAZQByAHYAZQByAAAA
D/edu.ucla.nesl.sigma.base.SigmaEngine(21972): AACFKmhzfwEAAAkAAAAIB4dyCAAAAA==
D/edu.ucla.nesl.sigma.base.SigmaEngine(21972): , objects=[URI{_interface=edu.ucla.nesl.sigma.samples.pingpong.IPingPongServer, className=edu.ucla.nesl.sigma.base.SigmaServiceA, offset=116, protocol=LOCAL, type=BINDER, uuid=8674c5ac-7839-42bb-b4f8-02a7658d0fa9}]}, flags=16}}
D/edu.ucla.nesl.sigma.base.SigmaEngine(21972): binder.transact() -- ping:true, interface:edu.ucla.nesl.sigma.samples.pingpong.IPingPongServer
D/edu.ucla.nesl.sigma.samples.pingpong.PingPongServer(22002): PING Count = 8[10043,21972]
D/Parcel  (21972): Parcel
D/edu.ucla.nesl.sigma.base.SigmaEngine(21972): serveBinder uri: URI{_interface=edu.ucla.nesl.sigma.samples.pingpong.IPingPongServer, className=edu.ucla.nesl.sigma.base.SigmaServiceB, protocol=LOCAL, type=BINDER, uuid=22d1eace-1897-4048-9945-2e5112612e08}
D/edu.ucla.nesl.sigma.base.SigmaEngine(21932): SRequest{action=BINDER_TRANSACTION, self=URI{className=edu.ucla.nesl.sigma.base.SigmaServiceB, protocol=LOCAL, type=BASE}, target=URI{_interface=edu.ucla.nesl.sigma.samples.pingpong.IPingPongServer, className=edu.ucla.nesl.sigma.base.SigmaServiceA, protocol=LOCAL, type=BINDER, uuid=8674c5ac-7839-42bb-b4f8-02a7658d0fa9}, transaction_request=STransactionRequest{code=2, data=SParcel{bytes=BAMAADQAAABlAGQAdQAuAHUAYwBsAGEALgBuAGUAcwBsAC4AcwBpAGcAbQBhAC4AcwBhAG0AcABs
D/edu.ucla.nesl.sigma.base.SigmaEngine(21932): AGUAcwAuAHAAaQBuAGcAcABvAG4AZwAuAEkAUABpAG4AZwBQAG8AbgBnAFMAZQByAHYAZQByAAAA
D/edu.ucla.nesl.sigma.base.SigmaEngine(21932): AACFKmhzfwEAAAgAAAAIB4dyBwAAAA==
D/edu.ucla.nesl.sigma.base.SigmaEngine(21932): , objects=[URI{_interface=edu.ucla.nesl.sigma.samples.pingpong.IPingPongServer, className=edu.ucla.nesl.sigma.base.SigmaServiceB, offset=116, protocol=LOCAL, type=BINDER, uuid=22d1eace-1897-4048-9945-2e5112612e08}]}, flags=16}}
D/edu.ucla.nesl.sigma.base.SigmaEngine(21932): binder.transact() -- ping:true, interface:edu.ucla.nesl.sigma.samples.pingpong.IPingPongServer
D/edu.ucla.nesl.sigma.samples.pingpong.PingPongServer(22002): PONG Count = 7[10043,21932]
D/Parcel  (21932): Parcel
D/edu.ucla.nesl.sigma.base.SigmaEngine(21932): serveBinder uri: URI{_interface=edu.ucla.nesl.sigma.samples.pingpong.IPingPongServer, className=edu.ucla.nesl.sigma.base.SigmaServiceA, protocol=LOCAL, type=BINDER, uuid=8674c5ac-7839-42bb-b4f8-02a7658d0fa9}
D/edu.ucla.nesl.sigma.base.SigmaEngine(21972): SRequest{action=BINDER_TRANSACTION, self=URI{className=edu.ucla.nesl.sigma.base.SigmaServiceA, protocol=LOCAL, type=BASE}, target=URI{_interface=edu.ucla.nesl.sigma.samples.pingpong.IPingPongServer, className=edu.ucla.nesl.sigma.base.SigmaServiceB, protocol=LOCAL, type=BINDER, uuid=22d1eace-1897-4048-9945-2e5112612e08}, transaction_request=STransactionRequest{code=1, data=SParcel{bytes=BAMAADQAAABlAGQAdQAuAHUAYwBsAGEALgBuAGUAcwBsAC4AcwBpAGcAbQBhAC4AcwBhAG0AcABs
D/edu.ucla.nesl.sigma.base.SigmaEngine(21972): AGUAcwAuAHAAaQBuAGcAcABvAG4AZwAuAEkAUABpAG4AZwBQAG8AbgBnAFMAZQByAHYAZQByAAAA
D/edu.ucla.nesl.sigma.base.SigmaEngine(21972): AACFKmhzfwEAAAkAAAAIB4dyBgAAAA==
D/edu.ucla.nesl.sigma.base.SigmaEngine(21972): , objects=[URI{_interface=edu.ucla.nesl.sigma.samples.pingpong.IPingPongServer, className=edu.ucla.nesl.sigma.base.SigmaServiceA, offset=116, protocol=LOCAL, type=BINDER, uuid=8674c5ac-7839-42bb-b4f8-02a7658d0fa9}]}, flags=16}}
D/edu.ucla.nesl.sigma.base.SigmaEngine(21972): binder.transact() -- ping:true, interface:edu.ucla.nesl.sigma.samples.pingpong.IPingPongServer
D/edu.ucla.nesl.sigma.samples.pingpong.PingPongServer(22002): PING Count = 6[10043,21972]
D/Parcel  (21972): Parcel
D/edu.ucla.nesl.sigma.base.SigmaEngine(21972): serveBinder uri: URI{_interface=edu.ucla.nesl.sigma.samples.pingpong.IPingPongServer, className=edu.ucla.nesl.sigma.base.SigmaServiceB, protocol=LOCAL, type=BINDER, uuid=22d1eace-1897-4048-9945-2e5112612e08}
D/edu.ucla.nesl.sigma.base.SigmaEngine(21932): SRequest{action=BINDER_TRANSACTION, self=URI{className=edu.ucla.nesl.sigma.base.SigmaServiceB, protocol=LOCAL, type=BASE}, target=URI{_interface=edu.ucla.nesl.sigma.samples.pingpong.IPingPongServer, className=edu.ucla.nesl.sigma.base.SigmaServiceA, protocol=LOCAL, type=BINDER, uuid=8674c5ac-7839-42bb-b4f8-02a7658d0fa9}, transaction_request=STransactionRequest{code=2, data=SParcel{bytes=BAMAADQAAABlAGQAdQAuAHUAYwBsAGEALgBuAGUAcwBsAC4AcwBpAGcAbQBhAC4AcwBhAG0AcABs
D/edu.ucla.nesl.sigma.base.SigmaEngine(21932): AGUAcwAuAHAAaQBuAGcAcABvAG4AZwAuAEkAUABpAG4AZwBQAG8AbgBnAFMAZQByAHYAZQByAAAA
D/edu.ucla.nesl.sigma.base.SigmaEngine(21932): AACFKmhzfwEAAAgAAAAIB4dyBQAAAA==
D/edu.ucla.nesl.sigma.base.SigmaEngine(21932): , objects=[URI{_interface=edu.ucla.nesl.sigma.samples.pingpong.IPingPongServer, className=edu.ucla.nesl.sigma.base.SigmaServiceB, offset=116, protocol=LOCAL, type=BINDER, uuid=22d1eace-1897-4048-9945-2e5112612e08}]}, flags=16}}
D/edu.ucla.nesl.sigma.base.SigmaEngine(21932): binder.transact() -- ping:true, interface:edu.ucla.nesl.sigma.samples.pingpong.IPingPongServer
D/edu.ucla.nesl.sigma.samples.pingpong.PingPongServer(22002): PONG Count = 5[10043,21932]
D/Parcel  (21932): Parcel
D/edu.ucla.nesl.sigma.base.SigmaEngine(21932): serveBinder uri: URI{_interface=edu.ucla.nesl.sigma.samples.pingpong.IPingPongServer, className=edu.ucla.nesl.sigma.base.SigmaServiceA, protocol=LOCAL, type=BINDER, uuid=8674c5ac-7839-42bb-b4f8-02a7658d0fa9}
D/edu.ucla.nesl.sigma.base.SigmaEngine(21972): SRequest{action=BINDER_TRANSACTION, self=URI{className=edu.ucla.nesl.sigma.base.SigmaServiceA, protocol=LOCAL, type=BASE}, target=URI{_interface=edu.ucla.nesl.sigma.samples.pingpong.IPingPongServer, className=edu.ucla.nesl.sigma.base.SigmaServiceB, protocol=LOCAL, type=BINDER, uuid=22d1eace-1897-4048-9945-2e5112612e08}, transaction_request=STransactionRequest{code=1, data=SParcel{bytes=BAMAADQAAABlAGQAdQAuAHUAYwBsAGEALgBuAGUAcwBsAC4AcwBpAGcAbQBhAC4AcwBhAG0AcABs
D/edu.ucla.nesl.sigma.base.SigmaEngine(21972): AGUAcwAuAHAAaQBuAGcAcABvAG4AZwAuAEkAUABpAG4AZwBQAG8AbgBnAFMAZQByAHYAZQByAAAA
D/edu.ucla.nesl.sigma.base.SigmaEngine(21972): AACFKmhzfwEAAAkAAAAIB4dyBAAAAA==
D/edu.ucla.nesl.sigma.base.SigmaEngine(21972): , objects=[URI{_interface=edu.ucla.nesl.sigma.samples.pingpong.IPingPongServer, className=edu.ucla.nesl.sigma.base.SigmaServiceA, offset=116, protocol=LOCAL, type=BINDER, uuid=8674c5ac-7839-42bb-b4f8-02a7658d0fa9}]}, flags=16}}
D/edu.ucla.nesl.sigma.base.SigmaEngine(21972): binder.transact() -- ping:true, interface:edu.ucla.nesl.sigma.samples.pingpong.IPingPongServer
D/edu.ucla.nesl.sigma.samples.pingpong.PingPongServer(22002): PING Count = 4[10043,21972]
D/Parcel  (21972): Parcel
D/edu.ucla.nesl.sigma.base.SigmaEngine(21972): serveBinder uri: URI{_interface=edu.ucla.nesl.sigma.samples.pingpong.IPingPongServer, className=edu.ucla.nesl.sigma.base.SigmaServiceB, protocol=LOCAL, type=BINDER, uuid=22d1eace-1897-4048-9945-2e5112612e08}
D/dalvikvm(21932): GC_CONCURRENT freed 382K, 5% free 8756K/9168K, paused 2ms+2ms, total 18ms
D/edu.ucla.nesl.sigma.base.SigmaEngine(21932): SRequest{action=BINDER_TRANSACTION, self=URI{className=edu.ucla.nesl.sigma.base.SigmaServiceB, protocol=LOCAL, type=BASE}, target=URI{_interface=edu.ucla.nesl.sigma.samples.pingpong.IPingPongServer, className=edu.ucla.nesl.sigma.base.SigmaServiceA, protocol=LOCAL, type=BINDER, uuid=8674c5ac-7839-42bb-b4f8-02a7658d0fa9}, transaction_request=STransactionRequest{code=2, data=SParcel{bytes=BAMAADQAAABlAGQAdQAuAHUAYwBsAGEALgBuAGUAcwBsAC4AcwBpAGcAbQBhAC4AcwBhAG0AcABs
D/edu.ucla.nesl.sigma.base.SigmaEngine(21932): AGUAcwAuAHAAaQBuAGcAcABvAG4AZwAuAEkAUABpAG4AZwBQAG8AbgBnAFMAZQByAHYAZQByAAAA
D/edu.ucla.nesl.sigma.base.SigmaEngine(21932): AACFKmhzfwEAAAgAAAAIB4dyAwAAAA==
D/edu.ucla.nesl.sigma.base.SigmaEngine(21932): , objects=[URI{_interface=edu.ucla.nesl.sigma.samples.pingpong.IPingPongServer, className=edu.ucla.nesl.sigma.base.SigmaServiceB, offset=116, protocol=LOCAL, type=BINDER, uuid=22d1eace-1897-4048-9945-2e5112612e08}]}, flags=16}}
D/edu.ucla.nesl.sigma.base.SigmaEngine(21932): binder.transact() -- ping:true, interface:edu.ucla.nesl.sigma.samples.pingpong.IPingPongServer
D/edu.ucla.nesl.sigma.samples.pingpong.PingPongServer(22002): PONG Count = 3[10043,21932]
D/Parcel  (21932): Parcel
D/edu.ucla.nesl.sigma.base.SigmaEngine(21932): serveBinder uri: URI{_interface=edu.ucla.nesl.sigma.samples.pingpong.IPingPongServer, className=edu.ucla.nesl.sigma.base.SigmaServiceA, protocol=LOCAL, type=BINDER, uuid=8674c5ac-7839-42bb-b4f8-02a7658d0fa9}
D/edu.ucla.nesl.sigma.base.SigmaEngine(21972): SRequest{action=BINDER_TRANSACTION, self=URI{className=edu.ucla.nesl.sigma.base.SigmaServiceA, protocol=LOCAL, type=BASE}, target=URI{_interface=edu.ucla.nesl.sigma.samples.pingpong.IPingPongServer, className=edu.ucla.nesl.sigma.base.SigmaServiceB, protocol=LOCAL, type=BINDER, uuid=22d1eace-1897-4048-9945-2e5112612e08}, transaction_request=STransactionRequest{code=1, data=SParcel{bytes=BAMAADQAAABlAGQAdQAuAHUAYwBsAGEALgBuAGUAcwBsAC4AcwBpAGcAbQBhAC4AcwBhAG0AcABs
D/edu.ucla.nesl.sigma.base.SigmaEngine(21972): AGUAcwAuAHAAaQBuAGcAcABvAG4AZwAuAEkAUABpAG4AZwBQAG8AbgBnAFMAZQByAHYAZQByAAAA
D/edu.ucla.nesl.sigma.base.SigmaEngine(21972): AACFKmhzfwEAAAkAAAAIB4dyAgAAAA==
D/edu.ucla.nesl.sigma.base.SigmaEngine(21972): , objects=[URI{_interface=edu.ucla.nesl.sigma.samples.pingpong.IPingPongServer, className=edu.ucla.nesl.sigma.base.SigmaServiceA, offset=116, protocol=LOCAL, type=BINDER, uuid=8674c5ac-7839-42bb-b4f8-02a7658d0fa9}]}, flags=16}}
D/edu.ucla.nesl.sigma.base.SigmaEngine(21972): binder.transact() -- ping:true, interface:edu.ucla.nesl.sigma.samples.pingpong.IPingPongServer
D/edu.ucla.nesl.sigma.samples.pingpong.PingPongServer(22002): PING Count = 2[10043,21972]
D/Parcel  (21972): Parcel
D/edu.ucla.nesl.sigma.base.SigmaEngine(21972): serveBinder uri: URI{_interface=edu.ucla.nesl.sigma.samples.pingpong.IPingPongServer, className=edu.ucla.nesl.sigma.base.SigmaServiceB, protocol=LOCAL, type=BINDER, uuid=22d1eace-1897-4048-9945-2e5112612e08}
D/edu.ucla.nesl.sigma.base.SigmaEngine(21932): SRequest{action=BINDER_TRANSACTION, self=URI{className=edu.ucla.nesl.sigma.base.SigmaServiceB, protocol=LOCAL, type=BASE}, target=URI{_interface=edu.ucla.nesl.sigma.samples.pingpong.IPingPongServer, className=edu.ucla.nesl.sigma.base.SigmaServiceA, protocol=LOCAL, type=BINDER, uuid=8674c5ac-7839-42bb-b4f8-02a7658d0fa9}, transaction_request=STransactionRequest{code=2, data=SParcel{bytes=BAMAADQAAABlAGQAdQAuAHUAYwBsAGEALgBuAGUAcwBsAC4AcwBpAGcAbQBhAC4AcwBhAG0AcABs
D/edu.ucla.nesl.sigma.base.SigmaEngine(21932): AGUAcwAuAHAAaQBuAGcAcABvAG4AZwAuAEkAUABpAG4AZwBQAG8AbgBnAFMAZQByAHYAZQByAAAA
D/edu.ucla.nesl.sigma.base.SigmaEngine(21932): AACFKmhzfwEAAAgAAAAIB4dyAQAAAA==
D/edu.ucla.nesl.sigma.base.SigmaEngine(21932): , objects=[URI{_interface=edu.ucla.nesl.sigma.samples.pingpong.IPingPongServer, className=edu.ucla.nesl.sigma.base.SigmaServiceB, offset=116, protocol=LOCAL, type=BINDER, uuid=22d1eace-1897-4048-9945-2e5112612e08}]}, flags=16}}
D/edu.ucla.nesl.sigma.base.SigmaEngine(21932): binder.transact() -- ping:true, interface:edu.ucla.nesl.sigma.samples.pingpong.IPingPongServer
D/edu.ucla.nesl.sigma.samples.pingpong.PingPongServer(22002): PONG Count = 1[10043,21932]
D/Parcel  (21932): Parcel
D/edu.ucla.nesl.sigma.base.SigmaEngine(21932): serveBinder uri: URI{_interface=edu.ucla.nesl.sigma.samples.pingpong.IPingPongServer, className=edu.ucla.nesl.sigma.base.SigmaServiceA, protocol=LOCAL, type=BINDER, uuid=8674c5ac-7839-42bb-b4f8-02a7658d0fa9}
D/edu.ucla.nesl.sigma.base.SigmaEngine(21972): SRequest{action=BINDER_TRANSACTION, self=URI{className=edu.ucla.nesl.sigma.base.SigmaServiceA, protocol=LOCAL, type=BASE}, target=URI{_interface=edu.ucla.nesl.sigma.samples.pingpong.IPingPongServer, className=edu.ucla.nesl.sigma.base.SigmaServiceB, protocol=LOCAL, type=BINDER, uuid=22d1eace-1897-4048-9945-2e5112612e08}, transaction_request=STransactionRequest{code=1, data=SParcel{bytes=BAMAADQAAABlAGQAdQAuAHUAYwBsAGEALgBuAGUAcwBsAC4AcwBpAGcAbQBhAC4AcwBhAG0AcABs
D/edu.ucla.nesl.sigma.base.SigmaEngine(21972): AGUAcwAuAHAAaQBuAGcAcABvAG4AZwAuAEkAUABpAG4AZwBQAG8AbgBnAFMAZQByAHYAZQByAAAA
D/edu.ucla.nesl.sigma.base.SigmaEngine(21972): AACFKmhzfwEAAAkAAAAIB4dyAAAAAA==
D/edu.ucla.nesl.sigma.base.SigmaEngine(21972): , objects=[URI{_interface=edu.ucla.nesl.sigma.samples.pingpong.IPingPongServer, className=edu.ucla.nesl.sigma.base.SigmaServiceA, offset=116, protocol=LOCAL, type=BINDER, uuid=8674c5ac-7839-42bb-b4f8-02a7658d0fa9}]}, flags=16}}
D/edu.ucla.nesl.sigma.base.SigmaEngine(21972): binder.transact() -- ping:true, interface:edu.ucla.nesl.sigma.samples.pingpong.IPingPongServer
D/edu.ucla.nesl.sigma.base.SigmaEngine(21972): SResponse{self=URI{className=edu.ucla.nesl.sigma.base.SigmaServiceB, protocol=LOCAL, type=BASE}, transaction_response=STransactionResponse{_return=true, reply=SParcel{bytes=AAAAAA==
D/edu.ucla.nesl.sigma.base.SigmaEngine(21972): , objects=[]}}, type=BINDER_TRANSACTION_RESPONSE}
D/edu.ucla.nesl.sigma.base.SigmaEngine(21932): SResponse{self=URI{className=edu.ucla.nesl.sigma.base.SigmaServiceA, protocol=LOCAL, type=BASE}, transaction_response=STransactionResponse{_return=true, reply=SParcel{bytes=AAAAAA==
D/edu.ucla.nesl.sigma.base.SigmaEngine(21932): , objects=[]}}, type=BINDER_TRANSACTION_RESPONSE}
D/edu.ucla.nesl.sigma.base.SigmaEngine(21972): SResponse{self=URI{className=edu.ucla.nesl.sigma.base.SigmaServiceB, protocol=LOCAL, type=BASE}, transaction_response=STransactionResponse{_return=true, reply=SParcel{bytes=AAAAAA==
D/edu.ucla.nesl.sigma.base.SigmaEngine(21972): , objects=[]}}, type=BINDER_TRANSACTION_RESPONSE}
D/edu.ucla.nesl.sigma.base.SigmaEngine(21932): SResponse{self=URI{className=edu.ucla.nesl.sigma.base.SigmaServiceA, protocol=LOCAL, type=BASE}, transaction_response=STransactionResponse{_return=true, reply=SParcel{bytes=AAAAAA==
D/edu.ucla.nesl.sigma.base.SigmaEngine(21932): , objects=[]}}, type=BINDER_TRANSACTION_RESPONSE}
D/edu.ucla.nesl.sigma.base.SigmaEngine(21972): SResponse{self=URI{className=edu.ucla.nesl.sigma.base.SigmaServiceB, protocol=LOCAL, type=BASE}, transaction_response=STransactionResponse{_return=true, reply=SParcel{bytes=AAAAAA==
D/edu.ucla.nesl.sigma.base.SigmaEngine(21972): , objects=[]}}, type=BINDER_TRANSACTION_RESPONSE}
D/edu.ucla.nesl.sigma.base.SigmaEngine(21932): SResponse{self=URI{className=edu.ucla.nesl.sigma.base.SigmaServiceA, protocol=LOCAL, type=BASE}, transaction_response=STransactionResponse{_return=true, reply=SParcel{bytes=AAAAAA==
D/edu.ucla.nesl.sigma.base.SigmaEngine(21932): , objects=[]}}, type=BINDER_TRANSACTION_RESPONSE}
D/dalvikvm(21972): GC_CONCURRENT freed 380K, 6% free 8755K/9260K, paused 3ms+2ms, total 16ms
D/edu.ucla.nesl.sigma.base.SigmaEngine(21972): SResponse{self=URI{className=edu.ucla.nesl.sigma.base.SigmaServiceB, protocol=LOCAL, type=BASE}, transaction_response=STransactionResponse{_return=true, reply=SParcel{bytes=AAAAAA==
D/edu.ucla.nesl.sigma.base.SigmaEngine(21972): , objects=[]}}, type=BINDER_TRANSACTION_RESPONSE}
D/edu.ucla.nesl.sigma.base.SigmaEngine(21932): SResponse{self=URI{className=edu.ucla.nesl.sigma.base.SigmaServiceA, protocol=LOCAL, type=BASE}, transaction_response=STransactionResponse{_return=true, reply=SParcel{bytes=AAAAAA==
D/edu.ucla.nesl.sigma.base.SigmaEngine(21932): , objects=[]}}, type=BINDER_TRANSACTION_RESPONSE}
D/edu.ucla.nesl.sigma.base.SigmaEngine(21972): SResponse{self=URI{className=edu.ucla.nesl.sigma.base.SigmaServiceB, protocol=LOCAL, type=BASE}, transaction_response=STransactionResponse{_return=true, reply=SParcel{bytes=AAAAAA==
D/edu.ucla.nesl.sigma.base.SigmaEngine(21972): , objects=[]}}, type=BINDER_TRANSACTION_RESPONSE}
D/edu.ucla.nesl.sigma.base.SigmaEngine(21932): SResponse{self=URI{className=edu.ucla.nesl.sigma.base.SigmaServiceA, protocol=LOCAL, type=BASE}, transaction_response=STransactionResponse{_return=true, reply=SParcel{bytes=AAAAAA==
D/edu.ucla.nesl.sigma.base.SigmaEngine(21932): , objects=[]}}, type=BINDER_TRANSACTION_RESPONSE}
D/edu.ucla.nesl.sigma.base.SigmaEngine(21972): SResponse{self=URI{className=edu.ucla.nesl.sigma.base.SigmaServiceB, protocol=LOCAL, type=BASE}, transaction_response=STransactionResponse{_return=true, reply=SParcel{bytes=AAAAAA==
D/edu.ucla.nesl.sigma.base.SigmaEngine(21972): , objects=[]}}, type=BINDER_TRANSACTION_RESPONSE}
D/edu.ucla.nesl.sigma.samples.TimeStats(21914): TIMERS:
D/edu.ucla.nesl.sigma.base.SigmaEngine(21972): SRequest{action=BINDER_DISCONNECTED, self=URI{className=edu.ucla.nesl.sigma.base.SigmaServiceA, protocol=LOCAL, type=BASE}, target=URI{_interface=edu.ucla.nesl.sigma.samples.pingpong.IPingPongServer, className=edu.ucla.nesl.sigma.base.SigmaServiceB, protocol=LOCAL, type=BINDER, uuid=22d1eace-1897-4048-9945-2e5112612e08}}
D/edu.ucla.nesl.sigma.base.SigmaEngine(21972): record.activeConnections.isEmpty() -- Discarding BinderRecordedu.ucla.nesl.sigma.samples.pingpong.IPingPongServer
D/edu.ucla.nesl.sigma.base.SigmaEngine(21972): SResponse{self=URI{className=edu.ucla.nesl.sigma.base.SigmaServiceB, protocol=LOCAL, type=BASE}, type=OK}
D/edu.ucla.nesl.sigma.base.SigmaEngine(21972): SRequest{action=BINDER_DISCONNECTED, self=URI{className=edu.ucla.nesl.sigma.base.SigmaServiceA, protocol=LOCAL, type=BASE}, target=URI{_interface=edu.ucla.nesl.sigma.api.ISigmaManager, className=edu.ucla.nesl.sigma.base.SigmaServiceB, protocol=LOCAL, type=BINDER, uuid=4d80d78a-feb0-476d-a96e-5c09b7d317a8}}
D/edu.ucla.nesl.sigma.base.SigmaEngine(21972): record.activeConnections.isEmpty() -- Discarding BinderRecordedu.ucla.nesl.sigma.api.ISigmaManager
D/edu.ucla.nesl.sigma.base.SigmaEngine(21972): SResponse{self=URI{className=edu.ucla.nesl.sigma.base.SigmaServiceB, protocol=LOCAL, type=BASE}, type=OK}
D/edu.ucla.nesl.sigma.base.SigmaEngine(21932): SRequest{action=BINDER_DISCONNECTED, self=URI{className=edu.ucla.nesl.sigma.base.SigmaServiceB, protocol=LOCAL, type=BASE}, target=URI{_interface=edu.ucla.nesl.sigma.samples.pingpong.IPingPongServer, className=edu.ucla.nesl.sigma.base.SigmaServiceA, protocol=LOCAL, type=BINDER, uuid=8674c5ac-7839-42bb-b4f8-02a7658d0fa9}}
D/edu.ucla.nesl.sigma.base.SigmaEngine(21932): record.activeConnections.isEmpty() -- Discarding BinderRecordedu.ucla.nesl.sigma.samples.pingpong.IPingPongServer
D/edu.ucla.nesl.sigma.base.SigmaEngine(21932): SResponse{self=URI{className=edu.ucla.nesl.sigma.base.SigmaServiceA, protocol=LOCAL, type=BASE}, type=OK}
D/dalvikvm(21914): GC_EXPLICIT freed 4K, 5% free 8899K/9280K, paused 2ms+2ms, total 20ms
D/edu.ucla.nesl.sigma.base.SigmaEngine(21932): onServiceConnected. interface:edu.ucla.nesl.sigma.samples.pingpong.IPingPongServer
D/edu.ucla.nesl.sigma.base.SigmaEngine(21972): SRequest{action=GET_SIGMA_MANAGER, self=URI{className=edu.ucla.nesl.sigma.base.SigmaServiceA, protocol=LOCAL, type=BASE}, target=URI{className=edu.ucla.nesl.sigma.base.SigmaServiceB, protocol=LOCAL, type=BASE}}
D/edu.ucla.nesl.sigma.base.SigmaEngine(21972): serveBinder uri: URI{_interface=edu.ucla.nesl.sigma.api.ISigmaManager, className=edu.ucla.nesl.sigma.base.SigmaServiceB, protocol=LOCAL, type=BINDER, uuid=c5a1424c-4251-43ca-a81a-718f7f443f2b}
D/edu.ucla.nesl.sigma.base.SigmaEngine(21972): SResponse{self=URI{className=edu.ucla.nesl.sigma.base.SigmaServiceB, protocol=LOCAL, type=BASE}, type=URI, uri=URI{_interface=edu.ucla.nesl.sigma.api.ISigmaManager, className=edu.ucla.nesl.sigma.base.SigmaServiceB, protocol=LOCAL, type=BINDER, uuid=c5a1424c-4251-43ca-a81a-718f7f443f2b}}
D/edu.ucla.nesl.sigma.base.SigmaEngine(21972): SRequest{action=BINDER_CONNECTED, self=URI{className=edu.ucla.nesl.sigma.base.SigmaServiceA, protocol=LOCAL, type=BASE}, target=URI{_interface=edu.ucla.nesl.sigma.api.ISigmaManager, className=edu.ucla.nesl.sigma.base.SigmaServiceB, protocol=LOCAL, type=BINDER, uuid=c5a1424c-4251-43ca-a81a-718f7f443f2b}}
D/edu.ucla.nesl.sigma.base.SigmaEngine(21972): SResponse{self=URI{className=edu.ucla.nesl.sigma.base.SigmaServiceB, protocol=LOCAL, type=BASE}, type=OK}
D/edu.ucla.nesl.sigma.base.SigmaEngine(21972): SRequest{action=BINDER_TRANSACTION, self=URI{className=edu.ucla.nesl.sigma.base.SigmaServiceA, protocol=LOCAL, type=BASE}, target=URI{_interface=edu.ucla.nesl.sigma.api.ISigmaManager, className=edu.ucla.nesl.sigma.base.SigmaServiceB, protocol=LOCAL, type=BINDER, uuid=c5a1424c-4251-43ca-a81a-718f7f443f2b}, transaction_request=STransactionRequest{code=4, data=SParcel{bytes=BAMAACUAAABlAGQAdQAuAHUAYwBsAGEALgBuAGUAcwBsAC4AcwBpAGcAbQBhAC4AYQBwAGkALgBJ
D/edu.ucla.nesl.sigma.base.SigmaEngine(21972): AFMAaQBnAG0AYQBNAGEAbgBhAGcAZQByAAAAAQAAADMAAABlAGQAdQAuAHUAYwBsAGEALgBuAGUA
D/edu.ucla.nesl.sigma.base.SigmaEngine(21972): cwBsAC4AcwBpAGcAbQBhAC4AcwBhAG0AcABsAGUAcwAuAHAAaQBuAGcAcABvAG4AZwAuAFAAaQBu
D/edu.ucla.nesl.sigma.base.SigmaEngine(21972): AGcAUABvAG4AZwBTAGUAcgB2AGUAcgAAAAAAAAD/////AAAAAP//////////AAAAAAAAAAAAAAAA
D/edu.ucla.nesl.sigma.base.SigmaEngine(21972): AAAAAP////8=
D/edu.ucla.nesl.sigma.base.SigmaEngine(21972): }, flags=16}}
D/edu.ucla.nesl.sigma.base.SigmaEngine(21972): binder.transact() -- ping:true, interface:edu.ucla.nesl.sigma.api.ISigmaManager
D/edu.ucla.nesl.sigma.base.SigmaEngine(21972): onServiceConnected. interface:edu.ucla.nesl.sigma.samples.pingpong.IPingPongServer
D/Parcel  (21972): Parcel
D/edu.ucla.nesl.sigma.base.SigmaEngine(21972): serveBinder uri: URI{_interface=edu.ucla.nesl.sigma.samples.pingpong.IPingPongServer, className=edu.ucla.nesl.sigma.base.SigmaServiceB, protocol=LOCAL, type=BINDER, uuid=c06489b5-62c0-41e0-81e5-b9a82fc6c1f9}
D/edu.ucla.nesl.sigma.base.SigmaEngine(21972): SResponse{self=URI{className=edu.ucla.nesl.sigma.base.SigmaServiceB, protocol=LOCAL, type=BASE}, transaction_response=STransactionResponse{_return=true, reply=SParcel{bytes=AAAAAIUqaHN/AQAACAAAAAAAAAA=
D/edu.ucla.nesl.sigma.base.SigmaEngine(21972): , objects=[URI{_interface=edu.ucla.nesl.sigma.samples.pingpong.IPingPongServer, className=edu.ucla.nesl.sigma.base.SigmaServiceB, offset=4, protocol=LOCAL, type=BINDER, uuid=c06489b5-62c0-41e0-81e5-b9a82fc6c1f9}]}}, type=BINDER_TRANSACTION_RESPONSE}
D/edu.ucla.nesl.sigma.base.SigmaEngine(21972): SRequest{action=BINDER_CONNECTED, self=URI{className=edu.ucla.nesl.sigma.base.SigmaServiceA, protocol=LOCAL, type=BASE}, target=URI{_interface=edu.ucla.nesl.sigma.samples.pingpong.IPingPongServer, className=edu.ucla.nesl.sigma.base.SigmaServiceB, protocol=LOCAL, type=BINDER, uuid=c06489b5-62c0-41e0-81e5-b9a82fc6c1f9}}
D/edu.ucla.nesl.sigma.base.SigmaEngine(21972): SResponse{self=URI{className=edu.ucla.nesl.sigma.base.SigmaServiceB, protocol=LOCAL, type=BASE}, type=OK}
D/edu.ucla.nesl.sigma.base.SigmaEngine(21972): SRequest{action=BINDER_TRANSACTION, self=URI{className=edu.ucla.nesl.sigma.base.SigmaServiceA, protocol=LOCAL, type=BASE}, target=URI{_interface=edu.ucla.nesl.sigma.samples.pingpong.IPingPongServer, className=edu.ucla.nesl.sigma.base.SigmaServiceB, protocol=LOCAL, type=BINDER, uuid=c06489b5-62c0-41e0-81e5-b9a82fc6c1f9}, transaction_request=STransactionRequest{code=4, data=SParcel{bytes=BAMAADQAAABlAGQAdQAuAHUAYwBsAGEALgBuAGUAcwBsAC4AcwBpAGcAbQBhAC4AcwBhAG0AcABs
D/edu.ucla.nesl.sigma.base.SigmaEngine(21972): AGUAcwAuAHAAaQBuAGcAcABvAG4AZwAuAEkAUABpAG4AZwBQAG8AbgBnAFMAZQByAHYAZQByAAAA
D/edu.ucla.nesl.sigma.base.SigmaEngine(21972): AAA=
D/edu.ucla.nesl.sigma.base.SigmaEngine(21972): }, flags=16}}
D/edu.ucla.nesl.sigma.base.SigmaEngine(21972): binder.transact() -- ping:true, interface:edu.ucla.nesl.sigma.samples.pingpong.IPingPongServer
D/edu.ucla.nesl.sigma.samples.pingpong.PingPongServer(22002): GET_RANDOM = -152527805
D/edu.ucla.nesl.sigma.base.SigmaEngine(21972): SResponse{self=URI{className=edu.ucla.nesl.sigma.base.SigmaServiceB, protocol=LOCAL, type=BASE}, transaction_response=STransactionResponse{_return=true, reply=SParcel{bytes=AAAAAEOc6PY=
D/edu.ucla.nesl.sigma.base.SigmaEngine(21972): , objects=[]}}, type=BINDER_TRANSACTION_RESPONSE}
D/edu.ucla.nesl.sigma.samples.pingpong.PingPongActivity(21914): GOT_RANDOM = -152527805
D/edu.ucla.nesl.sigma.base.SigmaEngine(21972): SRequest{action=BINDER_TRANSACTION, self=URI{className=edu.ucla.nesl.sigma.base.SigmaServiceA, protocol=LOCAL, type=BASE}, target=URI{_interface=edu.ucla.nesl.sigma.samples.pingpong.IPingPongServer, className=edu.ucla.nesl.sigma.base.SigmaServiceB, protocol=LOCAL, type=BINDER, uuid=c06489b5-62c0-41e0-81e5-b9a82fc6c1f9}, transaction_request=STransactionRequest{code=4, data=SParcel{bytes=BAMAADQAAABlAGQAdQAuAHUAYwBsAGEALgBuAGUAcwBsAC4AcwBpAGcAbQBhAC4AcwBhAG0AcABs
D/edu.ucla.nesl.sigma.base.SigmaEngine(21972): AGUAcwAuAHAAaQBuAGcAcABvAG4AZwAuAEkAUABpAG4AZwBQAG8AbgBnAFMAZQByAHYAZQByAAAA
D/edu.ucla.nesl.sigma.base.SigmaEngine(21972): AAA=
D/edu.ucla.nesl.sigma.base.SigmaEngine(21972): }, flags=16}}
D/edu.ucla.nesl.sigma.base.SigmaEngine(21972): binder.transact() -- ping:true, interface:edu.ucla.nesl.sigma.samples.pingpong.IPingPongServer
D/edu.ucla.nesl.sigma.samples.pingpong.PingPongServer(22002): GET_RANDOM = -1877116806
D/edu.ucla.nesl.sigma.base.SigmaEngine(21972): SResponse{self=URI{className=edu.ucla.nesl.sigma.base.SigmaServiceB, protocol=LOCAL, type=BASE}, transaction_response=STransactionResponse{_return=true, reply=SParcel{bytes=AAAAAHp4HZA=
D/edu.ucla.nesl.sigma.base.SigmaEngine(21972): , objects=[]}}, type=BINDER_TRANSACTION_RESPONSE}
D/edu.ucla.nesl.sigma.samples.pingpong.PingPongActivity(21914): GOT_RANDOM = -1877116806
D/edu.ucla.nesl.sigma.base.SigmaEngine(21972): SRequest{action=BINDER_TRANSACTION, self=URI{className=edu.ucla.nesl.sigma.base.SigmaServiceA, protocol=LOCAL, type=BASE}, target=URI{_interface=edu.ucla.nesl.sigma.samples.pingpong.IPingPongServer, className=edu.ucla.nesl.sigma.base.SigmaServiceB, protocol=LOCAL, type=BINDER, uuid=c06489b5-62c0-41e0-81e5-b9a82fc6c1f9}, transaction_request=STransactionRequest{code=4, data=SParcel{bytes=BAMAADQAAABlAGQAdQAuAHUAYwBsAGEALgBuAGUAcwBsAC4AcwBpAGcAbQBhAC4AcwBhAG0AcABs
D/edu.ucla.nesl.sigma.base.SigmaEngine(21972): AGUAcwAuAHAAaQBuAGcAcABvAG4AZwAuAEkAUABpAG4AZwBQAG8AbgBnAFMAZQByAHYAZQByAAAA
D/edu.ucla.nesl.sigma.base.SigmaEngine(21972): AAA=
D/edu.ucla.nesl.sigma.base.SigmaEngine(21972): }, flags=16}}
D/edu.ucla.nesl.sigma.base.SigmaEngine(21972): binder.transact() -- ping:true, interface:edu.ucla.nesl.sigma.samples.pingpong.IPingPongServer
D/edu.ucla.nesl.sigma.samples.pingpong.PingPongServer(22002): GET_RANDOM = 448784075
D/edu.ucla.nesl.sigma.base.SigmaEngine(21972): SResponse{self=URI{className=edu.ucla.nesl.sigma.base.SigmaServiceB, protocol=LOCAL, type=BASE}, transaction_response=STransactionResponse{_return=true, reply=SParcel{bytes=AAAAAMvmvxo=
D/edu.ucla.nesl.sigma.base.SigmaEngine(21972): , objects=[]}}, type=BINDER_TRANSACTION_RESPONSE}
D/edu.ucla.nesl.sigma.samples.pingpong.PingPongActivity(21914): GOT_RANDOM = 448784075
D/edu.ucla.nesl.sigma.base.SigmaEngine(21972): SRequest{action=BINDER_TRANSACTION, self=URI{className=edu.ucla.nesl.sigma.base.SigmaServiceA, protocol=LOCAL, type=BASE}, target=URI{_interface=edu.ucla.nesl.sigma.samples.pingpong.IPingPongServer, className=edu.ucla.nesl.sigma.base.SigmaServiceB, protocol=LOCAL, type=BINDER, uuid=c06489b5-62c0-41e0-81e5-b9a82fc6c1f9}, transaction_request=STransactionRequest{code=4, data=SParcel{bytes=BAMAADQAAABlAGQAdQAuAHUAYwBsAGEALgBuAGUAcwBsAC4AcwBpAGcAbQBhAC4AcwBhAG0AcABs
D/edu.ucla.nesl.sigma.base.SigmaEngine(21972): AGUAcwAuAHAAaQBuAGcAcABvAG4AZwAuAEkAUABpAG4AZwBQAG8AbgBnAFMAZQByAHYAZQByAAAA
D/edu.ucla.nesl.sigma.base.SigmaEngine(21972): AAA=
D/edu.ucla.nesl.sigma.base.SigmaEngine(21972): }, flags=16}}
D/edu.ucla.nesl.sigma.base.SigmaEngine(21972): binder.transact() -- ping:true, interface:edu.ucla.nesl.sigma.samples.pingpong.IPingPongServer
D/edu.ucla.nesl.sigma.samples.pingpong.PingPongServer(22002): GET_RANDOM = 1086124775
D/edu.ucla.nesl.sigma.base.SigmaEngine(21972): SResponse{self=URI{className=edu.ucla.nesl.sigma.base.SigmaServiceB, protocol=LOCAL, type=BASE}, transaction_response=STransactionResponse{_return=true, reply=SParcel{bytes=AAAAAOfyvEA=
D/edu.ucla.nesl.sigma.base.SigmaEngine(21972): , objects=[]}}, type=BINDER_TRANSACTION_RESPONSE}
D/edu.ucla.nesl.sigma.samples.pingpong.PingPongActivity(21914): GOT_RANDOM = 1086124775
D/edu.ucla.nesl.sigma.base.SigmaEngine(21972): SRequest{action=BINDER_TRANSACTION, self=URI{className=edu.ucla.nesl.sigma.base.SigmaServiceA, protocol=LOCAL, type=BASE}, target=URI{_interface=edu.ucla.nesl.sigma.samples.pingpong.IPingPongServer, className=edu.ucla.nesl.sigma.base.SigmaServiceB, protocol=LOCAL, type=BINDER, uuid=c06489b5-62c0-41e0-81e5-b9a82fc6c1f9}, transaction_request=STransactionRequest{code=4, data=SParcel{bytes=BAMAADQAAABlAGQAdQAuAHUAYwBsAGEALgBuAGUAcwBsAC4AcwBpAGcAbQBhAC4AcwBhAG0AcABs
D/edu.ucla.nesl.sigma.base.SigmaEngine(21972): AGUAcwAuAHAAaQBuAGcAcABvAG4AZwAuAEkAUABpAG4AZwBQAG8AbgBnAFMAZQByAHYAZQByAAAA
D/edu.ucla.nesl.sigma.base.SigmaEngine(21972): AAA=
D/edu.ucla.nesl.sigma.base.SigmaEngine(21972): }, flags=16}}
D/edu.ucla.nesl.sigma.base.SigmaEngine(21972): binder.transact() -- ping:true, interface:edu.ucla.nesl.sigma.samples.pingpong.IPingPongServer
D/edu.ucla.nesl.sigma.samples.pingpong.PingPongServer(22002): GET_RANDOM = -1609984092
D/edu.ucla.nesl.sigma.base.SigmaEngine(21972): SResponse{self=URI{className=edu.ucla.nesl.sigma.base.SigmaServiceB, protocol=LOCAL, type=BASE}, transaction_response=STransactionResponse{_return=true, reply=SParcel{bytes=AAAAAKSXCaA=
D/edu.ucla.nesl.sigma.base.SigmaEngine(21972): , objects=[]}}, type=BINDER_TRANSACTION_RESPONSE}
D/edu.ucla.nesl.sigma.samples.pingpong.PingPongActivity(21914): GOT_RANDOM = -1609984092
D/edu.ucla.nesl.sigma.base.SigmaEngine(21972): SRequest{action=BINDER_TRANSACTION, self=URI{className=edu.ucla.nesl.sigma.base.SigmaServiceA, protocol=LOCAL, type=BASE}, target=URI{_interface=edu.ucla.nesl.sigma.samples.pingpong.IPingPongServer, className=edu.ucla.nesl.sigma.base.SigmaServiceB, protocol=LOCAL, type=BINDER, uuid=c06489b5-62c0-41e0-81e5-b9a82fc6c1f9}, transaction_request=STransactionRequest{code=4, data=SParcel{bytes=BAMAADQAAABlAGQAdQAuAHUAYwBsAGEALgBuAGUAcwBsAC4AcwBpAGcAbQBhAC4AcwBhAG0AcABs
D/edu.ucla.nesl.sigma.base.SigmaEngine(21972): AGUAcwAuAHAAaQBuAGcAcABvAG4AZwAuAEkAUABpAG4AZwBQAG8AbgBnAFMAZQByAHYAZQByAAAA
D/edu.ucla.nesl.sigma.base.SigmaEngine(21972): AAA=
D/edu.ucla.nesl.sigma.base.SigmaEngine(21972): }, flags=16}}
D/edu.ucla.nesl.sigma.base.SigmaEngine(21972): binder.transact() -- ping:true, interface:edu.ucla.nesl.sigma.samples.pingpong.IPingPongServer
D/edu.ucla.nesl.sigma.samples.pingpong.PingPongServer(22002): GET_RANDOM = 1227951724
D/edu.ucla.nesl.sigma.base.SigmaEngine(21972): SResponse{self=URI{className=edu.ucla.nesl.sigma.base.SigmaServiceB, protocol=LOCAL, type=BASE}, transaction_response=STransactionResponse{_return=true, reply=SParcel{bytes=AAAAAGwOMUk=
D/edu.ucla.nesl.sigma.base.SigmaEngine(21972): , objects=[]}}, type=BINDER_TRANSACTION_RESPONSE}
D/edu.ucla.nesl.sigma.samples.pingpong.PingPongActivity(21914): GOT_RANDOM = 1227951724
D/edu.ucla.nesl.sigma.base.SigmaEngine(21972): SRequest{action=BINDER_TRANSACTION, self=URI{className=edu.ucla.nesl.sigma.base.SigmaServiceA, protocol=LOCAL, type=BASE}, target=URI{_interface=edu.ucla.nesl.sigma.samples.pingpong.IPingPongServer, className=edu.ucla.nesl.sigma.base.SigmaServiceB, protocol=LOCAL, type=BINDER, uuid=c06489b5-62c0-41e0-81e5-b9a82fc6c1f9}, transaction_request=STransactionRequest{code=4, data=SParcel{bytes=BAMAADQAAABlAGQAdQAuAHUAYwBsAGEALgBuAGUAcwBsAC4AcwBpAGcAbQBhAC4AcwBhAG0AcABs
D/edu.ucla.nesl.sigma.base.SigmaEngine(21972): AGUAcwAuAHAAaQBuAGcAcABvAG4AZwAuAEkAUABpAG4AZwBQAG8AbgBnAFMAZQByAHYAZQByAAAA
D/edu.ucla.nesl.sigma.base.SigmaEngine(21972): AAA=
D/edu.ucla.nesl.sigma.base.SigmaEngine(21972): }, flags=16}}
D/edu.ucla.nesl.sigma.base.SigmaEngine(21972): binder.transact() -- ping:true, interface:edu.ucla.nesl.sigma.samples.pingpong.IPingPongServer
D/edu.ucla.nesl.sigma.samples.pingpong.PingPongServer(22002): GET_RANDOM = 1764356251
D/edu.ucla.nesl.sigma.base.SigmaEngine(21972): SResponse{self=URI{className=edu.ucla.nesl.sigma.base.SigmaServiceB, protocol=LOCAL, type=BASE}, transaction_response=STransactionResponse{_return=true, reply=SParcel{bytes=AAAAAJvwKWk=
D/edu.ucla.nesl.sigma.base.SigmaEngine(21972): , objects=[]}}, type=BINDER_TRANSACTION_RESPONSE}
D/edu.ucla.nesl.sigma.samples.pingpong.PingPongActivity(21914): GOT_RANDOM = 1764356251
D/edu.ucla.nesl.sigma.base.SigmaEngine(21972): SRequest{action=BINDER_TRANSACTION, self=URI{className=edu.ucla.nesl.sigma.base.SigmaServiceA, protocol=LOCAL, type=BASE}, target=URI{_interface=edu.ucla.nesl.sigma.samples.pingpong.IPingPongServer, className=edu.ucla.nesl.sigma.base.SigmaServiceB, protocol=LOCAL, type=BINDER, uuid=c06489b5-62c0-41e0-81e5-b9a82fc6c1f9}, transaction_request=STransactionRequest{code=4, data=SParcel{bytes=BAMAADQAAABlAGQAdQAuAHUAYwBsAGEALgBuAGUAcwBsAC4AcwBpAGcAbQBhAC4AcwBhAG0AcABs
D/edu.ucla.nesl.sigma.base.SigmaEngine(21972): AGUAcwAuAHAAaQBuAGcAcABvAG4AZwAuAEkAUABpAG4AZwBQAG8AbgBnAFMAZQByAHYAZQByAAAA
D/edu.ucla.nesl.sigma.base.SigmaEngine(21972): AAA=
D/edu.ucla.nesl.sigma.base.SigmaEngine(21972): }, flags=16}}
D/edu.ucla.nesl.sigma.base.SigmaEngine(21972): binder.transact() -- ping:true, interface:edu.ucla.nesl.sigma.samples.pingpong.IPingPongServer
D/edu.ucla.nesl.sigma.samples.pingpong.PingPongServer(22002): GET_RANDOM = 64111306
D/edu.ucla.nesl.sigma.base.SigmaEngine(21972): SResponse{self=URI{className=edu.ucla.nesl.sigma.base.SigmaServiceB, protocol=LOCAL, type=BASE}, transaction_response=STransactionResponse{_return=true, reply=SParcel{bytes=AAAAAMpC0gM=
D/edu.ucla.nesl.sigma.base.SigmaEngine(21972): , objects=[]}}, type=BINDER_TRANSACTION_RESPONSE}
D/edu.ucla.nesl.sigma.samples.pingpong.PingPongActivity(21914): GOT_RANDOM = 64111306
